[1.922s] Invoking command in '/home/sungbhin/AutoSDV_HPC/build/debug_pkg': PYTHONPATH=/home/sungbhin/AutoSDV_HPC/build/debug_pkg/prefix_override:/usr/lib/python3/dist-packages/colcon_core/task/python/colcon_distutils_commands:/home/sungbhin/AutoSDV_HPC/install/debug_pkg/lib/python3.10/site-packages:${PYTHONPATH} /usr/bin/python3 -W ignore:setup.py install is deprecated -W ignore:easy_install command is deprecated setup.py develop --editable --build-directory /home/sungbhin/AutoSDV_HPC/build/debug_pkg/build --no-deps symlink_data
[2.264s] running develop
[2.479s] running egg_info
[2.480s] creating debug_pkg.egg-info
[2.480s] writing debug_pkg.egg-info/PKG-INFO
[2.480s] writing dependency_links to debug_pkg.egg-info/dependency_links.txt
[2.480s] writing entry points to debug_pkg.egg-info/entry_points.txt
[2.480s] writing requirements to debug_pkg.egg-info/requires.txt
[2.480s] writing top-level names to debug_pkg.egg-info/top_level.txt
[2.480s] writing manifest file 'debug_pkg.egg-info/SOURCES.txt'
[2.482s] reading manifest file 'debug_pkg.egg-info/SOURCES.txt'
[2.483s] writing manifest file 'debug_pkg.egg-info/SOURCES.txt'
[2.485s] running build_ext
[2.485s] Creating /home/sungbhin/AutoSDV_HPC/install/debug_pkg/lib/python3.10/site-packages/debug-pkg.egg-link (link to .)
[2.486s] Installing image_saver_node script to /home/sungbhin/AutoSDV_HPC/install/debug_pkg/lib/debug_pkg
[2.486s] Installing path_visualizer_node script to /home/sungbhin/AutoSDV_HPC/install/debug_pkg/lib/debug_pkg
[2.486s] Installing yolov8_visualizer_node script to /home/sungbhin/AutoSDV_HPC/install/debug_pkg/lib/debug_pkg
[2.486s] 
[2.486s] Installed /home/sungbhin/AutoSDV_HPC/build/debug_pkg
[2.486s] running symlink_data
[2.487s] creating /home/sungbhin/AutoSDV_HPC/install/debug_pkg/share/ament_index
[2.487s] creating /home/sungbhin/AutoSDV_HPC/install/debug_pkg/share/ament_index/resource_index
[2.487s] creating /home/sungbhin/AutoSDV_HPC/install/debug_pkg/share/ament_index/resource_index/packages
[2.487s] symbolically linking /home/sungbhin/AutoSDV_HPC/build/debug_pkg/resource/debug_pkg -> /home/sungbhin/AutoSDV_HPC/install/debug_pkg/share/ament_index/resource_index/packages
[2.487s] symbolically linking /home/sungbhin/AutoSDV_HPC/build/debug_pkg/package.xml -> /home/sungbhin/AutoSDV_HPC/install/debug_pkg/share/debug_pkg
[2.537s] Invoked command in '/home/sungbhin/AutoSDV_HPC/build/debug_pkg' returned '0': PYTHONPATH=/home/sungbhin/AutoSDV_HPC/build/debug_pkg/prefix_override:/usr/lib/python3/dist-packages/colcon_core/task/python/colcon_distutils_commands:/home/sungbhin/AutoSDV_HPC/install/debug_pkg/lib/python3.10/site-packages:${PYTHONPATH} /usr/bin/python3 -W ignore:setup.py install is deprecated -W ignore:easy_install command is deprecated setup.py develop --editable --build-directory /home/sungbhin/AutoSDV_HPC/build/debug_pkg/build --no-deps symlink_data
