[0.873s] Invoking command in '/home/sungbhin/AutoSDV_HPC/build/launch_pkg': CMAKE_PREFIX_PATH=${CMAKE_PREFIX_PATH}:/home/sungbhin/AutoSDV_HPC/install/serial_communication_pkg:/home/sungbhin/AutoSDV_HPC/install/ota_update_manager:/home/sungbhin/AutoSDV_HPC/install/lidar_perception_pkg:/home/sungbhin/AutoSDV_HPC/install/data_collection_pkg:/home/sungbhin/AutoSDV_HPC/install/decision_making_pkg:/home/sungbhin/AutoSDV_HPC/install/debug_pkg:/home/sungbhin/AutoSDV_HPC/install/camera_perception_pkg:/opt/ros/humble /usr/local/bin/cmake --build /home/sungbhin/AutoSDV_HPC/build/launch_pkg -- -j16 -l16
[1.121s] Invoked command in '/home/sungbhin/AutoSDV_HPC/build/launch_pkg' returned '0': CMAKE_PREFIX_PATH=${CMAKE_PREFIX_PATH}:/home/sungbhin/AutoSDV_HPC/install/serial_communication_pkg:/home/sungbhin/AutoSDV_HPC/install/ota_update_manager:/home/sungbhin/AutoSDV_HPC/install/lidar_perception_pkg:/home/sungbhin/AutoSDV_HPC/install/data_collection_pkg:/home/sungbhin/AutoSDV_HPC/install/decision_making_pkg:/home/sungbhin/AutoSDV_HPC/install/debug_pkg:/home/sungbhin/AutoSDV_HPC/install/camera_perception_pkg:/opt/ros/humble /usr/local/bin/cmake --build /home/sungbhin/AutoSDV_HPC/build/launch_pkg -- -j16 -l16
[1.123s] Invoking command in '/home/sungbhin/AutoSDV_HPC/build/launch_pkg': CMAKE_PREFIX_PATH=${CMAKE_PREFIX_PATH}:/home/sungbhin/AutoSDV_HPC/install/serial_communication_pkg:/home/sungbhin/AutoSDV_HPC/install/ota_update_manager:/home/sungbhin/AutoSDV_HPC/install/lidar_perception_pkg:/home/sungbhin/AutoSDV_HPC/install/data_collection_pkg:/home/sungbhin/AutoSDV_HPC/install/decision_making_pkg:/home/sungbhin/AutoSDV_HPC/install/debug_pkg:/home/sungbhin/AutoSDV_HPC/install/camera_perception_pkg:/opt/ros/humble /usr/local/bin/cmake --install /home/sungbhin/AutoSDV_HPC/build/launch_pkg
[1.372s] -- Install configuration: ""
[1.374s] -- Execute custom install script
[1.374s] -- Up-to-date symlink: /home/sungbhin/AutoSDV_HPC/install/launch_pkg/share/launch_pkg//launch/main.launch.py
[1.375s] -- Up-to-date symlink: /home/sungbhin/AutoSDV_HPC/install/launch_pkg/share/ament_index/resource_index/package_run_dependencies/launch_pkg
[1.375s] -- Up-to-date symlink: /home/sungbhin/AutoSDV_HPC/install/launch_pkg/share/ament_index/resource_index/parent_prefix_path/launch_pkg
[1.375s] -- Up-to-date symlink: /home/sungbhin/AutoSDV_HPC/install/launch_pkg/share/launch_pkg/environment/ament_prefix_path.sh
[1.376s] -- Up-to-date symlink: /home/sungbhin/AutoSDV_HPC/install/launch_pkg/share/launch_pkg/environment/ament_prefix_path.dsv
[1.376s] -- Up-to-date symlink: /home/sungbhin/AutoSDV_HPC/install/launch_pkg/share/launch_pkg/environment/path.sh
[1.378s] -- Up-to-date symlink: /home/sungbhin/AutoSDV_HPC/install/launch_pkg/share/launch_pkg/environment/path.dsv
[1.378s] -- Up-to-date symlink: /home/sungbhin/AutoSDV_HPC/install/launch_pkg/share/launch_pkg/local_setup.bash
[1.378s] -- Up-to-date symlink: /home/sungbhin/AutoSDV_HPC/install/launch_pkg/share/launch_pkg/local_setup.sh
[1.379s] -- Up-to-date symlink: /home/sungbhin/AutoSDV_HPC/install/launch_pkg/share/launch_pkg/local_setup.zsh
[1.379s] -- Up-to-date symlink: /home/sungbhin/AutoSDV_HPC/install/launch_pkg/share/launch_pkg/local_setup.dsv
[1.380s] -- Symlinking: /home/sungbhin/AutoSDV_HPC/install/launch_pkg/share/launch_pkg/package.dsv
[1.380s] -- Up-to-date symlink: /home/sungbhin/AutoSDV_HPC/install/launch_pkg/share/ament_index/resource_index/packages/launch_pkg
[1.380s] -- Up-to-date symlink: /home/sungbhin/AutoSDV_HPC/install/launch_pkg/share/launch_pkg/cmake/launch_pkgConfig.cmake
[1.380s] -- Up-to-date symlink: /home/sungbhin/AutoSDV_HPC/install/launch_pkg/share/launch_pkg/cmake/launch_pkgConfig-version.cmake
[1.381s] -- Up-to-date symlink: /home/sungbhin/AutoSDV_HPC/install/launch_pkg/share/launch_pkg/package.xml
[1.447s] Invoked command in '/home/sungbhin/AutoSDV_HPC/build/launch_pkg' returned '0': CMAKE_PREFIX_PATH=${CMAKE_PREFIX_PATH}:/home/sungbhin/AutoSDV_HPC/install/serial_communication_pkg:/home/sungbhin/AutoSDV_HPC/install/ota_update_manager:/home/sungbhin/AutoSDV_HPC/install/lidar_perception_pkg:/home/sungbhin/AutoSDV_HPC/install/data_collection_pkg:/home/sungbhin/AutoSDV_HPC/install/decision_making_pkg:/home/sungbhin/AutoSDV_HPC/install/debug_pkg:/home/sungbhin/AutoSDV_HPC/install/camera_perception_pkg:/opt/ros/humble /usr/local/bin/cmake --install /home/sungbhin/AutoSDV_HPC/build/launch_pkg
