[0.500s] Invoking command in '/home/autolab/AutoSDV_HPC/build/launch_pkg': CMAKE_PREFIX_PATH=${CMAKE_PREFIX_PATH}:/opt/ros/humble:/home/autolab/AutoSDV_HPC/install/serial_communication_pkg:/home/autolab/AutoSDV_HPC/install/ota_update_manager:/home/autolab/AutoSDV_HPC/install/lidar_perception_pkg:/home/autolab/AutoSDV_HPC/install/data_collection_pkg:/home/autolab/AutoSDV_HPC/install/decision_making_pkg:/home/autolab/AutoSDV_HPC/install/debug_pkg:/home/autolab/AutoSDV_HPC/install/camera_perception_pkg /usr/bin/cmake /home/autolab/AutoSDV_HPC/src/launch_pkg -DAMENT_CMAKE_SYMLINK_INSTALL=1 -DCMAKE_INSTALL_PREFIX=/home/autolab/AutoSDV_HPC/install/launch_pkg
[0.627s] -- Found ament_cmake: 1.3.12 (/opt/ros/humble/share/ament_cmake/cmake)
[0.627s] -- Found Python3: /usr/bin/python3 (found version "3.10.12") found components: Interpreter 
[0.634s] -- Override CMake install command with custom implementation using symlinks instead of copying resources
[0.649s] -- Found ament_lint_auto: 0.12.14 (/opt/ros/humble/share/ament_lint_auto/cmake)
[0.691s] -- Added test 'flake8' to check Python code syntax and style conventions
[0.691s] -- Added test 'lint_cmake' to check CMake code style
[0.691s] -- Added test 'pep257' to check Python code against some of the docstring style conventions in PEP 257
[0.692s] -- Added test 'xmllint' to check XML markup files
[0.693s] -- Configuring done
[0.694s] -- Generating done
[0.695s] -- Build files have been written to: /home/autolab/AutoSDV_HPC/build/launch_pkg
[0.755s] Invoked command in '/home/autolab/AutoSDV_HPC/build/launch_pkg' returned '0': CMAKE_PREFIX_PATH=${CMAKE_PREFIX_PATH}:/opt/ros/humble:/home/autolab/AutoSDV_HPC/install/serial_communication_pkg:/home/autolab/AutoSDV_HPC/install/ota_update_manager:/home/autolab/AutoSDV_HPC/install/lidar_perception_pkg:/home/autolab/AutoSDV_HPC/install/data_collection_pkg:/home/autolab/AutoSDV_HPC/install/decision_making_pkg:/home/autolab/AutoSDV_HPC/install/debug_pkg:/home/autolab/AutoSDV_HPC/install/camera_perception_pkg /usr/bin/cmake /home/autolab/AutoSDV_HPC/src/launch_pkg -DAMENT_CMAKE_SYMLINK_INSTALL=1 -DCMAKE_INSTALL_PREFIX=/home/autolab/AutoSDV_HPC/install/launch_pkg
[0.756s] Invoking command in '/home/autolab/AutoSDV_HPC/build/launch_pkg': CMAKE_PREFIX_PATH=${CMAKE_PREFIX_PATH}:/opt/ros/humble:/home/autolab/AutoSDV_HPC/install/serial_communication_pkg:/home/autolab/AutoSDV_HPC/install/ota_update_manager:/home/autolab/AutoSDV_HPC/install/lidar_perception_pkg:/home/autolab/AutoSDV_HPC/install/data_collection_pkg:/home/autolab/AutoSDV_HPC/install/decision_making_pkg:/home/autolab/AutoSDV_HPC/install/debug_pkg:/home/autolab/AutoSDV_HPC/install/camera_perception_pkg /usr/bin/cmake --build /home/autolab/AutoSDV_HPC/build/launch_pkg -- -j32 -l32
[0.785s] Invoked command in '/home/autolab/AutoSDV_HPC/build/launch_pkg' returned '0': CMAKE_PREFIX_PATH=${CMAKE_PREFIX_PATH}:/opt/ros/humble:/home/autolab/AutoSDV_HPC/install/serial_communication_pkg:/home/autolab/AutoSDV_HPC/install/ota_update_manager:/home/autolab/AutoSDV_HPC/install/lidar_perception_pkg:/home/autolab/AutoSDV_HPC/install/data_collection_pkg:/home/autolab/AutoSDV_HPC/install/decision_making_pkg:/home/autolab/AutoSDV_HPC/install/debug_pkg:/home/autolab/AutoSDV_HPC/install/camera_perception_pkg /usr/bin/cmake --build /home/autolab/AutoSDV_HPC/build/launch_pkg -- -j32 -l32
[0.791s] Invoking command in '/home/autolab/AutoSDV_HPC/build/launch_pkg': CMAKE_PREFIX_PATH=${CMAKE_PREFIX_PATH}:/opt/ros/humble:/home/autolab/AutoSDV_HPC/install/serial_communication_pkg:/home/autolab/AutoSDV_HPC/install/ota_update_manager:/home/autolab/AutoSDV_HPC/install/lidar_perception_pkg:/home/autolab/AutoSDV_HPC/install/data_collection_pkg:/home/autolab/AutoSDV_HPC/install/decision_making_pkg:/home/autolab/AutoSDV_HPC/install/debug_pkg:/home/autolab/AutoSDV_HPC/install/camera_perception_pkg /usr/bin/cmake --install /home/autolab/AutoSDV_HPC/build/launch_pkg
[0.796s] -- Install configuration: ""
[0.796s] -- Execute custom install script
[0.797s] -- Symlinking: /home/autolab/AutoSDV_HPC/install/launch_pkg/share/launch_pkg//launch/main.launch.py
[0.803s] -- Symlinking: /home/autolab/AutoSDV_HPC/install/launch_pkg/share/ament_index/resource_index/package_run_dependencies/launch_pkg
[0.808s] -- Symlinking: /home/autolab/AutoSDV_HPC/install/launch_pkg/share/ament_index/resource_index/parent_prefix_path/launch_pkg
[0.815s] -- Symlinking: /home/autolab/AutoSDV_HPC/install/launch_pkg/share/launch_pkg/environment/ament_prefix_path.sh
[0.822s] -- Symlinking: /home/autolab/AutoSDV_HPC/install/launch_pkg/share/launch_pkg/environment/ament_prefix_path.dsv
[0.828s] -- Symlinking: /home/autolab/AutoSDV_HPC/install/launch_pkg/share/launch_pkg/environment/path.sh
[0.833s] -- Symlinking: /home/autolab/AutoSDV_HPC/install/launch_pkg/share/launch_pkg/environment/path.dsv
[0.839s] -- Symlinking: /home/autolab/AutoSDV_HPC/install/launch_pkg/share/launch_pkg/local_setup.bash
[0.845s] -- Symlinking: /home/autolab/AutoSDV_HPC/install/launch_pkg/share/launch_pkg/local_setup.sh
[0.850s] -- Symlinking: /home/autolab/AutoSDV_HPC/install/launch_pkg/share/launch_pkg/local_setup.zsh
[0.856s] -- Symlinking: /home/autolab/AutoSDV_HPC/install/launch_pkg/share/launch_pkg/local_setup.dsv
[0.861s] -- Symlinking: /home/autolab/AutoSDV_HPC/install/launch_pkg/share/launch_pkg/package.dsv
[0.867s] -- Symlinking: /home/autolab/AutoSDV_HPC/install/launch_pkg/share/ament_index/resource_index/packages/launch_pkg
[0.872s] -- Symlinking: /home/autolab/AutoSDV_HPC/install/launch_pkg/share/launch_pkg/cmake/launch_pkgConfig.cmake
[0.878s] -- Symlinking: /home/autolab/AutoSDV_HPC/install/launch_pkg/share/launch_pkg/cmake/launch_pkgConfig-version.cmake
[0.885s] -- Symlinking: /home/autolab/AutoSDV_HPC/install/launch_pkg/share/launch_pkg/package.xml
[0.894s] Invoked command in '/home/autolab/AutoSDV_HPC/build/launch_pkg' returned '0': CMAKE_PREFIX_PATH=${CMAKE_PREFIX_PATH}:/opt/ros/humble:/home/autolab/AutoSDV_HPC/install/serial_communication_pkg:/home/autolab/AutoSDV_HPC/install/ota_update_manager:/home/autolab/AutoSDV_HPC/install/lidar_perception_pkg:/home/autolab/AutoSDV_HPC/install/data_collection_pkg:/home/autolab/AutoSDV_HPC/install/decision_making_pkg:/home/autolab/AutoSDV_HPC/install/debug_pkg:/home/autolab/AutoSDV_HPC/install/camera_perception_pkg /usr/bin/cmake --install /home/autolab/AutoSDV_HPC/build/launch_pkg
