[0.954s] Invoking command in '/home/autolab/AutoSDV_HPC/build/decision_making_pkg': PYTHONPATH=/home/autolab/AutoSDV_HPC/build/decision_making_pkg/prefix_override:/usr/lib/python3/dist-packages/colcon_core/task/python/colcon_distutils_commands:/home/autolab/AutoSDV_HPC/install/decision_making_pkg/lib/python3.10/site-packages:${PYTHONPATH} /usr/bin/python3 -W ignore:setup.py install is deprecated -W ignore:easy_install command is deprecated setup.py develop --editable --build-directory /home/autolab/AutoSDV_HPC/build/decision_making_pkg/build --no-deps symlink_data
[1.103s] running develop
[1.195s] running egg_info
[1.195s] creating decision_making_pkg.egg-info
[1.196s] writing decision_making_pkg.egg-info/PKG-INFO
[1.196s] writing dependency_links to decision_making_pkg.egg-info/dependency_links.txt
[1.196s] writing entry points to decision_making_pkg.egg-info/entry_points.txt
[1.196s] writing requirements to decision_making_pkg.egg-info/requires.txt
[1.196s] writing top-level names to decision_making_pkg.egg-info/top_level.txt
[1.196s] writing manifest file 'decision_making_pkg.egg-info/SOURCES.txt'
[1.197s] reading manifest file 'decision_making_pkg.egg-info/SOURCES.txt'
[1.197s] writing manifest file 'decision_making_pkg.egg-info/SOURCES.txt'
[1.198s] running build_ext
[1.198s] Creating /home/autolab/AutoSDV_HPC/install/decision_making_pkg/lib/python3.10/site-packages/decision-making-pkg.egg-link (link to .)
[1.199s] Installing motion_planner_node script to /home/autolab/AutoSDV_HPC/install/decision_making_pkg/lib/decision_making_pkg
[1.199s] Installing path_planner_node script to /home/autolab/AutoSDV_HPC/install/decision_making_pkg/lib/decision_making_pkg
[1.199s] 
[1.199s] Installed /home/autolab/AutoSDV_HPC/build/decision_making_pkg
[1.199s] running symlink_data
[1.199s] creating /home/autolab/AutoSDV_HPC/install/decision_making_pkg/share/ament_index
[1.199s] creating /home/autolab/AutoSDV_HPC/install/decision_making_pkg/share/ament_index/resource_index
[1.199s] creating /home/autolab/AutoSDV_HPC/install/decision_making_pkg/share/ament_index/resource_index/packages
[1.199s] symbolically linking /home/autolab/AutoSDV_HPC/build/decision_making_pkg/resource/decision_making_pkg -> /home/autolab/AutoSDV_HPC/install/decision_making_pkg/share/ament_index/resource_index/packages
[1.199s] symbolically linking /home/autolab/AutoSDV_HPC/build/decision_making_pkg/package.xml -> /home/autolab/AutoSDV_HPC/install/decision_making_pkg/share/decision_making_pkg
[1.236s] Invoked command in '/home/autolab/AutoSDV_HPC/build/decision_making_pkg' returned '0': PYTHONPATH=/home/autolab/AutoSDV_HPC/build/decision_making_pkg/prefix_override:/usr/lib/python3/dist-packages/colcon_core/task/python/colcon_distutils_commands:/home/autolab/AutoSDV_HPC/install/decision_making_pkg/lib/python3.10/site-packages:${PYTHONPATH} /usr/bin/python3 -W ignore:setup.py install is deprecated -W ignore:easy_install command is deprecated setup.py develop --editable --build-directory /home/autolab/AutoSDV_HPC/build/decision_making_pkg/build --no-deps symlink_data
