[0.954s] Invoking command in '/home/autolab/AutoSDV_HPC/build/lidar_perception_pkg': PYTHONPATH=/home/autolab/AutoSDV_HPC/build/lidar_perception_pkg/prefix_override:/usr/lib/python3/dist-packages/colcon_core/task/python/colcon_distutils_commands:/home/autolab/AutoSDV_HPC/install/lidar_perception_pkg/lib/python3.10/site-packages:${PYTHONPATH} /usr/bin/python3 -W ignore:setup.py install is deprecated -W ignore:easy_install command is deprecated setup.py develop --editable --build-directory /home/autolab/AutoSDV_HPC/build/lidar_perception_pkg/build --no-deps symlink_data
[1.099s] running develop
[1.185s] running egg_info
[1.185s] creating lidar_perception_pkg.egg-info
[1.185s] writing lidar_perception_pkg.egg-info/PKG-INFO
[1.185s] writing dependency_links to lidar_perception_pkg.egg-info/dependency_links.txt
[1.185s] writing entry points to lidar_perception_pkg.egg-info/entry_points.txt
[1.186s] writing requirements to lidar_perception_pkg.egg-info/requires.txt
[1.186s] writing top-level names to lidar_perception_pkg.egg-info/top_level.txt
[1.186s] writing manifest file 'lidar_perception_pkg.egg-info/SOURCES.txt'
[1.187s] reading manifest file 'lidar_perception_pkg.egg-info/SOURCES.txt'
[1.187s] writing manifest file 'lidar_perception_pkg.egg-info/SOURCES.txt'
[1.188s] running build_ext
[1.188s] Creating /home/autolab/AutoSDV_HPC/install/lidar_perception_pkg/lib/python3.10/site-packages/lidar-perception-pkg.egg-link (link to .)
[1.189s] Installing lidar_obstacle_detector_node script to /home/autolab/AutoSDV_HPC/install/lidar_perception_pkg/lib/lidar_perception_pkg
[1.190s] Installing lidar_processor_node script to /home/autolab/AutoSDV_HPC/install/lidar_perception_pkg/lib/lidar_perception_pkg
[1.190s] Installing lidar_publisher_node script to /home/autolab/AutoSDV_HPC/install/lidar_perception_pkg/lib/lidar_perception_pkg
[1.190s] 
[1.190s] Installed /home/autolab/AutoSDV_HPC/build/lidar_perception_pkg
[1.190s] running symlink_data
[1.190s] creating /home/autolab/AutoSDV_HPC/install/lidar_perception_pkg/share/ament_index
[1.190s] creating /home/autolab/AutoSDV_HPC/install/lidar_perception_pkg/share/ament_index/resource_index
[1.190s] creating /home/autolab/AutoSDV_HPC/install/lidar_perception_pkg/share/ament_index/resource_index/packages
[1.190s] symbolically linking /home/autolab/AutoSDV_HPC/build/lidar_perception_pkg/resource/lidar_perception_pkg -> /home/autolab/AutoSDV_HPC/install/lidar_perception_pkg/share/ament_index/resource_index/packages
[1.190s] symbolically linking /home/autolab/AutoSDV_HPC/build/lidar_perception_pkg/package.xml -> /home/autolab/AutoSDV_HPC/install/lidar_perception_pkg/share/lidar_perception_pkg
[1.220s] Invoked command in '/home/autolab/AutoSDV_HPC/build/lidar_perception_pkg' returned '0': PYTHONPATH=/home/autolab/AutoSDV_HPC/build/lidar_perception_pkg/prefix_override:/usr/lib/python3/dist-packages/colcon_core/task/python/colcon_distutils_commands:/home/autolab/AutoSDV_HPC/install/lidar_perception_pkg/lib/python3.10/site-packages:${PYTHONPATH} /usr/bin/python3 -W ignore:setup.py install is deprecated -W ignore:easy_install command is deprecated setup.py develop --editable --build-directory /home/autolab/AutoSDV_HPC/build/lidar_perception_pkg/build --no-deps symlink_data
