[1.950s] Invoking command in '/home/sungbhin/AutoSDV_HPC/build/lidar_perception_pkg': PYTHONPATH=/home/sungbhin/AutoSDV_HPC/build/lidar_perception_pkg/prefix_override:/usr/lib/python3/dist-packages/colcon_core/task/python/colcon_distutils_commands:/home/sungbhin/AutoSDV_HPC/install/lidar_perception_pkg/lib/python3.10/site-packages:${PYTHONPATH} /usr/bin/python3 -W ignore:setup.py install is deprecated -W ignore:easy_install command is deprecated setup.py develop --editable --build-directory /home/sungbhin/AutoSDV_HPC/build/lidar_perception_pkg/build --no-deps symlink_data
[2.284s] running develop
[2.498s] running egg_info
[2.498s] creating lidar_perception_pkg.egg-info
[2.498s] writing lidar_perception_pkg.egg-info/PKG-INFO
[2.498s] writing dependency_links to lidar_perception_pkg.egg-info/dependency_links.txt
[2.498s] writing entry points to lidar_perception_pkg.egg-info/entry_points.txt
[2.498s] writing requirements to lidar_perception_pkg.egg-info/requires.txt
[2.498s] writing top-level names to lidar_perception_pkg.egg-info/top_level.txt
[2.499s] writing manifest file 'lidar_perception_pkg.egg-info/SOURCES.txt'
[2.501s] reading manifest file 'lidar_perception_pkg.egg-info/SOURCES.txt'
[2.502s] writing manifest file 'lidar_perception_pkg.egg-info/SOURCES.txt'
[2.503s] running build_ext
[2.503s] Creating /home/sungbhin/AutoSDV_HPC/install/lidar_perception_pkg/lib/python3.10/site-packages/lidar-perception-pkg.egg-link (link to .)
[2.504s] Installing lidar_obstacle_detector_node script to /home/sungbhin/AutoSDV_HPC/install/lidar_perception_pkg/lib/lidar_perception_pkg
[2.504s] Installing lidar_processor_node script to /home/sungbhin/AutoSDV_HPC/install/lidar_perception_pkg/lib/lidar_perception_pkg
[2.505s] Installing lidar_publisher_node script to /home/sungbhin/AutoSDV_HPC/install/lidar_perception_pkg/lib/lidar_perception_pkg
[2.505s] 
[2.505s] Installed /home/sungbhin/AutoSDV_HPC/build/lidar_perception_pkg
[2.505s] running symlink_data
[2.505s] creating /home/sungbhin/AutoSDV_HPC/install/lidar_perception_pkg/share/ament_index
[2.505s] creating /home/sungbhin/AutoSDV_HPC/install/lidar_perception_pkg/share/ament_index/resource_index
[2.505s] creating /home/sungbhin/AutoSDV_HPC/install/lidar_perception_pkg/share/ament_index/resource_index/packages
[2.505s] symbolically linking /home/sungbhin/AutoSDV_HPC/build/lidar_perception_pkg/resource/lidar_perception_pkg -> /home/sungbhin/AutoSDV_HPC/install/lidar_perception_pkg/share/ament_index/resource_index/packages
[2.505s] symbolically linking /home/sungbhin/AutoSDV_HPC/build/lidar_perception_pkg/package.xml -> /home/sungbhin/AutoSDV_HPC/install/lidar_perception_pkg/share/lidar_perception_pkg
[2.567s] Invoked command in '/home/sungbhin/AutoSDV_HPC/build/lidar_perception_pkg' returned '0': PYTHONPATH=/home/sungbhin/AutoSDV_HPC/build/lidar_perception_pkg/prefix_override:/usr/lib/python3/dist-packages/colcon_core/task/python/colcon_distutils_commands:/home/sungbhin/AutoSDV_HPC/install/lidar_perception_pkg/lib/python3.10/site-packages:${PYTHONPATH} /usr/bin/python3 -W ignore:setup.py install is deprecated -W ignore:easy_install command is deprecated setup.py develop --editable --build-directory /home/sungbhin/AutoSDV_HPC/build/lidar_perception_pkg/build --no-deps symlink_data
