[0.311s] Invoking command in '/home/autolab/AutoSDV_HPC/build/camera_perception_pkg': PYTHONPATH=/home/autolab/AutoSDV_HPC/build/camera_perception_pkg/prefix_override:/usr/lib/python3/dist-packages/colcon_core/task/python/colcon_distutils_commands:/home/autolab/AutoSDV_HPC/install/camera_perception_pkg/lib/python3.10/site-packages:${PYTHONPATH} /usr/bin/python3 -W ignore:setup.py install is deprecated -W ignore:easy_install command is deprecated setup.py develop --editable --build-directory /home/autolab/AutoSDV_HPC/build/camera_perception_pkg/build --no-deps symlink_data
[0.443s] running develop
[0.523s] running egg_info
[0.524s] writing camera_perception_pkg.egg-info/PKG-INFO
[0.524s] writing dependency_links to camera_perception_pkg.egg-info/dependency_links.txt
[0.524s] writing entry points to camera_perception_pkg.egg-info/entry_points.txt
[0.524s] writing requirements to camera_perception_pkg.egg-info/requires.txt
[0.524s] writing top-level names to camera_perception_pkg.egg-info/top_level.txt
[0.525s] reading manifest file 'camera_perception_pkg.egg-info/SOURCES.txt'
[0.526s] writing manifest file 'camera_perception_pkg.egg-info/SOURCES.txt'
[0.526s] running build_ext
[0.526s] Creating /home/autolab/AutoSDV_HPC/install/camera_perception_pkg/lib/python3.10/site-packages/camera-perception-pkg.egg-link (link to .)
[0.527s] Installing ethernet_image_publisher_node script to /home/autolab/AutoSDV_HPC/install/camera_perception_pkg/lib/camera_perception_pkg
[0.527s] Installing image_publisher_node script to /home/autolab/AutoSDV_HPC/install/camera_perception_pkg/lib/camera_perception_pkg
[0.527s] Installing lane_info_extractor_node script to /home/autolab/AutoSDV_HPC/install/camera_perception_pkg/lib/camera_perception_pkg
[0.527s] Installing traffic_light_detector_node script to /home/autolab/AutoSDV_HPC/install/camera_perception_pkg/lib/camera_perception_pkg
[0.527s] Installing yolov8_node script to /home/autolab/AutoSDV_HPC/install/camera_perception_pkg/lib/camera_perception_pkg
[0.527s] 
[0.527s] Installed /home/autolab/AutoSDV_HPC/build/camera_perception_pkg
[0.527s] running symlink_data
[0.542s] Invoked command in '/home/autolab/AutoSDV_HPC/build/camera_perception_pkg' returned '0': PYTHONPATH=/home/autolab/AutoSDV_HPC/build/camera_perception_pkg/prefix_override:/usr/lib/python3/dist-packages/colcon_core/task/python/colcon_distutils_commands:/home/autolab/AutoSDV_HPC/install/camera_perception_pkg/lib/python3.10/site-packages:${PYTHONPATH} /usr/bin/python3 -W ignore:setup.py install is deprecated -W ignore:easy_install command is deprecated setup.py develop --editable --build-directory /home/autolab/AutoSDV_HPC/build/camera_perception_pkg/build --no-deps symlink_data
