[0.606s] Invoking command in '/home/sungbhin/AutoSDV_HPC/build/data_collection_pkg': CMAKE_PREFIX_PATH=/home/sungbhin/AutoSDV_HPC/install/interfaces_pkg:/home/sungbhin/AutoSDV_HPC/install/launch_pkg PYTHONPATH=/home/sungbhin/AutoSDV_HPC/build/data_collection_pkg/prefix_override:/usr/lib/python3/dist-packages/colcon_core/task/python/colcon_distutils_commands:/home/sungbhin/AutoSDV_HPC/install/data_collection_pkg/lib/python3.10/site-packages:${PYTHONPATH} /usr/bin/python3 -W ignore:setup.py install is deprecated -W ignore:easy_install command is deprecated setup.py develop --editable --build-directory /home/sungbhin/AutoSDV_HPC/build/data_collection_pkg/build --no-deps symlink_data
[0.871s] running develop
[1.033s] running egg_info
[1.033s] creating data_collection_pkg.egg-info
[1.033s] writing data_collection_pkg.egg-info/PKG-INFO
[1.033s] writing dependency_links to data_collection_pkg.egg-info/dependency_links.txt
[1.033s] writing entry points to data_collection_pkg.egg-info/entry_points.txt
[1.033s] writing requirements to data_collection_pkg.egg-info/requires.txt
[1.033s] writing top-level names to data_collection_pkg.egg-info/top_level.txt
[1.034s] writing manifest file 'data_collection_pkg.egg-info/SOURCES.txt'
[1.036s] reading manifest file 'data_collection_pkg.egg-info/SOURCES.txt'
[1.036s] writing manifest file 'data_collection_pkg.egg-info/SOURCES.txt'
[1.038s] running build_ext
[1.038s] Creating /home/sungbhin/AutoSDV_HPC/install/data_collection_pkg/lib/python3.10/site-packages/data-collection-pkg.egg-link (link to .)
[1.039s] Installing data_collection_node script to /home/sungbhin/AutoSDV_HPC/install/data_collection_pkg/lib/data_collection_pkg
[1.039s] Installing drive_node script to /home/sungbhin/AutoSDV_HPC/install/data_collection_pkg/lib/data_collection_pkg
[1.039s] 
[1.039s] Installed /home/sungbhin/AutoSDV_HPC/build/data_collection_pkg
[1.039s] running symlink_data
[1.039s] creating /home/sungbhin/AutoSDV_HPC/install/data_collection_pkg/share/ament_index
[1.039s] creating /home/sungbhin/AutoSDV_HPC/install/data_collection_pkg/share/ament_index/resource_index
[1.040s] creating /home/sungbhin/AutoSDV_HPC/install/data_collection_pkg/share/ament_index/resource_index/packages
[1.040s] symbolically linking /home/sungbhin/AutoSDV_HPC/build/data_collection_pkg/resource/data_collection_pkg -> /home/sungbhin/AutoSDV_HPC/install/data_collection_pkg/share/ament_index/resource_index/packages
[1.040s] symbolically linking /home/sungbhin/AutoSDV_HPC/build/data_collection_pkg/package.xml -> /home/sungbhin/AutoSDV_HPC/install/data_collection_pkg/share/data_collection_pkg
[1.040s] symbolically linking /home/sungbhin/AutoSDV_HPC/build/data_collection_pkg/data_collection_pkg/data_collection_func_lib.cpython-310.pyc -> /home/sungbhin/AutoSDV_HPC/install/data_collection_pkg/lib/data_collection_pkg
[1.080s] Invoked command in '/home/sungbhin/AutoSDV_HPC/build/data_collection_pkg' returned '0': CMAKE_PREFIX_PATH=/home/sungbhin/AutoSDV_HPC/install/interfaces_pkg:/home/sungbhin/AutoSDV_HPC/install/launch_pkg PYTHONPATH=/home/sungbhin/AutoSDV_HPC/build/data_collection_pkg/prefix_override:/usr/lib/python3/dist-packages/colcon_core/task/python/colcon_distutils_commands:/home/sungbhin/AutoSDV_HPC/install/data_collection_pkg/lib/python3.10/site-packages:${PYTHONPATH} /usr/bin/python3 -W ignore:setup.py install is deprecated -W ignore:easy_install command is deprecated setup.py develop --editable --build-directory /home/sungbhin/AutoSDV_HPC/build/data_collection_pkg/build --no-deps symlink_data
