[0.413s] Invoking command in '/home/autolab/AutoSDV_HPC/build/launch_pkg': CMAKE_PREFIX_PATH=${CMAKE_PREFIX_PATH}:/home/autolab/AutoSDV_HPC/install/serial_communication_pkg:/home/autolab/AutoSDV_HPC/install/ota_update_manager:/home/autolab/AutoSDV_HPC/install/lidar_perception_pkg:/home/autolab/AutoSDV_HPC/install/data_collection_pkg:/home/autolab/AutoSDV_HPC/install/decision_making_pkg:/home/autolab/AutoSDV_HPC/install/debug_pkg:/home/autolab/AutoSDV_HPC/install/camera_perception_pkg /usr/bin/cmake /home/autolab/AutoSDV_HPC/src/launch_pkg -DAMENT_CMAKE_SYMLINK_INSTALL=1 -DCMAKE_INSTALL_PREFIX=/home/autolab/AutoSDV_HPC/install/launch_pkg
[0.546s] -- The C compiler identification is GNU 11.4.0
[0.547s] -- The CXX compiler identification is GNU 11.4.0
[0.547s] -- Detecting C compiler ABI info
[0.551s] -- Detecting C compiler ABI info - done
[0.555s] -- Check for working C compiler: /usr/bin/cc - skipped
[0.555s] -- Detecting C compile features
[0.555s] -- Detecting C compile features - done
[0.557s] -- Detecting CXX compiler ABI info
[0.603s] -- Detecting CXX compiler ABI info - done
[0.607s] -- Check for working CXX compiler: /usr/bin/c++ - skipped
[0.607s] -- Detecting CXX compile features
[0.607s] -- Detecting CXX compile features - done
[0.613s] [31mCMake Error at CMakeLists.txt:9 (find_package):
[0.613s]   By not providing "Findament_cmake.cmake" in CMAKE_MODULE_PATH this project
[0.613s]   has asked CMake to find a package configuration file provided by
[0.613s]   "ament_cmake", but CMake did not find one.
[0.613s] 
[0.613s]   Could not find a package configuration file provided by "ament_cmake" with
[0.613s]   any of the following names:
[0.613s] 
[0.613s]     ament_cmakeConfig.cmake
[0.613s]     ament_cmake-config.cmake
[0.613s] 
[0.613s]   Add the installation prefix of "ament_cmake" to CMAKE_PREFIX_PATH or set
[0.613s]   "ament_cmake_DIR" to a directory containing one of the above files.  If
[0.613s]   "ament_cmake" provides a separate development package or SDK, be sure it
[0.613s]   has been installed.
[0.613s] 
[0.613s] [0m
[0.613s] -- Configuring incomplete, errors occurred!
[0.613s] See also "/home/autolab/AutoSDV_HPC/build/launch_pkg/CMakeFiles/CMakeOutput.log".
[0.647s] Invoked command in '/home/autolab/AutoSDV_HPC/build/launch_pkg' returned '1': CMAKE_PREFIX_PATH=${CMAKE_PREFIX_PATH}:/home/autolab/AutoSDV_HPC/install/serial_communication_pkg:/home/autolab/AutoSDV_HPC/install/ota_update_manager:/home/autolab/AutoSDV_HPC/install/lidar_perception_pkg:/home/autolab/AutoSDV_HPC/install/data_collection_pkg:/home/autolab/AutoSDV_HPC/install/decision_making_pkg:/home/autolab/AutoSDV_HPC/install/debug_pkg:/home/autolab/AutoSDV_HPC/install/camera_perception_pkg /usr/bin/cmake /home/autolab/AutoSDV_HPC/src/launch_pkg -DAMENT_CMAKE_SYMLINK_INSTALL=1 -DCMAKE_INSTALL_PREFIX=/home/autolab/AutoSDV_HPC/install/launch_pkg
