[0.041s] Invoking command in '/home/sungbhin/AutoSDV_HPC/build/interfaces_pkg': CMAKE_PREFIX_PATH=${CMAKE_PREFIX_PATH}:/home/sungbhin/AutoSDV_HPC/install/serial_communication_pkg:/home/sungbhin/AutoSDV_HPC/install/ota_update_manager:/home/sungbhin/AutoSDV_HPC/install/lidar_perception_pkg:/home/sungbhin/AutoSDV_HPC/install/data_collection_pkg:/home/sungbhin/AutoSDV_HPC/install/decision_making_pkg:/home/sungbhin/AutoSDV_HPC/install/debug_pkg:/home/sungbhin/AutoSDV_HPC/install/camera_perception_pkg:/opt/ros/humble /usr/local/bin/cmake --build /home/sungbhin/AutoSDV_HPC/build/interfaces_pkg -- -j16 -l16
[1.133s] [  0%] Built target interfaces_pkg__cpp
[1.134s] [  0%] Built target ament_cmake_python_symlink_interfaces_pkg
[1.134s] [ 12%] Built target interfaces_pkg__rosidl_generator_c
[1.134s] [ 38%] Built target interfaces_pkg__rosidl_typesupport_cpp
[1.135s] [ 38%] Built target interfaces_pkg__rosidl_typesupport_introspection_cpp
[1.136s] [ 48%] Built target interfaces_pkg__rosidl_typesupport_fastrtps_cpp
[1.136s] [ 60%] Built target interfaces_pkg__rosidl_typesupport_c
[1.136s] [ 72%] Built target interfaces_pkg__rosidl_typesupport_introspection_c
[1.136s] [ 84%] Built target interfaces_pkg__rosidl_typesupport_fastrtps_c
[1.136s] [ 84%] Built target interfaces_pkg
[1.136s] [ 85%] Built target interfaces_pkg__py
[1.137s] [ 96%] Built target interfaces_pkg__rosidl_generator_py
[1.137s] [100%] Built target interfaces_pkg__rosidl_typesupport_c__pyext
[1.137s] [100%] Built target interfaces_pkg__rosidl_typesupport_fastrtps_c__pyext
[1.137s] [100%] Built target interfaces_pkg__rosidl_typesupport_introspection_c__pyext
[1.137s] running egg_info
[1.138s] writing interfaces_pkg.egg-info/PKG-INFO
[1.138s] writing dependency_links to interfaces_pkg.egg-info/dependency_links.txt
[1.138s] writing top-level names to interfaces_pkg.egg-info/top_level.txt
[1.138s] reading manifest file 'interfaces_pkg.egg-info/SOURCES.txt'
[1.138s] writing manifest file 'interfaces_pkg.egg-info/SOURCES.txt'
[1.138s] [100%] Built target ament_cmake_python_build_interfaces_pkg_egg
[1.147s] Invoked command in '/home/sungbhin/AutoSDV_HPC/build/interfaces_pkg' returned '0': CMAKE_PREFIX_PATH=${CMAKE_PREFIX_PATH}:/home/sungbhin/AutoSDV_HPC/install/serial_communication_pkg:/home/sungbhin/AutoSDV_HPC/install/ota_update_manager:/home/sungbhin/AutoSDV_HPC/install/lidar_perception_pkg:/home/sungbhin/AutoSDV_HPC/install/data_collection_pkg:/home/sungbhin/AutoSDV_HPC/install/decision_making_pkg:/home/sungbhin/AutoSDV_HPC/install/debug_pkg:/home/sungbhin/AutoSDV_HPC/install/camera_perception_pkg:/opt/ros/humble /usr/local/bin/cmake --build /home/sungbhin/AutoSDV_HPC/build/interfaces_pkg -- -j16 -l16
[1.149s] Invoking command in '/home/sungbhin/AutoSDV_HPC/build/interfaces_pkg': CMAKE_PREFIX_PATH=${CMAKE_PREFIX_PATH}:/home/sungbhin/AutoSDV_HPC/install/serial_communication_pkg:/home/sungbhin/AutoSDV_HPC/install/ota_update_manager:/home/sungbhin/AutoSDV_HPC/install/lidar_perception_pkg:/home/sungbhin/AutoSDV_HPC/install/data_collection_pkg:/home/sungbhin/AutoSDV_HPC/install/decision_making_pkg:/home/sungbhin/AutoSDV_HPC/install/debug_pkg:/home/sungbhin/AutoSDV_HPC/install/camera_perception_pkg:/opt/ros/humble /usr/local/bin/cmake --install /home/sungbhin/AutoSDV_HPC/build/interfaces_pkg
[1.405s] -- Install configuration: ""
[1.406s] -- Execute custom install script
[1.406s] -- Up-to-date symlink: /home/sungbhin/AutoSDV_HPC/install/interfaces_pkg/share/ament_index/resource_index/rosidl_interfaces/interfaces_pkg
[1.407s] -- Up-to-date symlink: /home/sungbhin/AutoSDV_HPC/install/interfaces_pkg/include/interfaces_pkg/interfaces_pkg/msg/bounding_box2_d.h
[1.408s] -- Up-to-date symlink: /home/sungbhin/AutoSDV_HPC/install/interfaces_pkg/include/interfaces_pkg/interfaces_pkg/msg/bounding_box3_d.h
[1.408s] -- Up-to-date symlink: /home/sungbhin/AutoSDV_HPC/install/interfaces_pkg/include/interfaces_pkg/interfaces_pkg/msg/detail/bounding_box2_d__functions.h
[1.408s] -- Up-to-date symlink: /home/sungbhin/AutoSDV_HPC/install/interfaces_pkg/include/interfaces_pkg/interfaces_pkg/msg/detail/bounding_box2_d__struct.h
[1.409s] -- Up-to-date symlink: /home/sungbhin/AutoSDV_HPC/install/interfaces_pkg/include/interfaces_pkg/interfaces_pkg/msg/detail/bounding_box2_d__type_support.h
[1.409s] -- Up-to-date symlink: /home/sungbhin/AutoSDV_HPC/install/interfaces_pkg/include/interfaces_pkg/interfaces_pkg/msg/detail/bounding_box3_d__functions.h
[1.410s] -- Up-to-date symlink: /home/sungbhin/AutoSDV_HPC/install/interfaces_pkg/include/interfaces_pkg/interfaces_pkg/msg/detail/bounding_box3_d__struct.h
[1.410s] -- Up-to-date symlink: /home/sungbhin/AutoSDV_HPC/install/interfaces_pkg/include/interfaces_pkg/interfaces_pkg/msg/detail/bounding_box3_d__type_support.h
[1.410s] -- Up-to-date symlink: /home/sungbhin/AutoSDV_HPC/install/interfaces_pkg/include/interfaces_pkg/interfaces_pkg/msg/detail/detection__functions.h
[1.410s] -- Up-to-date symlink: /home/sungbhin/AutoSDV_HPC/install/interfaces_pkg/include/interfaces_pkg/interfaces_pkg/msg/detail/detection__struct.h
[1.410s] -- Up-to-date symlink: /home/sungbhin/AutoSDV_HPC/install/interfaces_pkg/include/interfaces_pkg/interfaces_pkg/msg/detail/detection__type_support.h
[1.410s] -- Up-to-date symlink: /home/sungbhin/AutoSDV_HPC/install/interfaces_pkg/include/interfaces_pkg/interfaces_pkg/msg/detail/detection_array__functions.h
[1.410s] -- Up-to-date symlink: /home/sungbhin/AutoSDV_HPC/install/interfaces_pkg/include/interfaces_pkg/interfaces_pkg/msg/detail/detection_array__struct.h
[1.410s] -- Up-to-date symlink: /home/sungbhin/AutoSDV_HPC/install/interfaces_pkg/include/interfaces_pkg/interfaces_pkg/msg/detail/detection_array__type_support.h
[1.411s] -- Up-to-date symlink: /home/sungbhin/AutoSDV_HPC/install/interfaces_pkg/include/interfaces_pkg/interfaces_pkg/msg/detail/key_point2_d__functions.h
[1.411s] -- Up-to-date symlink: /home/sungbhin/AutoSDV_HPC/install/interfaces_pkg/include/interfaces_pkg/interfaces_pkg/msg/detail/key_point2_d__struct.h
[1.411s] -- Up-to-date symlink: /home/sungbhin/AutoSDV_HPC/install/interfaces_pkg/include/interfaces_pkg/interfaces_pkg/msg/detail/key_point2_d__type_support.h
[1.411s] -- Up-to-date symlink: /home/sungbhin/AutoSDV_HPC/install/interfaces_pkg/include/interfaces_pkg/interfaces_pkg/msg/detail/key_point2_d_array__functions.h
[1.411s] -- Up-to-date symlink: /home/sungbhin/AutoSDV_HPC/install/interfaces_pkg/include/interfaces_pkg/interfaces_pkg/msg/detail/key_point2_d_array__struct.h
[1.411s] -- Up-to-date symlink: /home/sungbhin/AutoSDV_HPC/install/interfaces_pkg/include/interfaces_pkg/interfaces_pkg/msg/detail/key_point2_d_array__type_support.h
[1.412s] -- Up-to-date symlink: /home/sungbhin/AutoSDV_HPC/install/interfaces_pkg/include/interfaces_pkg/interfaces_pkg/msg/detail/key_point3_d__functions.h
[1.412s] -- Up-to-date symlink: /home/sungbhin/AutoSDV_HPC/install/interfaces_pkg/include/interfaces_pkg/interfaces_pkg/msg/detail/key_point3_d__struct.h
[1.412s] -- Up-to-date symlink: /home/sungbhin/AutoSDV_HPC/install/interfaces_pkg/include/interfaces_pkg/interfaces_pkg/msg/detail/key_point3_d__type_support.h
[1.413s] -- Up-to-date symlink: /home/sungbhin/AutoSDV_HPC/install/interfaces_pkg/include/interfaces_pkg/interfaces_pkg/msg/detail/key_point3_d_array__functions.h
[1.413s] -- Up-to-date symlink: /home/sungbhin/AutoSDV_HPC/install/interfaces_pkg/include/interfaces_pkg/interfaces_pkg/msg/detail/key_point3_d_array__struct.h
[1.414s] -- Up-to-date symlink: /home/sungbhin/AutoSDV_HPC/install/interfaces_pkg/include/interfaces_pkg/interfaces_pkg/msg/detail/key_point3_d_array__type_support.h
[1.414s] -- Up-to-date symlink: /home/sungbhin/AutoSDV_HPC/install/interfaces_pkg/include/interfaces_pkg/interfaces_pkg/msg/detail/lane_info__functions.h
[1.415s] -- Up-to-date symlink: /home/sungbhin/AutoSDV_HPC/install/interfaces_pkg/include/interfaces_pkg/interfaces_pkg/msg/detail/lane_info__struct.h
[1.415s] -- Up-to-date symlink: /home/sungbhin/AutoSDV_HPC/install/interfaces_pkg/include/interfaces_pkg/interfaces_pkg/msg/detail/lane_info__type_support.h
[1.415s] -- Up-to-date symlink: /home/sungbhin/AutoSDV_HPC/install/interfaces_pkg/include/interfaces_pkg/interfaces_pkg/msg/detail/mask__functions.h
[1.415s] -- Up-to-date symlink: /home/sungbhin/AutoSDV_HPC/install/interfaces_pkg/include/interfaces_pkg/interfaces_pkg/msg/detail/mask__struct.h
[1.416s] -- Up-to-date symlink: /home/sungbhin/AutoSDV_HPC/install/interfaces_pkg/include/interfaces_pkg/interfaces_pkg/msg/detail/mask__type_support.h
[1.416s] -- Up-to-date symlink: /home/sungbhin/AutoSDV_HPC/install/interfaces_pkg/include/interfaces_pkg/interfaces_pkg/msg/detail/motion_command__functions.h
[1.417s] -- Up-to-date symlink: /home/sungbhin/AutoSDV_HPC/install/interfaces_pkg/include/interfaces_pkg/interfaces_pkg/msg/detail/motion_command__struct.h
[1.417s] -- Up-to-date symlink: /home/sungbhin/AutoSDV_HPC/install/interfaces_pkg/include/interfaces_pkg/interfaces_pkg/msg/detail/motion_command__type_support.h
[1.417s] -- Up-to-date symlink: /home/sungbhin/AutoSDV_HPC/install/interfaces_pkg/include/interfaces_pkg/interfaces_pkg/msg/detail/path_planning_result__functions.h
[1.417s] -- Up-to-date symlink: /home/sungbhin/AutoSDV_HPC/install/interfaces_pkg/include/interfaces_pkg/interfaces_pkg/msg/detail/path_planning_result__struct.h
[1.418s] -- Up-to-date symlink: /home/sungbhin/AutoSDV_HPC/install/interfaces_pkg/include/interfaces_pkg/interfaces_pkg/msg/detail/path_planning_result__type_support.h
[1.418s] -- Up-to-date symlink: /home/sungbhin/AutoSDV_HPC/install/interfaces_pkg/include/interfaces_pkg/interfaces_pkg/msg/detail/point2_d__functions.h
[1.418s] -- Up-to-date symlink: /home/sungbhin/AutoSDV_HPC/install/interfaces_pkg/include/interfaces_pkg/interfaces_pkg/msg/detail/point2_d__struct.h
[1.418s] -- Up-to-date symlink: /home/sungbhin/AutoSDV_HPC/install/interfaces_pkg/include/interfaces_pkg/interfaces_pkg/msg/detail/point2_d__type_support.h
[1.418s] -- Up-to-date symlink: /home/sungbhin/AutoSDV_HPC/install/interfaces_pkg/include/interfaces_pkg/interfaces_pkg/msg/detail/pose2_d__functions.h
[1.419s] -- Up-to-date symlink: /home/sungbhin/AutoSDV_HPC/install/interfaces_pkg/include/interfaces_pkg/interfaces_pkg/msg/detail/pose2_d__struct.h
[1.419s] -- Up-to-date symlink: /home/sungbhin/AutoSDV_HPC/install/interfaces_pkg/include/interfaces_pkg/interfaces_pkg/msg/detail/pose2_d__type_support.h
[1.419s] -- Up-to-date symlink: /home/sungbhin/AutoSDV_HPC/install/interfaces_pkg/include/interfaces_pkg/interfaces_pkg/msg/detail/target_point__functions.h
[1.420s] -- Up-to-date symlink: /home/sungbhin/AutoSDV_HPC/install/interfaces_pkg/include/interfaces_pkg/interfaces_pkg/msg/detail/target_point__struct.h
[1.420s] -- Up-to-date symlink: /home/sungbhin/AutoSDV_HPC/install/interfaces_pkg/include/interfaces_pkg/interfaces_pkg/msg/detail/target_point__type_support.h
[1.421s] -- Up-to-date symlink: /home/sungbhin/AutoSDV_HPC/install/interfaces_pkg/include/interfaces_pkg/interfaces_pkg/msg/detail/vector2__functions.h
[1.421s] -- Up-to-date symlink: /home/sungbhin/AutoSDV_HPC/install/interfaces_pkg/include/interfaces_pkg/interfaces_pkg/msg/detail/vector2__struct.h
[1.422s] -- Up-to-date symlink: /home/sungbhin/AutoSDV_HPC/install/interfaces_pkg/include/interfaces_pkg/interfaces_pkg/msg/detail/vector2__type_support.h
[1.422s] -- Up-to-date symlink: /home/sungbhin/AutoSDV_HPC/install/interfaces_pkg/include/interfaces_pkg/interfaces_pkg/msg/detection.h
[1.422s] -- Up-to-date symlink: /home/sungbhin/AutoSDV_HPC/install/interfaces_pkg/include/interfaces_pkg/interfaces_pkg/msg/detection_array.h
[1.423s] -- Up-to-date symlink: /home/sungbhin/AutoSDV_HPC/install/interfaces_pkg/include/interfaces_pkg/interfaces_pkg/msg/key_point2_d.h
[1.424s] -- Up-to-date symlink: /home/sungbhin/AutoSDV_HPC/install/interfaces_pkg/include/interfaces_pkg/interfaces_pkg/msg/key_point2_d_array.h
[1.447s] -- Up-to-date symlink: /home/sungbhin/AutoSDV_HPC/install/interfaces_pkg/include/interfaces_pkg/interfaces_pkg/msg/key_point3_d.h
[1.448s] -- Up-to-date symlink: /home/sungbhin/AutoSDV_HPC/install/interfaces_pkg/include/interfaces_pkg/interfaces_pkg/msg/key_point3_d_array.h
[1.448s] -- Up-to-date symlink: /home/sungbhin/AutoSDV_HPC/install/interfaces_pkg/include/interfaces_pkg/interfaces_pkg/msg/lane_info.h
[1.448s] -- Up-to-date symlink: /home/sungbhin/AutoSDV_HPC/install/interfaces_pkg/include/interfaces_pkg/interfaces_pkg/msg/mask.h
[1.450s] -- Up-to-date symlink: /home/sungbhin/AutoSDV_HPC/install/interfaces_pkg/include/interfaces_pkg/interfaces_pkg/msg/motion_command.h
[1.450s] -- Up-to-date symlink: /home/sungbhin/AutoSDV_HPC/install/interfaces_pkg/include/interfaces_pkg/interfaces_pkg/msg/path_planning_result.h
[1.450s] -- Up-to-date symlink: /home/sungbhin/AutoSDV_HPC/install/interfaces_pkg/include/interfaces_pkg/interfaces_pkg/msg/point2_d.h
[1.450s] -- Up-to-date symlink: /home/sungbhin/AutoSDV_HPC/install/interfaces_pkg/include/interfaces_pkg/interfaces_pkg/msg/pose2_d.h
[1.450s] -- Up-to-date symlink: /home/sungbhin/AutoSDV_HPC/install/interfaces_pkg/include/interfaces_pkg/interfaces_pkg/msg/rosidl_generator_c__visibility_control.h
[1.451s] -- Up-to-date symlink: /home/sungbhin/AutoSDV_HPC/install/interfaces_pkg/include/interfaces_pkg/interfaces_pkg/msg/target_point.h
[1.451s] -- Up-to-date symlink: /home/sungbhin/AutoSDV_HPC/install/interfaces_pkg/include/interfaces_pkg/interfaces_pkg/msg/vector2.h
[1.451s] -- Up-to-date symlink: /home/sungbhin/AutoSDV_HPC/install/interfaces_pkg/share/interfaces_pkg/environment/library_path.sh
[1.451s] -- Up-to-date symlink: /home/sungbhin/AutoSDV_HPC/install/interfaces_pkg/share/interfaces_pkg/environment/library_path.dsv
[1.451s] -- Up-to-date symlink: /home/sungbhin/AutoSDV_HPC/install/interfaces_pkg/include/interfaces_pkg/interfaces_pkg/msg/detail/bounding_box2_d__rosidl_typesupport_fastrtps_c.h
[1.451s] -- Up-to-date symlink: /home/sungbhin/AutoSDV_HPC/install/interfaces_pkg/include/interfaces_pkg/interfaces_pkg/msg/detail/bounding_box3_d__rosidl_typesupport_fastrtps_c.h
[1.451s] -- Up-to-date symlink: /home/sungbhin/AutoSDV_HPC/install/interfaces_pkg/include/interfaces_pkg/interfaces_pkg/msg/detail/detection__rosidl_typesupport_fastrtps_c.h
[1.451s] -- Up-to-date symlink: /home/sungbhin/AutoSDV_HPC/install/interfaces_pkg/include/interfaces_pkg/interfaces_pkg/msg/detail/detection_array__rosidl_typesupport_fastrtps_c.h
[1.451s] -- Up-to-date symlink: /home/sungbhin/AutoSDV_HPC/install/interfaces_pkg/include/interfaces_pkg/interfaces_pkg/msg/detail/key_point2_d__rosidl_typesupport_fastrtps_c.h
[1.452s] -- Up-to-date symlink: /home/sungbhin/AutoSDV_HPC/install/interfaces_pkg/include/interfaces_pkg/interfaces_pkg/msg/detail/key_point2_d_array__rosidl_typesupport_fastrtps_c.h
[1.452s] -- Up-to-date symlink: /home/sungbhin/AutoSDV_HPC/install/interfaces_pkg/include/interfaces_pkg/interfaces_pkg/msg/detail/key_point3_d__rosidl_typesupport_fastrtps_c.h
[1.452s] -- Up-to-date symlink: /home/sungbhin/AutoSDV_HPC/install/interfaces_pkg/include/interfaces_pkg/interfaces_pkg/msg/detail/key_point3_d_array__rosidl_typesupport_fastrtps_c.h
[1.452s] -- Up-to-date symlink: /home/sungbhin/AutoSDV_HPC/install/interfaces_pkg/include/interfaces_pkg/interfaces_pkg/msg/detail/lane_info__rosidl_typesupport_fastrtps_c.h
[1.452s] -- Up-to-date symlink: /home/sungbhin/AutoSDV_HPC/install/interfaces_pkg/include/interfaces_pkg/interfaces_pkg/msg/detail/mask__rosidl_typesupport_fastrtps_c.h
[1.453s] -- Up-to-date symlink: /home/sungbhin/AutoSDV_HPC/install/interfaces_pkg/include/interfaces_pkg/interfaces_pkg/msg/detail/motion_command__rosidl_typesupport_fastrtps_c.h
[1.453s] -- Up-to-date symlink: /home/sungbhin/AutoSDV_HPC/install/interfaces_pkg/include/interfaces_pkg/interfaces_pkg/msg/detail/path_planning_result__rosidl_typesupport_fastrtps_c.h
[1.453s] -- Up-to-date symlink: /home/sungbhin/AutoSDV_HPC/install/interfaces_pkg/include/interfaces_pkg/interfaces_pkg/msg/detail/point2_d__rosidl_typesupport_fastrtps_c.h
[1.453s] -- Up-to-date symlink: /home/sungbhin/AutoSDV_HPC/install/interfaces_pkg/include/interfaces_pkg/interfaces_pkg/msg/detail/pose2_d__rosidl_typesupport_fastrtps_c.h
[1.453s] -- Up-to-date symlink: /home/sungbhin/AutoSDV_HPC/install/interfaces_pkg/include/interfaces_pkg/interfaces_pkg/msg/detail/target_point__rosidl_typesupport_fastrtps_c.h
[1.453s] -- Up-to-date symlink: /home/sungbhin/AutoSDV_HPC/install/interfaces_pkg/include/interfaces_pkg/interfaces_pkg/msg/detail/vector2__rosidl_typesupport_fastrtps_c.h
[1.453s] -- Up-to-date symlink: /home/sungbhin/AutoSDV_HPC/install/interfaces_pkg/include/interfaces_pkg/interfaces_pkg/msg/rosidl_typesupport_fastrtps_c__visibility_control.h
[1.453s] -- Up-to-date symlink: /home/sungbhin/AutoSDV_HPC/install/interfaces_pkg/include/interfaces_pkg/interfaces_pkg/msg/detail/bounding_box2_d__rosidl_typesupport_introspection_c.h
[1.454s] -- Up-to-date symlink: /home/sungbhin/AutoSDV_HPC/install/interfaces_pkg/include/interfaces_pkg/interfaces_pkg/msg/detail/bounding_box3_d__rosidl_typesupport_introspection_c.h
[1.454s] -- Up-to-date symlink: /home/sungbhin/AutoSDV_HPC/install/interfaces_pkg/include/interfaces_pkg/interfaces_pkg/msg/detail/detection__rosidl_typesupport_introspection_c.h
[1.454s] -- Up-to-date symlink: /home/sungbhin/AutoSDV_HPC/install/interfaces_pkg/include/interfaces_pkg/interfaces_pkg/msg/detail/detection_array__rosidl_typesupport_introspection_c.h
[1.454s] -- Up-to-date symlink: /home/sungbhin/AutoSDV_HPC/install/interfaces_pkg/include/interfaces_pkg/interfaces_pkg/msg/detail/key_point2_d__rosidl_typesupport_introspection_c.h
[1.454s] -- Up-to-date symlink: /home/sungbhin/AutoSDV_HPC/install/interfaces_pkg/include/interfaces_pkg/interfaces_pkg/msg/detail/key_point2_d_array__rosidl_typesupport_introspection_c.h
[1.455s] -- Up-to-date symlink: /home/sungbhin/AutoSDV_HPC/install/interfaces_pkg/include/interfaces_pkg/interfaces_pkg/msg/detail/key_point3_d__rosidl_typesupport_introspection_c.h
[1.455s] -- Up-to-date symlink: /home/sungbhin/AutoSDV_HPC/install/interfaces_pkg/include/interfaces_pkg/interfaces_pkg/msg/detail/key_point3_d_array__rosidl_typesupport_introspection_c.h
[1.455s] -- Up-to-date symlink: /home/sungbhin/AutoSDV_HPC/install/interfaces_pkg/include/interfaces_pkg/interfaces_pkg/msg/detail/lane_info__rosidl_typesupport_introspection_c.h
[1.455s] -- Up-to-date symlink: /home/sungbhin/AutoSDV_HPC/install/interfaces_pkg/include/interfaces_pkg/interfaces_pkg/msg/detail/mask__rosidl_typesupport_introspection_c.h
[1.455s] -- Up-to-date symlink: /home/sungbhin/AutoSDV_HPC/install/interfaces_pkg/include/interfaces_pkg/interfaces_pkg/msg/detail/motion_command__rosidl_typesupport_introspection_c.h
[1.455s] -- Up-to-date symlink: /home/sungbhin/AutoSDV_HPC/install/interfaces_pkg/include/interfaces_pkg/interfaces_pkg/msg/detail/path_planning_result__rosidl_typesupport_introspection_c.h
[1.456s] -- Up-to-date symlink: /home/sungbhin/AutoSDV_HPC/install/interfaces_pkg/include/interfaces_pkg/interfaces_pkg/msg/detail/point2_d__rosidl_typesupport_introspection_c.h
[1.456s] -- Up-to-date symlink: /home/sungbhin/AutoSDV_HPC/install/interfaces_pkg/include/interfaces_pkg/interfaces_pkg/msg/detail/pose2_d__rosidl_typesupport_introspection_c.h
[1.456s] -- Up-to-date symlink: /home/sungbhin/AutoSDV_HPC/install/interfaces_pkg/include/interfaces_pkg/interfaces_pkg/msg/detail/target_point__rosidl_typesupport_introspection_c.h
[1.456s] -- Up-to-date symlink: /home/sungbhin/AutoSDV_HPC/install/interfaces_pkg/include/interfaces_pkg/interfaces_pkg/msg/detail/vector2__rosidl_typesupport_introspection_c.h
[1.456s] -- Up-to-date symlink: /home/sungbhin/AutoSDV_HPC/install/interfaces_pkg/include/interfaces_pkg/interfaces_pkg/msg/rosidl_typesupport_introspection_c__visibility_control.h
[1.456s] -- Up-to-date symlink: /home/sungbhin/AutoSDV_HPC/install/interfaces_pkg/include/interfaces_pkg/interfaces_pkg/msg/bounding_box2_d.hpp
[1.456s] -- Up-to-date symlink: /home/sungbhin/AutoSDV_HPC/install/interfaces_pkg/include/interfaces_pkg/interfaces_pkg/msg/bounding_box3_d.hpp
[1.456s] -- Up-to-date symlink: /home/sungbhin/AutoSDV_HPC/install/interfaces_pkg/include/interfaces_pkg/interfaces_pkg/msg/detail/bounding_box2_d__builder.hpp
[1.457s] -- Up-to-date symlink: /home/sungbhin/AutoSDV_HPC/install/interfaces_pkg/include/interfaces_pkg/interfaces_pkg/msg/detail/bounding_box2_d__struct.hpp
[1.457s] -- Up-to-date symlink: /home/sungbhin/AutoSDV_HPC/install/interfaces_pkg/include/interfaces_pkg/interfaces_pkg/msg/detail/bounding_box2_d__traits.hpp
[1.457s] -- Up-to-date symlink: /home/sungbhin/AutoSDV_HPC/install/interfaces_pkg/include/interfaces_pkg/interfaces_pkg/msg/detail/bounding_box2_d__type_support.hpp
[1.457s] -- Up-to-date symlink: /home/sungbhin/AutoSDV_HPC/install/interfaces_pkg/include/interfaces_pkg/interfaces_pkg/msg/detail/bounding_box3_d__builder.hpp
[1.457s] -- Up-to-date symlink: /home/sungbhin/AutoSDV_HPC/install/interfaces_pkg/include/interfaces_pkg/interfaces_pkg/msg/detail/bounding_box3_d__struct.hpp
[1.457s] -- Up-to-date symlink: /home/sungbhin/AutoSDV_HPC/install/interfaces_pkg/include/interfaces_pkg/interfaces_pkg/msg/detail/bounding_box3_d__traits.hpp
[1.457s] -- Up-to-date symlink: /home/sungbhin/AutoSDV_HPC/install/interfaces_pkg/include/interfaces_pkg/interfaces_pkg/msg/detail/bounding_box3_d__type_support.hpp
[1.457s] -- Up-to-date symlink: /home/sungbhin/AutoSDV_HPC/install/interfaces_pkg/include/interfaces_pkg/interfaces_pkg/msg/detail/detection__builder.hpp
[1.458s] -- Up-to-date symlink: /home/sungbhin/AutoSDV_HPC/install/interfaces_pkg/include/interfaces_pkg/interfaces_pkg/msg/detail/detection__struct.hpp
[1.458s] -- Up-to-date symlink: /home/sungbhin/AutoSDV_HPC/install/interfaces_pkg/include/interfaces_pkg/interfaces_pkg/msg/detail/detection__traits.hpp
[1.458s] -- Up-to-date symlink: /home/sungbhin/AutoSDV_HPC/install/interfaces_pkg/include/interfaces_pkg/interfaces_pkg/msg/detail/detection__type_support.hpp
[1.458s] -- Up-to-date symlink: /home/sungbhin/AutoSDV_HPC/install/interfaces_pkg/include/interfaces_pkg/interfaces_pkg/msg/detail/detection_array__builder.hpp
[1.458s] -- Up-to-date symlink: /home/sungbhin/AutoSDV_HPC/install/interfaces_pkg/include/interfaces_pkg/interfaces_pkg/msg/detail/detection_array__struct.hpp
[1.462s] -- Up-to-date symlink: /home/sungbhin/AutoSDV_HPC/install/interfaces_pkg/include/interfaces_pkg/interfaces_pkg/msg/detail/detection_array__traits.hpp
[1.462s] -- Up-to-date symlink: /home/sungbhin/AutoSDV_HPC/install/interfaces_pkg/include/interfaces_pkg/interfaces_pkg/msg/detail/detection_array__type_support.hpp
[1.462s] -- Up-to-date symlink: /home/sungbhin/AutoSDV_HPC/install/interfaces_pkg/include/interfaces_pkg/interfaces_pkg/msg/detail/key_point2_d__builder.hpp
[1.462s] -- Up-to-date symlink: /home/sungbhin/AutoSDV_HPC/install/interfaces_pkg/include/interfaces_pkg/interfaces_pkg/msg/detail/key_point2_d__struct.hpp
[1.462s] -- Up-to-date symlink: /home/sungbhin/AutoSDV_HPC/install/interfaces_pkg/include/interfaces_pkg/interfaces_pkg/msg/detail/key_point2_d__traits.hpp
[1.462s] -- Up-to-date symlink: /home/sungbhin/AutoSDV_HPC/install/interfaces_pkg/include/interfaces_pkg/interfaces_pkg/msg/detail/key_point2_d__type_support.hpp
[1.462s] -- Up-to-date symlink: /home/sungbhin/AutoSDV_HPC/install/interfaces_pkg/include/interfaces_pkg/interfaces_pkg/msg/detail/key_point2_d_array__builder.hpp
[1.462s] -- Up-to-date symlink: /home/sungbhin/AutoSDV_HPC/install/interfaces_pkg/include/interfaces_pkg/interfaces_pkg/msg/detail/key_point2_d_array__struct.hpp
[1.463s] -- Up-to-date symlink: /home/sungbhin/AutoSDV_HPC/install/interfaces_pkg/include/interfaces_pkg/interfaces_pkg/msg/detail/key_point2_d_array__traits.hpp
[1.463s] -- Up-to-date symlink: /home/sungbhin/AutoSDV_HPC/install/interfaces_pkg/include/interfaces_pkg/interfaces_pkg/msg/detail/key_point2_d_array__type_support.hpp
[1.463s] -- Up-to-date symlink: /home/sungbhin/AutoSDV_HPC/install/interfaces_pkg/include/interfaces_pkg/interfaces_pkg/msg/detail/key_point3_d__builder.hpp
[1.463s] -- Up-to-date symlink: /home/sungbhin/AutoSDV_HPC/install/interfaces_pkg/include/interfaces_pkg/interfaces_pkg/msg/detail/key_point3_d__struct.hpp
[1.463s] -- Up-to-date symlink: /home/sungbhin/AutoSDV_HPC/install/interfaces_pkg/include/interfaces_pkg/interfaces_pkg/msg/detail/key_point3_d__traits.hpp
[1.463s] -- Up-to-date symlink: /home/sungbhin/AutoSDV_HPC/install/interfaces_pkg/include/interfaces_pkg/interfaces_pkg/msg/detail/key_point3_d__type_support.hpp
[1.463s] -- Up-to-date symlink: /home/sungbhin/AutoSDV_HPC/install/interfaces_pkg/include/interfaces_pkg/interfaces_pkg/msg/detail/key_point3_d_array__builder.hpp
[1.463s] -- Up-to-date symlink: /home/sungbhin/AutoSDV_HPC/install/interfaces_pkg/include/interfaces_pkg/interfaces_pkg/msg/detail/key_point3_d_array__struct.hpp
[1.463s] -- Up-to-date symlink: /home/sungbhin/AutoSDV_HPC/install/interfaces_pkg/include/interfaces_pkg/interfaces_pkg/msg/detail/key_point3_d_array__traits.hpp
[1.463s] -- Up-to-date symlink: /home/sungbhin/AutoSDV_HPC/install/interfaces_pkg/include/interfaces_pkg/interfaces_pkg/msg/detail/key_point3_d_array__type_support.hpp
[1.464s] -- Up-to-date symlink: /home/sungbhin/AutoSDV_HPC/install/interfaces_pkg/include/interfaces_pkg/interfaces_pkg/msg/detail/lane_info__builder.hpp
[1.464s] -- Up-to-date symlink: /home/sungbhin/AutoSDV_HPC/install/interfaces_pkg/include/interfaces_pkg/interfaces_pkg/msg/detail/lane_info__struct.hpp
[1.464s] -- Up-to-date symlink: /home/sungbhin/AutoSDV_HPC/install/interfaces_pkg/include/interfaces_pkg/interfaces_pkg/msg/detail/lane_info__traits.hpp
[1.464s] -- Up-to-date symlink: /home/sungbhin/AutoSDV_HPC/install/interfaces_pkg/include/interfaces_pkg/interfaces_pkg/msg/detail/lane_info__type_support.hpp
[1.464s] -- Up-to-date symlink: /home/sungbhin/AutoSDV_HPC/install/interfaces_pkg/include/interfaces_pkg/interfaces_pkg/msg/detail/mask__builder.hpp
[1.464s] -- Up-to-date symlink: /home/sungbhin/AutoSDV_HPC/install/interfaces_pkg/include/interfaces_pkg/interfaces_pkg/msg/detail/mask__struct.hpp
[1.465s] -- Up-to-date symlink: /home/sungbhin/AutoSDV_HPC/install/interfaces_pkg/include/interfaces_pkg/interfaces_pkg/msg/detail/mask__traits.hpp
[1.465s] -- Up-to-date symlink: /home/sungbhin/AutoSDV_HPC/install/interfaces_pkg/include/interfaces_pkg/interfaces_pkg/msg/detail/mask__type_support.hpp
[1.465s] -- Up-to-date symlink: /home/sungbhin/AutoSDV_HPC/install/interfaces_pkg/include/interfaces_pkg/interfaces_pkg/msg/detail/motion_command__builder.hpp
[1.465s] -- Up-to-date symlink: /home/sungbhin/AutoSDV_HPC/install/interfaces_pkg/include/interfaces_pkg/interfaces_pkg/msg/detail/motion_command__struct.hpp
[1.465s] -- Up-to-date symlink: /home/sungbhin/AutoSDV_HPC/install/interfaces_pkg/include/interfaces_pkg/interfaces_pkg/msg/detail/motion_command__traits.hpp
[1.465s] -- Up-to-date symlink: /home/sungbhin/AutoSDV_HPC/install/interfaces_pkg/include/interfaces_pkg/interfaces_pkg/msg/detail/motion_command__type_support.hpp
[1.465s] -- Up-to-date symlink: /home/sungbhin/AutoSDV_HPC/install/interfaces_pkg/include/interfaces_pkg/interfaces_pkg/msg/detail/path_planning_result__builder.hpp
[1.465s] -- Up-to-date symlink: /home/sungbhin/AutoSDV_HPC/install/interfaces_pkg/include/interfaces_pkg/interfaces_pkg/msg/detail/path_planning_result__struct.hpp
[1.465s] -- Up-to-date symlink: /home/sungbhin/AutoSDV_HPC/install/interfaces_pkg/include/interfaces_pkg/interfaces_pkg/msg/detail/path_planning_result__traits.hpp
[1.466s] -- Up-to-date symlink: /home/sungbhin/AutoSDV_HPC/install/interfaces_pkg/include/interfaces_pkg/interfaces_pkg/msg/detail/path_planning_result__type_support.hpp
[1.466s] -- Up-to-date symlink: /home/sungbhin/AutoSDV_HPC/install/interfaces_pkg/include/interfaces_pkg/interfaces_pkg/msg/detail/point2_d__builder.hpp
[1.466s] -- Up-to-date symlink: /home/sungbhin/AutoSDV_HPC/install/interfaces_pkg/include/interfaces_pkg/interfaces_pkg/msg/detail/point2_d__struct.hpp
[1.466s] -- Up-to-date symlink: /home/sungbhin/AutoSDV_HPC/install/interfaces_pkg/include/interfaces_pkg/interfaces_pkg/msg/detail/point2_d__traits.hpp
[1.466s] -- Up-to-date symlink: /home/sungbhin/AutoSDV_HPC/install/interfaces_pkg/include/interfaces_pkg/interfaces_pkg/msg/detail/point2_d__type_support.hpp
[1.466s] -- Up-to-date symlink: /home/sungbhin/AutoSDV_HPC/install/interfaces_pkg/include/interfaces_pkg/interfaces_pkg/msg/detail/pose2_d__builder.hpp
[1.466s] -- Up-to-date symlink: /home/sungbhin/AutoSDV_HPC/install/interfaces_pkg/include/interfaces_pkg/interfaces_pkg/msg/detail/pose2_d__struct.hpp
[1.467s] -- Up-to-date symlink: /home/sungbhin/AutoSDV_HPC/install/interfaces_pkg/include/interfaces_pkg/interfaces_pkg/msg/detail/pose2_d__traits.hpp
[1.467s] -- Up-to-date symlink: /home/sungbhin/AutoSDV_HPC/install/interfaces_pkg/include/interfaces_pkg/interfaces_pkg/msg/detail/pose2_d__type_support.hpp
[1.467s] -- Up-to-date symlink: /home/sungbhin/AutoSDV_HPC/install/interfaces_pkg/include/interfaces_pkg/interfaces_pkg/msg/detail/target_point__builder.hpp
[1.467s] -- Up-to-date symlink: /home/sungbhin/AutoSDV_HPC/install/interfaces_pkg/include/interfaces_pkg/interfaces_pkg/msg/detail/target_point__struct.hpp
[1.467s] -- Up-to-date symlink: /home/sungbhin/AutoSDV_HPC/install/interfaces_pkg/include/interfaces_pkg/interfaces_pkg/msg/detail/target_point__traits.hpp
[1.467s] -- Up-to-date symlink: /home/sungbhin/AutoSDV_HPC/install/interfaces_pkg/include/interfaces_pkg/interfaces_pkg/msg/detail/target_point__type_support.hpp
[1.467s] -- Up-to-date symlink: /home/sungbhin/AutoSDV_HPC/install/interfaces_pkg/include/interfaces_pkg/interfaces_pkg/msg/detail/vector2__builder.hpp
[1.467s] -- Up-to-date symlink: /home/sungbhin/AutoSDV_HPC/install/interfaces_pkg/include/interfaces_pkg/interfaces_pkg/msg/detail/vector2__struct.hpp
[1.467s] -- Up-to-date symlink: /home/sungbhin/AutoSDV_HPC/install/interfaces_pkg/include/interfaces_pkg/interfaces_pkg/msg/detail/vector2__traits.hpp
[1.467s] -- Up-to-date symlink: /home/sungbhin/AutoSDV_HPC/install/interfaces_pkg/include/interfaces_pkg/interfaces_pkg/msg/detail/vector2__type_support.hpp
[1.467s] -- Up-to-date symlink: /home/sungbhin/AutoSDV_HPC/install/interfaces_pkg/include/interfaces_pkg/interfaces_pkg/msg/detection.hpp
[1.468s] -- Up-to-date symlink: /home/sungbhin/AutoSDV_HPC/install/interfaces_pkg/include/interfaces_pkg/interfaces_pkg/msg/detection_array.hpp
[1.468s] -- Up-to-date symlink: /home/sungbhin/AutoSDV_HPC/install/interfaces_pkg/include/interfaces_pkg/interfaces_pkg/msg/key_point2_d.hpp
[1.468s] -- Up-to-date symlink: /home/sungbhin/AutoSDV_HPC/install/interfaces_pkg/include/interfaces_pkg/interfaces_pkg/msg/key_point2_d_array.hpp
[1.468s] -- Up-to-date symlink: /home/sungbhin/AutoSDV_HPC/install/interfaces_pkg/include/interfaces_pkg/interfaces_pkg/msg/key_point3_d.hpp
[1.468s] -- Up-to-date symlink: /home/sungbhin/AutoSDV_HPC/install/interfaces_pkg/include/interfaces_pkg/interfaces_pkg/msg/key_point3_d_array.hpp
[1.468s] -- Up-to-date symlink: /home/sungbhin/AutoSDV_HPC/install/interfaces_pkg/include/interfaces_pkg/interfaces_pkg/msg/lane_info.hpp
[1.468s] -- Up-to-date symlink: /home/sungbhin/AutoSDV_HPC/install/interfaces_pkg/include/interfaces_pkg/interfaces_pkg/msg/mask.hpp
[1.468s] -- Up-to-date symlink: /home/sungbhin/AutoSDV_HPC/install/interfaces_pkg/include/interfaces_pkg/interfaces_pkg/msg/motion_command.hpp
[1.469s] -- Up-to-date symlink: /home/sungbhin/AutoSDV_HPC/install/interfaces_pkg/include/interfaces_pkg/interfaces_pkg/msg/path_planning_result.hpp
[1.469s] -- Up-to-date symlink: /home/sungbhin/AutoSDV_HPC/install/interfaces_pkg/include/interfaces_pkg/interfaces_pkg/msg/point2_d.hpp
[1.469s] -- Up-to-date symlink: /home/sungbhin/AutoSDV_HPC/install/interfaces_pkg/include/interfaces_pkg/interfaces_pkg/msg/pose2_d.hpp
[1.469s] -- Up-to-date symlink: /home/sungbhin/AutoSDV_HPC/install/interfaces_pkg/include/interfaces_pkg/interfaces_pkg/msg/rosidl_generator_cpp__visibility_control.hpp
[1.469s] -- Up-to-date symlink: /home/sungbhin/AutoSDV_HPC/install/interfaces_pkg/include/interfaces_pkg/interfaces_pkg/msg/target_point.hpp
[1.469s] -- Up-to-date symlink: /home/sungbhin/AutoSDV_HPC/install/interfaces_pkg/include/interfaces_pkg/interfaces_pkg/msg/vector2.hpp
[1.469s] -- Up-to-date symlink: /home/sungbhin/AutoSDV_HPC/install/interfaces_pkg/include/interfaces_pkg/interfaces_pkg/msg/detail/bounding_box2_d__rosidl_typesupport_fastrtps_cpp.hpp
[1.471s] -- Up-to-date symlink: /home/sungbhin/AutoSDV_HPC/install/interfaces_pkg/include/interfaces_pkg/interfaces_pkg/msg/detail/bounding_box3_d__rosidl_typesupport_fastrtps_cpp.hpp
[1.471s] -- Up-to-date symlink: /home/sungbhin/AutoSDV_HPC/install/interfaces_pkg/include/interfaces_pkg/interfaces_pkg/msg/detail/detection__rosidl_typesupport_fastrtps_cpp.hpp
[1.471s] -- Up-to-date symlink: /home/sungbhin/AutoSDV_HPC/install/interfaces_pkg/include/interfaces_pkg/interfaces_pkg/msg/detail/detection_array__rosidl_typesupport_fastrtps_cpp.hpp
[1.472s] -- Up-to-date symlink: /home/sungbhin/AutoSDV_HPC/install/interfaces_pkg/include/interfaces_pkg/interfaces_pkg/msg/detail/key_point2_d__rosidl_typesupport_fastrtps_cpp.hpp
[1.472s] -- Up-to-date symlink: /home/sungbhin/AutoSDV_HPC/install/interfaces_pkg/include/interfaces_pkg/interfaces_pkg/msg/detail/key_point2_d_array__rosidl_typesupport_fastrtps_cpp.hpp
[1.472s] -- Up-to-date symlink: /home/sungbhin/AutoSDV_HPC/install/interfaces_pkg/include/interfaces_pkg/interfaces_pkg/msg/detail/key_point3_d__rosidl_typesupport_fastrtps_cpp.hpp
[1.472s] -- Up-to-date symlink: /home/sungbhin/AutoSDV_HPC/install/interfaces_pkg/include/interfaces_pkg/interfaces_pkg/msg/detail/key_point3_d_array__rosidl_typesupport_fastrtps_cpp.hpp
[1.472s] -- Up-to-date symlink: /home/sungbhin/AutoSDV_HPC/install/interfaces_pkg/include/interfaces_pkg/interfaces_pkg/msg/detail/lane_info__rosidl_typesupport_fastrtps_cpp.hpp
[1.472s] -- Up-to-date symlink: /home/sungbhin/AutoSDV_HPC/install/interfaces_pkg/include/interfaces_pkg/interfaces_pkg/msg/detail/mask__rosidl_typesupport_fastrtps_cpp.hpp
[1.472s] -- Up-to-date symlink: /home/sungbhin/AutoSDV_HPC/install/interfaces_pkg/include/interfaces_pkg/interfaces_pkg/msg/detail/motion_command__rosidl_typesupport_fastrtps_cpp.hpp
[1.473s] -- Up-to-date symlink: /home/sungbhin/AutoSDV_HPC/install/interfaces_pkg/include/interfaces_pkg/interfaces_pkg/msg/detail/path_planning_result__rosidl_typesupport_fastrtps_cpp.hpp
[1.473s] -- Up-to-date symlink: /home/sungbhin/AutoSDV_HPC/install/interfaces_pkg/include/interfaces_pkg/interfaces_pkg/msg/detail/point2_d__rosidl_typesupport_fastrtps_cpp.hpp
[1.473s] -- Up-to-date symlink: /home/sungbhin/AutoSDV_HPC/install/interfaces_pkg/include/interfaces_pkg/interfaces_pkg/msg/detail/pose2_d__rosidl_typesupport_fastrtps_cpp.hpp
[1.473s] -- Up-to-date symlink: /home/sungbhin/AutoSDV_HPC/install/interfaces_pkg/include/interfaces_pkg/interfaces_pkg/msg/detail/target_point__rosidl_typesupport_fastrtps_cpp.hpp
[1.473s] -- Up-to-date symlink: /home/sungbhin/AutoSDV_HPC/install/interfaces_pkg/include/interfaces_pkg/interfaces_pkg/msg/detail/vector2__rosidl_typesupport_fastrtps_cpp.hpp
[1.474s] -- Up-to-date symlink: /home/sungbhin/AutoSDV_HPC/install/interfaces_pkg/include/interfaces_pkg/interfaces_pkg/msg/rosidl_typesupport_fastrtps_cpp__visibility_control.h
[1.474s] -- Up-to-date symlink: /home/sungbhin/AutoSDV_HPC/install/interfaces_pkg/include/interfaces_pkg/interfaces_pkg/msg/detail/bounding_box2_d__rosidl_typesupport_introspection_cpp.hpp
[1.474s] -- Up-to-date symlink: /home/sungbhin/AutoSDV_HPC/install/interfaces_pkg/include/interfaces_pkg/interfaces_pkg/msg/detail/bounding_box3_d__rosidl_typesupport_introspection_cpp.hpp
[1.474s] -- Up-to-date symlink: /home/sungbhin/AutoSDV_HPC/install/interfaces_pkg/include/interfaces_pkg/interfaces_pkg/msg/detail/detection__rosidl_typesupport_introspection_cpp.hpp
[1.474s] -- Up-to-date symlink: /home/sungbhin/AutoSDV_HPC/install/interfaces_pkg/include/interfaces_pkg/interfaces_pkg/msg/detail/detection_array__rosidl_typesupport_introspection_cpp.hpp
[1.474s] -- Up-to-date symlink: /home/sungbhin/AutoSDV_HPC/install/interfaces_pkg/include/interfaces_pkg/interfaces_pkg/msg/detail/key_point2_d__rosidl_typesupport_introspection_cpp.hpp
[1.475s] -- Up-to-date symlink: /home/sungbhin/AutoSDV_HPC/install/interfaces_pkg/include/interfaces_pkg/interfaces_pkg/msg/detail/key_point2_d_array__rosidl_typesupport_introspection_cpp.hpp
[1.475s] -- Up-to-date symlink: /home/sungbhin/AutoSDV_HPC/install/interfaces_pkg/include/interfaces_pkg/interfaces_pkg/msg/detail/key_point3_d__rosidl_typesupport_introspection_cpp.hpp
[1.475s] -- Up-to-date symlink: /home/sungbhin/AutoSDV_HPC/install/interfaces_pkg/include/interfaces_pkg/interfaces_pkg/msg/detail/key_point3_d_array__rosidl_typesupport_introspection_cpp.hpp
[1.475s] -- Up-to-date symlink: /home/sungbhin/AutoSDV_HPC/install/interfaces_pkg/include/interfaces_pkg/interfaces_pkg/msg/detail/lane_info__rosidl_typesupport_introspection_cpp.hpp
[1.475s] -- Up-to-date symlink: /home/sungbhin/AutoSDV_HPC/install/interfaces_pkg/include/interfaces_pkg/interfaces_pkg/msg/detail/mask__rosidl_typesupport_introspection_cpp.hpp
[1.476s] -- Up-to-date symlink: /home/sungbhin/AutoSDV_HPC/install/interfaces_pkg/include/interfaces_pkg/interfaces_pkg/msg/detail/motion_command__rosidl_typesupport_introspection_cpp.hpp
[1.476s] -- Up-to-date symlink: /home/sungbhin/AutoSDV_HPC/install/interfaces_pkg/include/interfaces_pkg/interfaces_pkg/msg/detail/path_planning_result__rosidl_typesupport_introspection_cpp.hpp
[1.476s] -- Up-to-date symlink: /home/sungbhin/AutoSDV_HPC/install/interfaces_pkg/include/interfaces_pkg/interfaces_pkg/msg/detail/point2_d__rosidl_typesupport_introspection_cpp.hpp
[1.477s] -- Up-to-date symlink: /home/sungbhin/AutoSDV_HPC/install/interfaces_pkg/include/interfaces_pkg/interfaces_pkg/msg/detail/pose2_d__rosidl_typesupport_introspection_cpp.hpp
[1.477s] -- Up-to-date symlink: /home/sungbhin/AutoSDV_HPC/install/interfaces_pkg/include/interfaces_pkg/interfaces_pkg/msg/detail/target_point__rosidl_typesupport_introspection_cpp.hpp
[1.477s] -- Up-to-date symlink: /home/sungbhin/AutoSDV_HPC/install/interfaces_pkg/include/interfaces_pkg/interfaces_pkg/msg/detail/vector2__rosidl_typesupport_introspection_cpp.hpp
[1.477s] -- Up-to-date symlink: /home/sungbhin/AutoSDV_HPC/install/interfaces_pkg/share/interfaces_pkg/environment/pythonpath.sh
[1.477s] -- Up-to-date symlink: /home/sungbhin/AutoSDV_HPC/install/interfaces_pkg/share/interfaces_pkg/environment/pythonpath.dsv
[1.477s] -- Up-to-date symlink: /home/sungbhin/AutoSDV_HPC/install/interfaces_pkg/local/lib/python3.10/dist-packages/interfaces_pkg-0.0.0-py3.10.egg-info/PKG-INFO
[1.477s] -- Up-to-date symlink: /home/sungbhin/AutoSDV_HPC/install/interfaces_pkg/local/lib/python3.10/dist-packages/interfaces_pkg-0.0.0-py3.10.egg-info/SOURCES.txt
[1.478s] -- Up-to-date symlink: /home/sungbhin/AutoSDV_HPC/install/interfaces_pkg/local/lib/python3.10/dist-packages/interfaces_pkg-0.0.0-py3.10.egg-info/dependency_links.txt
[1.478s] -- Up-to-date symlink: /home/sungbhin/AutoSDV_HPC/install/interfaces_pkg/local/lib/python3.10/dist-packages/interfaces_pkg-0.0.0-py3.10.egg-info/top_level.txt
[1.478s] -- Up-to-date symlink: /home/sungbhin/AutoSDV_HPC/install/interfaces_pkg/local/lib/python3.10/dist-packages/interfaces_pkg/__init__.py
[1.478s] -- Up-to-date symlink: /home/sungbhin/AutoSDV_HPC/install/interfaces_pkg/local/lib/python3.10/dist-packages/interfaces_pkg/_interfaces_pkg_s.ep.rosidl_typesupport_c.c
[1.478s] -- Up-to-date symlink: /home/sungbhin/AutoSDV_HPC/install/interfaces_pkg/local/lib/python3.10/dist-packages/interfaces_pkg/_interfaces_pkg_s.ep.rosidl_typesupport_fastrtps_c.c
[1.478s] -- Up-to-date symlink: /home/sungbhin/AutoSDV_HPC/install/interfaces_pkg/local/lib/python3.10/dist-packages/interfaces_pkg/_interfaces_pkg_s.ep.rosidl_typesupport_introspection_c.c
[1.479s] -- Up-to-date symlink: /home/sungbhin/AutoSDV_HPC/install/interfaces_pkg/local/lib/python3.10/dist-packages/interfaces_pkg/interfaces_pkg_s__rosidl_typesupport_c.cpython-310-x86_64-linux-gnu.so
[1.479s] -- Up-to-date symlink: /home/sungbhin/AutoSDV_HPC/install/interfaces_pkg/local/lib/python3.10/dist-packages/interfaces_pkg/interfaces_pkg_s__rosidl_typesupport_fastrtps_c.cpython-310-x86_64-linux-gnu.so
[1.479s] -- Up-to-date symlink: /home/sungbhin/AutoSDV_HPC/install/interfaces_pkg/local/lib/python3.10/dist-packages/interfaces_pkg/interfaces_pkg_s__rosidl_typesupport_introspection_c.cpython-310-x86_64-linux-gnu.so
[1.479s] -- Up-to-date symlink: /home/sungbhin/AutoSDV_HPC/install/interfaces_pkg/local/lib/python3.10/dist-packages/interfaces_pkg/libinterfaces_pkg__rosidl_generator_py.so
[1.479s] -- Up-to-date symlink: /home/sungbhin/AutoSDV_HPC/install/interfaces_pkg/local/lib/python3.10/dist-packages/interfaces_pkg/msg/__init__.py
[1.480s] -- Up-to-date symlink: /home/sungbhin/AutoSDV_HPC/install/interfaces_pkg/local/lib/python3.10/dist-packages/interfaces_pkg/msg/_bounding_box2_d.py
[1.480s] -- Up-to-date symlink: /home/sungbhin/AutoSDV_HPC/install/interfaces_pkg/local/lib/python3.10/dist-packages/interfaces_pkg/msg/_bounding_box2_d_s.c
[1.480s] -- Up-to-date symlink: /home/sungbhin/AutoSDV_HPC/install/interfaces_pkg/local/lib/python3.10/dist-packages/interfaces_pkg/msg/_bounding_box3_d.py
[1.480s] -- Up-to-date symlink: /home/sungbhin/AutoSDV_HPC/install/interfaces_pkg/local/lib/python3.10/dist-packages/interfaces_pkg/msg/_bounding_box3_d_s.c
[1.480s] -- Up-to-date symlink: /home/sungbhin/AutoSDV_HPC/install/interfaces_pkg/local/lib/python3.10/dist-packages/interfaces_pkg/msg/_detection.py
[1.480s] -- Up-to-date symlink: /home/sungbhin/AutoSDV_HPC/install/interfaces_pkg/local/lib/python3.10/dist-packages/interfaces_pkg/msg/_detection_array.py
[1.480s] -- Up-to-date symlink: /home/sungbhin/AutoSDV_HPC/install/interfaces_pkg/local/lib/python3.10/dist-packages/interfaces_pkg/msg/_detection_array_s.c
[1.480s] -- Up-to-date symlink: /home/sungbhin/AutoSDV_HPC/install/interfaces_pkg/local/lib/python3.10/dist-packages/interfaces_pkg/msg/_detection_s.c
[1.481s] -- Up-to-date symlink: /home/sungbhin/AutoSDV_HPC/install/interfaces_pkg/local/lib/python3.10/dist-packages/interfaces_pkg/msg/_key_point2_d.py
[1.481s] -- Up-to-date symlink: /home/sungbhin/AutoSDV_HPC/install/interfaces_pkg/local/lib/python3.10/dist-packages/interfaces_pkg/msg/_key_point2_d_array.py
[1.482s] -- Up-to-date symlink: /home/sungbhin/AutoSDV_HPC/install/interfaces_pkg/local/lib/python3.10/dist-packages/interfaces_pkg/msg/_key_point2_d_array_s.c
[1.483s] -- Up-to-date symlink: /home/sungbhin/AutoSDV_HPC/install/interfaces_pkg/local/lib/python3.10/dist-packages/interfaces_pkg/msg/_key_point2_d_s.c
[1.483s] -- Up-to-date symlink: /home/sungbhin/AutoSDV_HPC/install/interfaces_pkg/local/lib/python3.10/dist-packages/interfaces_pkg/msg/_key_point3_d.py
[1.484s] -- Up-to-date symlink: /home/sungbhin/AutoSDV_HPC/install/interfaces_pkg/local/lib/python3.10/dist-packages/interfaces_pkg/msg/_key_point3_d_array.py
[1.484s] -- Up-to-date symlink: /home/sungbhin/AutoSDV_HPC/install/interfaces_pkg/local/lib/python3.10/dist-packages/interfaces_pkg/msg/_key_point3_d_array_s.c
[1.485s] -- Up-to-date symlink: /home/sungbhin/AutoSDV_HPC/install/interfaces_pkg/local/lib/python3.10/dist-packages/interfaces_pkg/msg/_key_point3_d_s.c
[1.485s] -- Up-to-date symlink: /home/sungbhin/AutoSDV_HPC/install/interfaces_pkg/local/lib/python3.10/dist-packages/interfaces_pkg/msg/_lane_info.py
[1.485s] -- Up-to-date symlink: /home/sungbhin/AutoSDV_HPC/install/interfaces_pkg/local/lib/python3.10/dist-packages/interfaces_pkg/msg/_lane_info_s.c
[1.485s] -- Up-to-date symlink: /home/sungbhin/AutoSDV_HPC/install/interfaces_pkg/local/lib/python3.10/dist-packages/interfaces_pkg/msg/_mask.py
[1.485s] -- Up-to-date symlink: /home/sungbhin/AutoSDV_HPC/install/interfaces_pkg/local/lib/python3.10/dist-packages/interfaces_pkg/msg/_mask_s.c
[1.485s] -- Up-to-date symlink: /home/sungbhin/AutoSDV_HPC/install/interfaces_pkg/local/lib/python3.10/dist-packages/interfaces_pkg/msg/_motion_command.py
[1.485s] -- Up-to-date symlink: /home/sungbhin/AutoSDV_HPC/install/interfaces_pkg/local/lib/python3.10/dist-packages/interfaces_pkg/msg/_motion_command_s.c
[1.485s] -- Up-to-date symlink: /home/sungbhin/AutoSDV_HPC/install/interfaces_pkg/local/lib/python3.10/dist-packages/interfaces_pkg/msg/_path_planning_result.py
[1.485s] -- Up-to-date symlink: /home/sungbhin/AutoSDV_HPC/install/interfaces_pkg/local/lib/python3.10/dist-packages/interfaces_pkg/msg/_path_planning_result_s.c
[1.486s] -- Up-to-date symlink: /home/sungbhin/AutoSDV_HPC/install/interfaces_pkg/local/lib/python3.10/dist-packages/interfaces_pkg/msg/_point2_d.py
[1.486s] -- Up-to-date symlink: /home/sungbhin/AutoSDV_HPC/install/interfaces_pkg/local/lib/python3.10/dist-packages/interfaces_pkg/msg/_point2_d_s.c
[1.486s] -- Up-to-date symlink: /home/sungbhin/AutoSDV_HPC/install/interfaces_pkg/local/lib/python3.10/dist-packages/interfaces_pkg/msg/_pose2_d.py
[1.486s] -- Up-to-date symlink: /home/sungbhin/AutoSDV_HPC/install/interfaces_pkg/local/lib/python3.10/dist-packages/interfaces_pkg/msg/_pose2_d_s.c
[1.487s] -- Up-to-date symlink: /home/sungbhin/AutoSDV_HPC/install/interfaces_pkg/local/lib/python3.10/dist-packages/interfaces_pkg/msg/_target_point.py
[1.487s] -- Up-to-date symlink: /home/sungbhin/AutoSDV_HPC/install/interfaces_pkg/local/lib/python3.10/dist-packages/interfaces_pkg/msg/_target_point_s.c
[1.487s] -- Up-to-date symlink: /home/sungbhin/AutoSDV_HPC/install/interfaces_pkg/local/lib/python3.10/dist-packages/interfaces_pkg/msg/_vector2.py
[1.487s] -- Up-to-date symlink: /home/sungbhin/AutoSDV_HPC/install/interfaces_pkg/local/lib/python3.10/dist-packages/interfaces_pkg/msg/_vector2_s.c
[1.487s] -- Up-to-date symlink: /home/sungbhin/AutoSDV_HPC/install/interfaces_pkg/local/lib/python3.10/dist-packages/interfaces_pkg/interfaces_pkg_s__rosidl_typesupport_fastrtps_c.cpython-310-x86_64-linux-gnu.so
[1.487s] -- Up-to-date symlink: /home/sungbhin/AutoSDV_HPC/install/interfaces_pkg/local/lib/python3.10/dist-packages/interfaces_pkg/interfaces_pkg_s__rosidl_typesupport_introspection_c.cpython-310-x86_64-linux-gnu.so
[1.488s] -- Up-to-date symlink: /home/sungbhin/AutoSDV_HPC/install/interfaces_pkg/local/lib/python3.10/dist-packages/interfaces_pkg/interfaces_pkg_s__rosidl_typesupport_c.cpython-310-x86_64-linux-gnu.so
[1.488s] -- Up-to-date symlink: /home/sungbhin/AutoSDV_HPC/install/interfaces_pkg/share/interfaces_pkg/msg/Point2D.idl
[1.488s] -- Up-to-date symlink: /home/sungbhin/AutoSDV_HPC/install/interfaces_pkg/share/interfaces_pkg/msg/Vector2.idl
[1.488s] -- Up-to-date symlink: /home/sungbhin/AutoSDV_HPC/install/interfaces_pkg/share/interfaces_pkg/msg/Pose2D.idl
[1.488s] -- Up-to-date symlink: /home/sungbhin/AutoSDV_HPC/install/interfaces_pkg/share/interfaces_pkg/msg/BoundingBox2D.idl
[1.488s] -- Up-to-date symlink: /home/sungbhin/AutoSDV_HPC/install/interfaces_pkg/share/interfaces_pkg/msg/BoundingBox3D.idl
[1.488s] -- Up-to-date symlink: /home/sungbhin/AutoSDV_HPC/install/interfaces_pkg/share/interfaces_pkg/msg/Mask.idl
[1.488s] -- Up-to-date symlink: /home/sungbhin/AutoSDV_HPC/install/interfaces_pkg/share/interfaces_pkg/msg/KeyPoint2D.idl
[1.489s] -- Up-to-date symlink: /home/sungbhin/AutoSDV_HPC/install/interfaces_pkg/share/interfaces_pkg/msg/KeyPoint2DArray.idl
[1.489s] -- Up-to-date symlink: /home/sungbhin/AutoSDV_HPC/install/interfaces_pkg/share/interfaces_pkg/msg/KeyPoint3D.idl
[1.489s] -- Up-to-date symlink: /home/sungbhin/AutoSDV_HPC/install/interfaces_pkg/share/interfaces_pkg/msg/KeyPoint3DArray.idl
[1.489s] -- Up-to-date symlink: /home/sungbhin/AutoSDV_HPC/install/interfaces_pkg/share/interfaces_pkg/msg/Detection.idl
[1.490s] -- Up-to-date symlink: /home/sungbhin/AutoSDV_HPC/install/interfaces_pkg/share/interfaces_pkg/msg/DetectionArray.idl
[1.490s] -- Up-to-date symlink: /home/sungbhin/AutoSDV_HPC/install/interfaces_pkg/share/interfaces_pkg/msg/LaneInfo.idl
[1.490s] -- Up-to-date symlink: /home/sungbhin/AutoSDV_HPC/install/interfaces_pkg/share/interfaces_pkg/msg/MotionCommand.idl
[1.490s] -- Up-to-date symlink: /home/sungbhin/AutoSDV_HPC/install/interfaces_pkg/share/interfaces_pkg/msg/TargetPoint.idl
[1.492s] -- Up-to-date symlink: /home/sungbhin/AutoSDV_HPC/install/interfaces_pkg/share/interfaces_pkg/msg/PathPlanningResult.idl
[1.493s] -- Up-to-date symlink: /home/sungbhin/AutoSDV_HPC/install/interfaces_pkg/share/interfaces_pkg/msg/Point2D.msg
[1.493s] -- Up-to-date symlink: /home/sungbhin/AutoSDV_HPC/install/interfaces_pkg/share/interfaces_pkg/msg/Vector2.msg
[1.493s] -- Up-to-date symlink: /home/sungbhin/AutoSDV_HPC/install/interfaces_pkg/share/interfaces_pkg/msg/Pose2D.msg
[1.494s] -- Up-to-date symlink: /home/sungbhin/AutoSDV_HPC/install/interfaces_pkg/share/interfaces_pkg/msg/BoundingBox2D.msg
[1.494s] -- Up-to-date symlink: /home/sungbhin/AutoSDV_HPC/install/interfaces_pkg/share/interfaces_pkg/msg/BoundingBox3D.msg
[1.494s] -- Up-to-date symlink: /home/sungbhin/AutoSDV_HPC/install/interfaces_pkg/share/interfaces_pkg/msg/Mask.msg
[1.494s] -- Up-to-date symlink: /home/sungbhin/AutoSDV_HPC/install/interfaces_pkg/share/interfaces_pkg/msg/KeyPoint2D.msg
[1.494s] -- Up-to-date symlink: /home/sungbhin/AutoSDV_HPC/install/interfaces_pkg/share/interfaces_pkg/msg/KeyPoint2DArray.msg
[1.494s] -- Up-to-date symlink: /home/sungbhin/AutoSDV_HPC/install/interfaces_pkg/share/interfaces_pkg/msg/KeyPoint3D.msg
[1.494s] -- Up-to-date symlink: /home/sungbhin/AutoSDV_HPC/install/interfaces_pkg/share/interfaces_pkg/msg/KeyPoint3DArray.msg
[1.495s] -- Up-to-date symlink: /home/sungbhin/AutoSDV_HPC/install/interfaces_pkg/share/interfaces_pkg/msg/Detection.msg
[1.495s] -- Up-to-date symlink: /home/sungbhin/AutoSDV_HPC/install/interfaces_pkg/share/interfaces_pkg/msg/DetectionArray.msg
[1.495s] -- Up-to-date symlink: /home/sungbhin/AutoSDV_HPC/install/interfaces_pkg/share/interfaces_pkg/msg/LaneInfo.msg
[1.495s] -- Up-to-date symlink: /home/sungbhin/AutoSDV_HPC/install/interfaces_pkg/share/interfaces_pkg/msg/MotionCommand.msg
[1.495s] -- Up-to-date symlink: /home/sungbhin/AutoSDV_HPC/install/interfaces_pkg/share/interfaces_pkg/msg/TargetPoint.msg
[1.495s] -- Up-to-date symlink: /home/sungbhin/AutoSDV_HPC/install/interfaces_pkg/share/interfaces_pkg/msg/PathPlanningResult.msg
[1.495s] -- Up-to-date symlink: /home/sungbhin/AutoSDV_HPC/install/interfaces_pkg/share/ament_index/resource_index/package_run_dependencies/interfaces_pkg
[1.496s] -- Up-to-date symlink: /home/sungbhin/AutoSDV_HPC/install/interfaces_pkg/share/ament_index/resource_index/parent_prefix_path/interfaces_pkg
[1.496s] -- Up-to-date symlink: /home/sungbhin/AutoSDV_HPC/install/interfaces_pkg/share/interfaces_pkg/environment/ament_prefix_path.sh
[1.496s] -- Up-to-date symlink: /home/sungbhin/AutoSDV_HPC/install/interfaces_pkg/share/interfaces_pkg/environment/ament_prefix_path.dsv
[1.496s] -- Up-to-date symlink: /home/sungbhin/AutoSDV_HPC/install/interfaces_pkg/share/interfaces_pkg/environment/path.sh
[1.496s] -- Up-to-date symlink: /home/sungbhin/AutoSDV_HPC/install/interfaces_pkg/share/interfaces_pkg/environment/path.dsv
[1.496s] -- Up-to-date symlink: /home/sungbhin/AutoSDV_HPC/install/interfaces_pkg/share/interfaces_pkg/local_setup.bash
[1.496s] -- Up-to-date symlink: /home/sungbhin/AutoSDV_HPC/install/interfaces_pkg/share/interfaces_pkg/local_setup.sh
[1.496s] -- Up-to-date symlink: /home/sungbhin/AutoSDV_HPC/install/interfaces_pkg/share/interfaces_pkg/local_setup.zsh
[1.496s] -- Up-to-date symlink: /home/sungbhin/AutoSDV_HPC/install/interfaces_pkg/share/interfaces_pkg/local_setup.dsv
[1.497s] -- Symlinking: /home/sungbhin/AutoSDV_HPC/install/interfaces_pkg/share/interfaces_pkg/package.dsv
[1.497s] -- Up-to-date symlink: /home/sungbhin/AutoSDV_HPC/install/interfaces_pkg/share/ament_index/resource_index/packages/interfaces_pkg
[1.497s] -- Up-to-date symlink: /home/sungbhin/AutoSDV_HPC/install/interfaces_pkg/share/interfaces_pkg/cmake/rosidl_cmake-extras.cmake
[1.497s] -- Up-to-date symlink: /home/sungbhin/AutoSDV_HPC/install/interfaces_pkg/share/interfaces_pkg/cmake/ament_cmake_export_dependencies-extras.cmake
[1.497s] -- Up-to-date symlink: /home/sungbhin/AutoSDV_HPC/install/interfaces_pkg/share/interfaces_pkg/cmake/ament_cmake_export_include_directories-extras.cmake
[1.498s] -- Up-to-date symlink: /home/sungbhin/AutoSDV_HPC/install/interfaces_pkg/share/interfaces_pkg/cmake/ament_cmake_export_libraries-extras.cmake
[1.498s] -- Up-to-date symlink: /home/sungbhin/AutoSDV_HPC/install/interfaces_pkg/share/interfaces_pkg/cmake/ament_cmake_export_targets-extras.cmake
[1.498s] -- Up-to-date symlink: /home/sungbhin/AutoSDV_HPC/install/interfaces_pkg/share/interfaces_pkg/cmake/rosidl_cmake_export_typesupport_targets-extras.cmake
[1.498s] -- Up-to-date symlink: /home/sungbhin/AutoSDV_HPC/install/interfaces_pkg/share/interfaces_pkg/cmake/rosidl_cmake_export_typesupport_libraries-extras.cmake
[1.498s] -- Up-to-date symlink: /home/sungbhin/AutoSDV_HPC/install/interfaces_pkg/share/interfaces_pkg/cmake/interfaces_pkgConfig.cmake
[1.498s] -- Up-to-date symlink: /home/sungbhin/AutoSDV_HPC/install/interfaces_pkg/share/interfaces_pkg/cmake/interfaces_pkgConfig-version.cmake
[1.498s] -- Up-to-date symlink: /home/sungbhin/AutoSDV_HPC/install/interfaces_pkg/share/interfaces_pkg/package.xml
[1.499s] -- Up-to-date: /home/sungbhin/AutoSDV_HPC/install/interfaces_pkg/lib/libinterfaces_pkg__rosidl_generator_c.so
[1.499s] -- Up-to-date: /home/sungbhin/AutoSDV_HPC/install/interfaces_pkg/lib/libinterfaces_pkg__rosidl_typesupport_fastrtps_c.so
[1.499s] -- Up-to-date: /home/sungbhin/AutoSDV_HPC/install/interfaces_pkg/lib/libinterfaces_pkg__rosidl_typesupport_introspection_c.so
[1.499s] -- Up-to-date: /home/sungbhin/AutoSDV_HPC/install/interfaces_pkg/lib/libinterfaces_pkg__rosidl_typesupport_c.so
[1.499s] -- Up-to-date: /home/sungbhin/AutoSDV_HPC/install/interfaces_pkg/lib/libinterfaces_pkg__rosidl_typesupport_fastrtps_cpp.so
[1.499s] -- Up-to-date: /home/sungbhin/AutoSDV_HPC/install/interfaces_pkg/lib/libinterfaces_pkg__rosidl_typesupport_introspection_cpp.so
[1.500s] -- Up-to-date: /home/sungbhin/AutoSDV_HPC/install/interfaces_pkg/lib/libinterfaces_pkg__rosidl_typesupport_cpp.so
[1.502s] Listing '/home/sungbhin/AutoSDV_HPC/install/interfaces_pkg/local/lib/python3.10/dist-packages/interfaces_pkg'...
[1.503s] Listing '/home/sungbhin/AutoSDV_HPC/install/interfaces_pkg/local/lib/python3.10/dist-packages/interfaces_pkg/msg'...
[1.503s] -- Up-to-date: /home/sungbhin/AutoSDV_HPC/install/interfaces_pkg/lib/libinterfaces_pkg__rosidl_generator_py.so
[1.503s] -- Up-to-date: /home/sungbhin/AutoSDV_HPC/install/interfaces_pkg/share/interfaces_pkg/cmake/export_interfaces_pkg__rosidl_generator_cExport.cmake
[1.503s] -- Up-to-date: /home/sungbhin/AutoSDV_HPC/install/interfaces_pkg/share/interfaces_pkg/cmake/export_interfaces_pkg__rosidl_generator_cExport-noconfig.cmake
[1.504s] -- Up-to-date: /home/sungbhin/AutoSDV_HPC/install/interfaces_pkg/share/interfaces_pkg/cmake/export_interfaces_pkg__rosidl_typesupport_fastrtps_cExport.cmake
[1.504s] -- Up-to-date: /home/sungbhin/AutoSDV_HPC/install/interfaces_pkg/share/interfaces_pkg/cmake/export_interfaces_pkg__rosidl_typesupport_fastrtps_cExport-noconfig.cmake
[1.504s] -- Up-to-date: /home/sungbhin/AutoSDV_HPC/install/interfaces_pkg/share/interfaces_pkg/cmake/interfaces_pkg__rosidl_typesupport_introspection_cExport.cmake
[1.504s] -- Up-to-date: /home/sungbhin/AutoSDV_HPC/install/interfaces_pkg/share/interfaces_pkg/cmake/interfaces_pkg__rosidl_typesupport_introspection_cExport-noconfig.cmake
[1.505s] -- Up-to-date: /home/sungbhin/AutoSDV_HPC/install/interfaces_pkg/share/interfaces_pkg/cmake/interfaces_pkg__rosidl_typesupport_cExport.cmake
[1.505s] -- Up-to-date: /home/sungbhin/AutoSDV_HPC/install/interfaces_pkg/share/interfaces_pkg/cmake/interfaces_pkg__rosidl_typesupport_cExport-noconfig.cmake
[1.505s] -- Up-to-date: /home/sungbhin/AutoSDV_HPC/install/interfaces_pkg/share/interfaces_pkg/cmake/export_interfaces_pkg__rosidl_generator_cppExport.cmake
[1.506s] -- Up-to-date: /home/sungbhin/AutoSDV_HPC/install/interfaces_pkg/share/interfaces_pkg/cmake/export_interfaces_pkg__rosidl_typesupport_fastrtps_cppExport.cmake
[1.507s] -- Up-to-date: /home/sungbhin/AutoSDV_HPC/install/interfaces_pkg/share/interfaces_pkg/cmake/export_interfaces_pkg__rosidl_typesupport_fastrtps_cppExport-noconfig.cmake
[1.507s] -- Up-to-date: /home/sungbhin/AutoSDV_HPC/install/interfaces_pkg/share/interfaces_pkg/cmake/interfaces_pkg__rosidl_typesupport_introspection_cppExport.cmake
[1.507s] -- Up-to-date: /home/sungbhin/AutoSDV_HPC/install/interfaces_pkg/share/interfaces_pkg/cmake/interfaces_pkg__rosidl_typesupport_introspection_cppExport-noconfig.cmake
[1.507s] -- Up-to-date: /home/sungbhin/AutoSDV_HPC/install/interfaces_pkg/share/interfaces_pkg/cmake/interfaces_pkg__rosidl_typesupport_cppExport.cmake
[1.507s] -- Up-to-date: /home/sungbhin/AutoSDV_HPC/install/interfaces_pkg/share/interfaces_pkg/cmake/interfaces_pkg__rosidl_typesupport_cppExport-noconfig.cmake
[1.507s] -- Up-to-date: /home/sungbhin/AutoSDV_HPC/install/interfaces_pkg/share/interfaces_pkg/cmake/export_interfaces_pkg__rosidl_generator_pyExport.cmake
[1.508s] -- Up-to-date: /home/sungbhin/AutoSDV_HPC/install/interfaces_pkg/share/interfaces_pkg/cmake/export_interfaces_pkg__rosidl_generator_pyExport-noconfig.cmake
[1.525s] Invoked command in '/home/sungbhin/AutoSDV_HPC/build/interfaces_pkg' returned '0': CMAKE_PREFIX_PATH=${CMAKE_PREFIX_PATH}:/home/sungbhin/AutoSDV_HPC/install/serial_communication_pkg:/home/sungbhin/AutoSDV_HPC/install/ota_update_manager:/home/sungbhin/AutoSDV_HPC/install/lidar_perception_pkg:/home/sungbhin/AutoSDV_HPC/install/data_collection_pkg:/home/sungbhin/AutoSDV_HPC/install/decision_making_pkg:/home/sungbhin/AutoSDV_HPC/install/debug_pkg:/home/sungbhin/AutoSDV_HPC/install/camera_perception_pkg:/opt/ros/humble /usr/local/bin/cmake --install /home/sungbhin/AutoSDV_HPC/build/interfaces_pkg
