-- Found ament_cmake: 1.3.12 (/opt/ros/humble/share/ament_cmake/cmake)
-- Found Python3: /usr/bin/python3 (found version "3.10.12") found components: Interpreter 
-- Override CMake install command with custom implementation using symlinks instead of copying resources
-- Found rosidl_default_generators: 1.2.0 (/opt/ros/humble/share/rosidl_default_generators/cmake)
-- Using all available rosidl_typesupport_c: rosidl_typesupport_fastrtps_c;rosidl_typesupport_introspection_c
-- Found rosidl_adapter: 3.1.7 (/opt/ros/humble/share/rosidl_adapter/cmake)
-- Using all available rosidl_typesupport_cpp: rosidl_typesupport_fastrtps_cpp;rosidl_typesupport_introspection_cpp
-- Found std_msgs: 4.9.0 (/opt/ros/humble/share/std_msgs/cmake)
-- Found ament_cmake_ros: 0.10.0 (/opt/ros/humble/share/ament_cmake_ros/cmake)
-- Using all available rosidl_typesupport_c: rosidl_typesupport_fastrtps_c;rosidl_typesupport_introspection_c
-- Using all available rosidl_typesupport_cpp: rosidl_typesupport_fastrtps_cpp;rosidl_typesupport_introspection_cpp
-- Found PythonInterp: /usr/bin/python3 (found suitable version "3.10.12", minimum required is "3.6") 
-- Found python_cmake_module: 0.10.0 (/opt/ros/humble/share/python_cmake_module/cmake)
-- Found PythonLibs: /usr/lib/x86_64-linux-gnu/libpython3.10.so (found suitable version "3.10.12", minimum required is "3.5") 
-- Using PYTHON_EXECUTABLE: /usr/bin/python3
-- Using PYTHON_INCLUDE_DIRS: /usr/include/python3.10
-- Using PYTHON_LIBRARIES: /usr/lib/x86_64-linux-gnu/libpython3.10.so
-- Found PythonExtra: .so  
-- Configuring done
-- Generating done
-- Build files have been written to: /home/autolab/AutoSDV_HPC/build/ota_update_interfaces
[  3%] [34m[1mGenerating C code for ROS interfaces[0m
[  6%] [34m[1mGenerating C++ code for ROS interfaces[0m
[  6%] Built target ament_cmake_python_symlink_ota_update_interfaces
[  6%] Built target ota_update_interfaces__cpp
[  9%] [34m[1mGenerating C++ type support for eProsima Fast-RTPS[0m
[ 12%] [34m[1mGenerating C++ introspection for ROS interfaces[0m
[ 16%] [34m[1mGenerating C++ type support dispatch for ROS interfaces[0m
running egg_info
creating ota_update_interfaces.egg-info
writing ota_update_interfaces.egg-info/PKG-INFO
writing dependency_links to ota_update_interfaces.egg-info/dependency_links.txt
writing top-level names to ota_update_interfaces.egg-info/top_level.txt
writing manifest file 'ota_update_interfaces.egg-info/SOURCES.txt'
[ 19%] [32mBuilding C object CMakeFiles/ota_update_interfaces__rosidl_generator_c.dir/rosidl_generator_c/ota_update_interfaces/msg/detail/update_notification__functions.c.o[0m
reading manifest file 'ota_update_interfaces.egg-info/SOURCES.txt'
writing manifest file 'ota_update_interfaces.egg-info/SOURCES.txt'
[ 19%] Built target ament_cmake_python_build_ota_update_interfaces_egg
[ 22%] [32m[1mLinking C shared library libota_update_interfaces__rosidl_generator_c.so[0m
[ 22%] Built target ota_update_interfaces__rosidl_generator_c
[ 25%] [34m[1mGenerating C type support for eProsima Fast-RTPS[0m
[ 32%] [34m[1mGenerating C type support dispatch for ROS interfaces[0m
[ 32%] [34m[1mGenerating C introspection for ROS interfaces[0m
[ 35%] [32mBuilding CXX object CMakeFiles/ota_update_interfaces__rosidl_typesupport_cpp.dir/rosidl_typesupport_cpp/ota_update_interfaces/msg/update_notification__type_support.cpp.o[0m
[ 38%] [32mBuilding CXX object CMakeFiles/ota_update_interfaces__rosidl_typesupport_introspection_cpp.dir/rosidl_typesupport_introspection_cpp/ota_update_interfaces/msg/detail/update_notification__type_support.cpp.o[0m
[ 41%] [32mBuilding CXX object CMakeFiles/ota_update_interfaces__rosidl_typesupport_fastrtps_cpp.dir/rosidl_typesupport_fastrtps_cpp/ota_update_interfaces/msg/detail/dds_fastrtps/update_notification__type_support.cpp.o[0m
[ 45%] [32mBuilding CXX object CMakeFiles/ota_update_interfaces__rosidl_typesupport_c.dir/rosidl_typesupport_c/ota_update_interfaces/msg/update_notification__type_support.cpp.o[0m
[ 48%] [32mBuilding C object CMakeFiles/ota_update_interfaces__rosidl_typesupport_introspection_c.dir/rosidl_typesupport_introspection_c/ota_update_interfaces/msg/detail/update_notification__type_support.c.o[0m
[ 51%] [32mBuilding CXX object CMakeFiles/ota_update_interfaces__rosidl_typesupport_fastrtps_c.dir/rosidl_typesupport_fastrtps_c/ota_update_interfaces/msg/detail/update_notification__type_support_c.cpp.o[0m
[ 54%] [32m[1mLinking CXX shared library libota_update_interfaces__rosidl_typesupport_c.so[0m
[ 58%] [32m[1mLinking C shared library libota_update_interfaces__rosidl_typesupport_introspection_c.so[0m
[ 58%] Built target ota_update_interfaces__rosidl_typesupport_c
[ 58%] Built target ota_update_interfaces__rosidl_typesupport_introspection_c
[ 61%] [32m[1mLinking CXX shared library libota_update_interfaces__rosidl_typesupport_cpp.so[0m
[ 61%] Built target ota_update_interfaces__rosidl_typesupport_cpp
[ 64%] [32m[1mLinking CXX shared library libota_update_interfaces__rosidl_typesupport_introspection_cpp.so[0m
[ 67%] [32m[1mLinking CXX shared library libota_update_interfaces__rosidl_typesupport_fastrtps_cpp.so[0m
[ 67%] Built target ota_update_interfaces__rosidl_typesupport_introspection_cpp
[ 67%] Built target ota_update_interfaces__rosidl_typesupport_fastrtps_cpp
[ 70%] [32m[1mLinking CXX shared library libota_update_interfaces__rosidl_typesupport_fastrtps_c.so[0m
[ 70%] Built target ota_update_interfaces__rosidl_typesupport_fastrtps_c
[ 70%] Built target ota_update_interfaces
[ 74%] [34m[1mGenerating Python code for ROS interfaces[0m
[ 74%] Built target ota_update_interfaces__py
[ 77%] [32mBuilding C object CMakeFiles/ota_update_interfaces__rosidl_generator_py.dir/rosidl_generator_py/ota_update_interfaces/msg/_update_notification_s.c.o[0m
[ 80%] [32m[1mLinking C shared library rosidl_generator_py/ota_update_interfaces/libota_update_interfaces__rosidl_generator_py.so[0m
[ 80%] Built target ota_update_interfaces__rosidl_generator_py
[ 83%] [32mBuilding C object CMakeFiles/ota_update_interfaces__rosidl_typesupport_c__pyext.dir/rosidl_generator_py/ota_update_interfaces/_ota_update_interfaces_s.ep.rosidl_typesupport_c.c.o[0m
[ 87%] [32mBuilding C object CMakeFiles/ota_update_interfaces__rosidl_typesupport_fastrtps_c__pyext.dir/rosidl_generator_py/ota_update_interfaces/_ota_update_interfaces_s.ep.rosidl_typesupport_fastrtps_c.c.o[0m
[ 90%] [32mBuilding C object CMakeFiles/ota_update_interfaces__rosidl_typesupport_introspection_c__pyext.dir/rosidl_generator_py/ota_update_interfaces/_ota_update_interfaces_s.ep.rosidl_typesupport_introspection_c.c.o[0m
[100%] [32m[1mLinking C shared library rosidl_generator_py/ota_update_interfaces/ota_update_interfaces_s__rosidl_typesupport_c.cpython-310-x86_64-linux-gnu.so[0m
[100%] [32m[1mLinking C shared library rosidl_generator_py/ota_update_interfaces/ota_update_interfaces_s__rosidl_typesupport_fastrtps_c.cpython-310-x86_64-linux-gnu.so[0m
[100%] [32m[1mLinking C shared library rosidl_generator_py/ota_update_interfaces/ota_update_interfaces_s__rosidl_typesupport_introspection_c.cpython-310-x86_64-linux-gnu.so[0m
[100%] Built target ota_update_interfaces__rosidl_typesupport_fastrtps_c__pyext
[100%] Built target ota_update_interfaces__rosidl_typesupport_c__pyext
[100%] Built target ota_update_interfaces__rosidl_typesupport_introspection_c__pyext
-- Install configuration: ""
-- Execute custom install script
-- Symlinking: /home/autolab/AutoSDV_HPC/install/ota_update_interfaces/share/ament_index/resource_index/rosidl_interfaces/ota_update_interfaces
-- Symlinking: /home/autolab/AutoSDV_HPC/install/ota_update_interfaces/include/ota_update_interfaces/ota_update_interfaces/msg/detail/update_notification__functions.h
-- Symlinking: /home/autolab/AutoSDV_HPC/install/ota_update_interfaces/include/ota_update_interfaces/ota_update_interfaces/msg/detail/update_notification__struct.h
-- Symlinking: /home/autolab/AutoSDV_HPC/install/ota_update_interfaces/include/ota_update_interfaces/ota_update_interfaces/msg/detail/update_notification__type_support.h
-- Symlinking: /home/autolab/AutoSDV_HPC/install/ota_update_interfaces/include/ota_update_interfaces/ota_update_interfaces/msg/rosidl_generator_c__visibility_control.h
-- Symlinking: /home/autolab/AutoSDV_HPC/install/ota_update_interfaces/include/ota_update_interfaces/ota_update_interfaces/msg/update_notification.h
-- Symlinking: /home/autolab/AutoSDV_HPC/install/ota_update_interfaces/share/ota_update_interfaces/environment/library_path.sh
-- Symlinking: /home/autolab/AutoSDV_HPC/install/ota_update_interfaces/share/ota_update_interfaces/environment/library_path.dsv
-- Symlinking: /home/autolab/AutoSDV_HPC/install/ota_update_interfaces/include/ota_update_interfaces/ota_update_interfaces/msg/detail/update_notification__rosidl_typesupport_fastrtps_c.h
-- Symlinking: /home/autolab/AutoSDV_HPC/install/ota_update_interfaces/include/ota_update_interfaces/ota_update_interfaces/msg/rosidl_typesupport_fastrtps_c__visibility_control.h
-- Symlinking: /home/autolab/AutoSDV_HPC/install/ota_update_interfaces/include/ota_update_interfaces/ota_update_interfaces/msg/detail/update_notification__rosidl_typesupport_introspection_c.h
-- Symlinking: /home/autolab/AutoSDV_HPC/install/ota_update_interfaces/include/ota_update_interfaces/ota_update_interfaces/msg/rosidl_typesupport_introspection_c__visibility_control.h
-- Symlinking: /home/autolab/AutoSDV_HPC/install/ota_update_interfaces/include/ota_update_interfaces/ota_update_interfaces/msg/detail/update_notification__builder.hpp
-- Symlinking: /home/autolab/AutoSDV_HPC/install/ota_update_interfaces/include/ota_update_interfaces/ota_update_interfaces/msg/detail/update_notification__struct.hpp
-- Symlinking: /home/autolab/AutoSDV_HPC/install/ota_update_interfaces/include/ota_update_interfaces/ota_update_interfaces/msg/detail/update_notification__traits.hpp
-- Symlinking: /home/autolab/AutoSDV_HPC/install/ota_update_interfaces/include/ota_update_interfaces/ota_update_interfaces/msg/detail/update_notification__type_support.hpp
-- Symlinking: /home/autolab/AutoSDV_HPC/install/ota_update_interfaces/include/ota_update_interfaces/ota_update_interfaces/msg/rosidl_generator_cpp__visibility_control.hpp
-- Symlinking: /home/autolab/AutoSDV_HPC/install/ota_update_interfaces/include/ota_update_interfaces/ota_update_interfaces/msg/update_notification.hpp
-- Symlinking: /home/autolab/AutoSDV_HPC/install/ota_update_interfaces/include/ota_update_interfaces/ota_update_interfaces/msg/detail/update_notification__rosidl_typesupport_fastrtps_cpp.hpp
-- Symlinking: /home/autolab/AutoSDV_HPC/install/ota_update_interfaces/include/ota_update_interfaces/ota_update_interfaces/msg/rosidl_typesupport_fastrtps_cpp__visibility_control.h
-- Symlinking: /home/autolab/AutoSDV_HPC/install/ota_update_interfaces/include/ota_update_interfaces/ota_update_interfaces/msg/detail/update_notification__rosidl_typesupport_introspection_cpp.hpp
-- Symlinking: /home/autolab/AutoSDV_HPC/install/ota_update_interfaces/share/ota_update_interfaces/environment/pythonpath.sh
-- Symlinking: /home/autolab/AutoSDV_HPC/install/ota_update_interfaces/share/ota_update_interfaces/environment/pythonpath.dsv
-- Symlinking: /home/autolab/AutoSDV_HPC/install/ota_update_interfaces/local/lib/python3.10/dist-packages/ota_update_interfaces-0.0.1-py3.10.egg-info/PKG-INFO
-- Symlinking: /home/autolab/AutoSDV_HPC/install/ota_update_interfaces/local/lib/python3.10/dist-packages/ota_update_interfaces-0.0.1-py3.10.egg-info/SOURCES.txt
-- Symlinking: /home/autolab/AutoSDV_HPC/install/ota_update_interfaces/local/lib/python3.10/dist-packages/ota_update_interfaces-0.0.1-py3.10.egg-info/dependency_links.txt
-- Symlinking: /home/autolab/AutoSDV_HPC/install/ota_update_interfaces/local/lib/python3.10/dist-packages/ota_update_interfaces-0.0.1-py3.10.egg-info/top_level.txt
-- Symlinking: /home/autolab/AutoSDV_HPC/install/ota_update_interfaces/local/lib/python3.10/dist-packages/ota_update_interfaces/__init__.py
-- Symlinking: /home/autolab/AutoSDV_HPC/install/ota_update_interfaces/local/lib/python3.10/dist-packages/ota_update_interfaces/_ota_update_interfaces_s.ep.rosidl_typesupport_c.c
-- Symlinking: /home/autolab/AutoSDV_HPC/install/ota_update_interfaces/local/lib/python3.10/dist-packages/ota_update_interfaces/_ota_update_interfaces_s.ep.rosidl_typesupport_fastrtps_c.c
-- Symlinking: /home/autolab/AutoSDV_HPC/install/ota_update_interfaces/local/lib/python3.10/dist-packages/ota_update_interfaces/_ota_update_interfaces_s.ep.rosidl_typesupport_introspection_c.c
-- Symlinking: /home/autolab/AutoSDV_HPC/install/ota_update_interfaces/local/lib/python3.10/dist-packages/ota_update_interfaces/libota_update_interfaces__rosidl_generator_py.so
-- Symlinking: /home/autolab/AutoSDV_HPC/install/ota_update_interfaces/local/lib/python3.10/dist-packages/ota_update_interfaces/msg/__init__.py
-- Symlinking: /home/autolab/AutoSDV_HPC/install/ota_update_interfaces/local/lib/python3.10/dist-packages/ota_update_interfaces/msg/_update_notification.py
-- Symlinking: /home/autolab/AutoSDV_HPC/install/ota_update_interfaces/local/lib/python3.10/dist-packages/ota_update_interfaces/msg/_update_notification_s.c
-- Symlinking: /home/autolab/AutoSDV_HPC/install/ota_update_interfaces/local/lib/python3.10/dist-packages/ota_update_interfaces/ota_update_interfaces_s__rosidl_typesupport_c.cpython-310-x86_64-linux-gnu.so
-- Symlinking: /home/autolab/AutoSDV_HPC/install/ota_update_interfaces/local/lib/python3.10/dist-packages/ota_update_interfaces/ota_update_interfaces_s__rosidl_typesupport_fastrtps_c.cpython-310-x86_64-linux-gnu.so
-- Symlinking: /home/autolab/AutoSDV_HPC/install/ota_update_interfaces/local/lib/python3.10/dist-packages/ota_update_interfaces/ota_update_interfaces_s__rosidl_typesupport_introspection_c.cpython-310-x86_64-linux-gnu.so
-- Up-to-date symlink: /home/autolab/AutoSDV_HPC/install/ota_update_interfaces/local/lib/python3.10/dist-packages/ota_update_interfaces/ota_update_interfaces_s__rosidl_typesupport_fastrtps_c.cpython-310-x86_64-linux-gnu.so
-- Up-to-date symlink: /home/autolab/AutoSDV_HPC/install/ota_update_interfaces/local/lib/python3.10/dist-packages/ota_update_interfaces/ota_update_interfaces_s__rosidl_typesupport_introspection_c.cpython-310-x86_64-linux-gnu.so
-- Up-to-date symlink: /home/autolab/AutoSDV_HPC/install/ota_update_interfaces/local/lib/python3.10/dist-packages/ota_update_interfaces/ota_update_interfaces_s__rosidl_typesupport_c.cpython-310-x86_64-linux-gnu.so
-- Symlinking: /home/autolab/AutoSDV_HPC/install/ota_update_interfaces/share/ota_update_interfaces/msg/UpdateNotification.idl
-- Symlinking: /home/autolab/AutoSDV_HPC/install/ota_update_interfaces/share/ota_update_interfaces/msg/UpdateNotification.msg
-- Symlinking: /home/autolab/AutoSDV_HPC/install/ota_update_interfaces/share/ament_index/resource_index/package_run_dependencies/ota_update_interfaces
-- Symlinking: /home/autolab/AutoSDV_HPC/install/ota_update_interfaces/share/ament_index/resource_index/parent_prefix_path/ota_update_interfaces
-- Symlinking: /home/autolab/AutoSDV_HPC/install/ota_update_interfaces/share/ota_update_interfaces/environment/ament_prefix_path.sh
-- Symlinking: /home/autolab/AutoSDV_HPC/install/ota_update_interfaces/share/ota_update_interfaces/environment/ament_prefix_path.dsv
-- Symlinking: /home/autolab/AutoSDV_HPC/install/ota_update_interfaces/share/ota_update_interfaces/environment/path.sh
-- Symlinking: /home/autolab/AutoSDV_HPC/install/ota_update_interfaces/share/ota_update_interfaces/environment/path.dsv
-- Symlinking: /home/autolab/AutoSDV_HPC/install/ota_update_interfaces/share/ota_update_interfaces/local_setup.bash
-- Symlinking: /home/autolab/AutoSDV_HPC/install/ota_update_interfaces/share/ota_update_interfaces/local_setup.sh
-- Symlinking: /home/autolab/AutoSDV_HPC/install/ota_update_interfaces/share/ota_update_interfaces/local_setup.zsh
-- Symlinking: /home/autolab/AutoSDV_HPC/install/ota_update_interfaces/share/ota_update_interfaces/local_setup.dsv
-- Symlinking: /home/autolab/AutoSDV_HPC/install/ota_update_interfaces/share/ota_update_interfaces/package.dsv
-- Symlinking: /home/autolab/AutoSDV_HPC/install/ota_update_interfaces/share/ament_index/resource_index/packages/ota_update_interfaces
-- Symlinking: /home/autolab/AutoSDV_HPC/install/ota_update_interfaces/share/ota_update_interfaces/cmake/rosidl_cmake-extras.cmake
-- Symlinking: /home/autolab/AutoSDV_HPC/install/ota_update_interfaces/share/ota_update_interfaces/cmake/ament_cmake_export_dependencies-extras.cmake
-- Symlinking: /home/autolab/AutoSDV_HPC/install/ota_update_interfaces/share/ota_update_interfaces/cmake/ament_cmake_export_include_directories-extras.cmake
-- Symlinking: /home/autolab/AutoSDV_HPC/install/ota_update_interfaces/share/ota_update_interfaces/cmake/ament_cmake_export_libraries-extras.cmake
-- Symlinking: /home/autolab/AutoSDV_HPC/install/ota_update_interfaces/share/ota_update_interfaces/cmake/ament_cmake_export_targets-extras.cmake
-- Symlinking: /home/autolab/AutoSDV_HPC/install/ota_update_interfaces/share/ota_update_interfaces/cmake/rosidl_cmake_export_typesupport_targets-extras.cmake
-- Symlinking: /home/autolab/AutoSDV_HPC/install/ota_update_interfaces/share/ota_update_interfaces/cmake/rosidl_cmake_export_typesupport_libraries-extras.cmake
-- Symlinking: /home/autolab/AutoSDV_HPC/install/ota_update_interfaces/share/ota_update_interfaces/cmake/ota_update_interfacesConfig.cmake
-- Symlinking: /home/autolab/AutoSDV_HPC/install/ota_update_interfaces/share/ota_update_interfaces/cmake/ota_update_interfacesConfig-version.cmake
-- Symlinking: /home/autolab/AutoSDV_HPC/install/ota_update_interfaces/share/ota_update_interfaces/package.xml
-- Installing: /home/autolab/AutoSDV_HPC/install/ota_update_interfaces/lib/libota_update_interfaces__rosidl_generator_c.so
-- Set runtime path of "/home/autolab/AutoSDV_HPC/install/ota_update_interfaces/lib/libota_update_interfaces__rosidl_generator_c.so" to ""
-- Installing: /home/autolab/AutoSDV_HPC/install/ota_update_interfaces/lib/libota_update_interfaces__rosidl_typesupport_fastrtps_c.so
-- Set runtime path of "/home/autolab/AutoSDV_HPC/install/ota_update_interfaces/lib/libota_update_interfaces__rosidl_typesupport_fastrtps_c.so" to ""
-- Installing: /home/autolab/AutoSDV_HPC/install/ota_update_interfaces/lib/libota_update_interfaces__rosidl_typesupport_introspection_c.so
-- Set runtime path of "/home/autolab/AutoSDV_HPC/install/ota_update_interfaces/lib/libota_update_interfaces__rosidl_typesupport_introspection_c.so" to ""
-- Installing: /home/autolab/AutoSDV_HPC/install/ota_update_interfaces/lib/libota_update_interfaces__rosidl_typesupport_c.so
-- Set runtime path of "/home/autolab/AutoSDV_HPC/install/ota_update_interfaces/lib/libota_update_interfaces__rosidl_typesupport_c.so" to ""
-- Installing: /home/autolab/AutoSDV_HPC/install/ota_update_interfaces/lib/libota_update_interfaces__rosidl_typesupport_fastrtps_cpp.so
-- Set runtime path of "/home/autolab/AutoSDV_HPC/install/ota_update_interfaces/lib/libota_update_interfaces__rosidl_typesupport_fastrtps_cpp.so" to ""
-- Installing: /home/autolab/AutoSDV_HPC/install/ota_update_interfaces/lib/libota_update_interfaces__rosidl_typesupport_introspection_cpp.so
-- Set runtime path of "/home/autolab/AutoSDV_HPC/install/ota_update_interfaces/lib/libota_update_interfaces__rosidl_typesupport_introspection_cpp.so" to ""
-- Installing: /home/autolab/AutoSDV_HPC/install/ota_update_interfaces/lib/libota_update_interfaces__rosidl_typesupport_cpp.so
-- Set runtime path of "/home/autolab/AutoSDV_HPC/install/ota_update_interfaces/lib/libota_update_interfaces__rosidl_typesupport_cpp.so" to ""
Listing '/home/autolab/AutoSDV_HPC/install/ota_update_interfaces/local/lib/python3.10/dist-packages/ota_update_interfaces'...
Compiling '/home/autolab/AutoSDV_HPC/install/ota_update_interfaces/local/lib/python3.10/dist-packages/ota_update_interfaces/__init__.py'...
Listing '/home/autolab/AutoSDV_HPC/install/ota_update_interfaces/local/lib/python3.10/dist-packages/ota_update_interfaces/msg'...
Compiling '/home/autolab/AutoSDV_HPC/install/ota_update_interfaces/local/lib/python3.10/dist-packages/ota_update_interfaces/msg/__init__.py'...
Compiling '/home/autolab/AutoSDV_HPC/install/ota_update_interfaces/local/lib/python3.10/dist-packages/ota_update_interfaces/msg/_update_notification.py'...
-- Installing: /home/autolab/AutoSDV_HPC/install/ota_update_interfaces/lib/libota_update_interfaces__rosidl_generator_py.so
-- Set runtime path of "/home/autolab/AutoSDV_HPC/install/ota_update_interfaces/lib/libota_update_interfaces__rosidl_generator_py.so" to ""
-- Installing: /home/autolab/AutoSDV_HPC/install/ota_update_interfaces/share/ota_update_interfaces/cmake/export_ota_update_interfaces__rosidl_generator_cExport.cmake
-- Installing: /home/autolab/AutoSDV_HPC/install/ota_update_interfaces/share/ota_update_interfaces/cmake/export_ota_update_interfaces__rosidl_generator_cExport-noconfig.cmake
-- Installing: /home/autolab/AutoSDV_HPC/install/ota_update_interfaces/share/ota_update_interfaces/cmake/export_ota_update_interfaces__rosidl_typesupport_fastrtps_cExport.cmake
-- Installing: /home/autolab/AutoSDV_HPC/install/ota_update_interfaces/share/ota_update_interfaces/cmake/export_ota_update_interfaces__rosidl_typesupport_fastrtps_cExport-noconfig.cmake
-- Installing: /home/autolab/AutoSDV_HPC/install/ota_update_interfaces/share/ota_update_interfaces/cmake/ota_update_interfaces__rosidl_typesupport_introspection_cExport.cmake
-- Installing: /home/autolab/AutoSDV_HPC/install/ota_update_interfaces/share/ota_update_interfaces/cmake/ota_update_interfaces__rosidl_typesupport_introspection_cExport-noconfig.cmake
-- Installing: /home/autolab/AutoSDV_HPC/install/ota_update_interfaces/share/ota_update_interfaces/cmake/ota_update_interfaces__rosidl_typesupport_cExport.cmake
-- Installing: /home/autolab/AutoSDV_HPC/install/ota_update_interfaces/share/ota_update_interfaces/cmake/ota_update_interfaces__rosidl_typesupport_cExport-noconfig.cmake
-- Installing: /home/autolab/AutoSDV_HPC/install/ota_update_interfaces/share/ota_update_interfaces/cmake/export_ota_update_interfaces__rosidl_generator_cppExport.cmake
-- Installing: /home/autolab/AutoSDV_HPC/install/ota_update_interfaces/share/ota_update_interfaces/cmake/export_ota_update_interfaces__rosidl_typesupport_fastrtps_cppExport.cmake
-- Installing: /home/autolab/AutoSDV_HPC/install/ota_update_interfaces/share/ota_update_interfaces/cmake/export_ota_update_interfaces__rosidl_typesupport_fastrtps_cppExport-noconfig.cmake
-- Installing: /home/autolab/AutoSDV_HPC/install/ota_update_interfaces/share/ota_update_interfaces/cmake/ota_update_interfaces__rosidl_typesupport_introspection_cppExport.cmake
-- Installing: /home/autolab/AutoSDV_HPC/install/ota_update_interfaces/share/ota_update_interfaces/cmake/ota_update_interfaces__rosidl_typesupport_introspection_cppExport-noconfig.cmake
-- Installing: /home/autolab/AutoSDV_HPC/install/ota_update_interfaces/share/ota_update_interfaces/cmake/ota_update_interfaces__rosidl_typesupport_cppExport.cmake
-- Installing: /home/autolab/AutoSDV_HPC/install/ota_update_interfaces/share/ota_update_interfaces/cmake/ota_update_interfaces__rosidl_typesupport_cppExport-noconfig.cmake
-- Installing: /home/autolab/AutoSDV_HPC/install/ota_update_interfaces/share/ota_update_interfaces/cmake/export_ota_update_interfaces__rosidl_generator_pyExport.cmake
-- Installing: /home/autolab/AutoSDV_HPC/install/ota_update_interfaces/share/ota_update_interfaces/cmake/export_ota_update_interfaces__rosidl_generator_pyExport-noconfig.cmake
