[0.026s] Invoking command in '/home/autolab/AutoSDV_HPC/build/ota_update_interfaces': CMAKE_PREFIX_PATH=${CMAKE_PREFIX_PATH}:/opt/ros/humble:/home/autolab/AutoSDV_HPC/install/serial_communication_pkg:/home/autolab/AutoSDV_HPC/install/ota_update_manager:/home/autolab/AutoSDV_HPC/install/lidar_perception_pkg:/home/autolab/AutoSDV_HPC/install/data_collection_pkg:/home/autolab/AutoSDV_HPC/install/decision_making_pkg:/home/autolab/AutoSDV_HPC/install/debug_pkg:/home/autolab/AutoSDV_HPC/install/camera_perception_pkg /usr/bin/cmake /home/autolab/AutoSDV_HPC/src/ota_update_interfaces -DAMENT_CMAKE_SYMLINK_INSTALL=1 -DCMAKE_INSTALL_PREFIX=/home/autolab/AutoSDV_HPC/install/ota_update_interfaces
[0.638s] -- Found ament_cmake: 1.3.12 (/opt/ros/humble/share/ament_cmake/cmake)
[0.638s] -- Found Python3: /usr/bin/python3 (found version "3.10.12") found components: Interpreter 
[0.639s] -- Override CMake install command with custom implementation using symlinks instead of copying resources
[0.639s] -- Found rosidl_default_generators: 1.2.0 (/opt/ros/humble/share/rosidl_default_generators/cmake)
[0.639s] -- Using all available rosidl_typesupport_c: rosidl_typesupport_fastrtps_c;rosidl_typesupport_introspection_c
[0.639s] -- Found rosidl_adapter: 3.1.7 (/opt/ros/humble/share/rosidl_adapter/cmake)
[0.639s] -- Using all available rosidl_typesupport_cpp: rosidl_typesupport_fastrtps_cpp;rosidl_typesupport_introspection_cpp
[0.639s] -- Found std_msgs: 4.9.0 (/opt/ros/humble/share/std_msgs/cmake)
[0.639s] -- Found ament_cmake_ros: 0.10.0 (/opt/ros/humble/share/ament_cmake_ros/cmake)
[0.639s] -- Using all available rosidl_typesupport_c: rosidl_typesupport_fastrtps_c;rosidl_typesupport_introspection_c
[0.794s] -- Using all available rosidl_typesupport_cpp: rosidl_typesupport_fastrtps_cpp;rosidl_typesupport_introspection_cpp
[0.811s] -- Found PythonInterp: /usr/bin/python3 (found suitable version "3.10.12", minimum required is "3.6") 
[0.812s] -- Found python_cmake_module: 0.10.0 (/opt/ros/humble/share/python_cmake_module/cmake)
[0.833s] -- Found PythonLibs: /usr/lib/x86_64-linux-gnu/libpython3.10.so (found suitable version "3.10.12", minimum required is "3.5") 
[0.833s] -- Using PYTHON_EXECUTABLE: /usr/bin/python3
[0.833s] -- Using PYTHON_INCLUDE_DIRS: /usr/include/python3.10
[0.833s] -- Using PYTHON_LIBRARIES: /usr/lib/x86_64-linux-gnu/libpython3.10.so
[0.847s] -- Found PythonExtra: .so  
[0.883s] -- Configuring done
[0.907s] -- Generating done
[0.914s] -- Build files have been written to: /home/autolab/AutoSDV_HPC/build/ota_update_interfaces
[0.919s] Invoked command in '/home/autolab/AutoSDV_HPC/build/ota_update_interfaces' returned '0': CMAKE_PREFIX_PATH=${CMAKE_PREFIX_PATH}:/opt/ros/humble:/home/autolab/AutoSDV_HPC/install/serial_communication_pkg:/home/autolab/AutoSDV_HPC/install/ota_update_manager:/home/autolab/AutoSDV_HPC/install/lidar_perception_pkg:/home/autolab/AutoSDV_HPC/install/data_collection_pkg:/home/autolab/AutoSDV_HPC/install/decision_making_pkg:/home/autolab/AutoSDV_HPC/install/debug_pkg:/home/autolab/AutoSDV_HPC/install/camera_perception_pkg /usr/bin/cmake /home/autolab/AutoSDV_HPC/src/ota_update_interfaces -DAMENT_CMAKE_SYMLINK_INSTALL=1 -DCMAKE_INSTALL_PREFIX=/home/autolab/AutoSDV_HPC/install/ota_update_interfaces
[0.920s] Invoking command in '/home/autolab/AutoSDV_HPC/build/ota_update_interfaces': CMAKE_PREFIX_PATH=${CMAKE_PREFIX_PATH}:/opt/ros/humble:/home/autolab/AutoSDV_HPC/install/serial_communication_pkg:/home/autolab/AutoSDV_HPC/install/ota_update_manager:/home/autolab/AutoSDV_HPC/install/lidar_perception_pkg:/home/autolab/AutoSDV_HPC/install/data_collection_pkg:/home/autolab/AutoSDV_HPC/install/decision_making_pkg:/home/autolab/AutoSDV_HPC/install/debug_pkg:/home/autolab/AutoSDV_HPC/install/camera_perception_pkg /usr/bin/cmake --build /home/autolab/AutoSDV_HPC/build/ota_update_interfaces -- -j32 -l32
[0.947s] [  3%] [34m[1mGenerating C code for ROS interfaces[0m
[0.954s] [  6%] [34m[1mGenerating C++ code for ROS interfaces[0m
[0.961s] [  6%] Built target ament_cmake_python_symlink_ota_update_interfaces
[1.098s] [  6%] Built target ota_update_interfaces__cpp
[1.105s] [  9%] [34m[1mGenerating C++ type support for eProsima Fast-RTPS[0m
[1.106s] [ 12%] [34m[1mGenerating C++ introspection for ROS interfaces[0m
[1.106s] [ 16%] [34m[1mGenerating C++ type support dispatch for ROS interfaces[0m
[1.107s] running egg_info
[1.108s] creating ota_update_interfaces.egg-info
[1.108s] writing ota_update_interfaces.egg-info/PKG-INFO
[1.108s] writing dependency_links to ota_update_interfaces.egg-info/dependency_links.txt
[1.108s] writing top-level names to ota_update_interfaces.egg-info/top_level.txt
[1.108s] writing manifest file 'ota_update_interfaces.egg-info/SOURCES.txt'
[1.109s] [ 19%] [32mBuilding C object CMakeFiles/ota_update_interfaces__rosidl_generator_c.dir/rosidl_generator_c/ota_update_interfaces/msg/detail/update_notification__functions.c.o[0m
[1.109s] reading manifest file 'ota_update_interfaces.egg-info/SOURCES.txt'
[1.110s] writing manifest file 'ota_update_interfaces.egg-info/SOURCES.txt'
[1.130s] [ 19%] Built target ament_cmake_python_build_ota_update_interfaces_egg
[1.155s] [ 22%] [32m[1mLinking C shared library libota_update_interfaces__rosidl_generator_c.so[0m
[1.182s] [ 22%] Built target ota_update_interfaces__rosidl_generator_c
[1.190s] [ 25%] [34m[1mGenerating C type support for eProsima Fast-RTPS[0m
[1.190s] [ 32%] [34m[1mGenerating C type support dispatch for ROS interfaces[0m
[1.190s] [ 32%] [34m[1mGenerating C introspection for ROS interfaces[0m
[1.248s] [ 35%] [32mBuilding CXX object CMakeFiles/ota_update_interfaces__rosidl_typesupport_cpp.dir/rosidl_typesupport_cpp/ota_update_interfaces/msg/update_notification__type_support.cpp.o[0m
[1.262s] [ 38%] [32mBuilding CXX object CMakeFiles/ota_update_interfaces__rosidl_typesupport_introspection_cpp.dir/rosidl_typesupport_introspection_cpp/ota_update_interfaces/msg/detail/update_notification__type_support.cpp.o[0m
[1.262s] [ 41%] [32mBuilding CXX object CMakeFiles/ota_update_interfaces__rosidl_typesupport_fastrtps_cpp.dir/rosidl_typesupport_fastrtps_cpp/ota_update_interfaces/msg/detail/dds_fastrtps/update_notification__type_support.cpp.o[0m
[1.329s] [ 45%] [32mBuilding CXX object CMakeFiles/ota_update_interfaces__rosidl_typesupport_c.dir/rosidl_typesupport_c/ota_update_interfaces/msg/update_notification__type_support.cpp.o[0m
[1.342s] [ 48%] [32mBuilding C object CMakeFiles/ota_update_interfaces__rosidl_typesupport_introspection_c.dir/rosidl_typesupport_introspection_c/ota_update_interfaces/msg/detail/update_notification__type_support.c.o[0m
[1.346s] [ 51%] [32mBuilding CXX object CMakeFiles/ota_update_interfaces__rosidl_typesupport_fastrtps_c.dir/rosidl_typesupport_fastrtps_c/ota_update_interfaces/msg/detail/update_notification__type_support_c.cpp.o[0m
[1.350s] [ 54%] [32m[1mLinking CXX shared library libota_update_interfaces__rosidl_typesupport_c.so[0m
[1.364s] [ 58%] [32m[1mLinking C shared library libota_update_interfaces__rosidl_typesupport_introspection_c.so[0m
[1.377s] [ 58%] Built target ota_update_interfaces__rosidl_typesupport_c
[1.385s] [ 58%] Built target ota_update_interfaces__rosidl_typesupport_introspection_c
[1.417s] [ 61%] [32m[1mLinking CXX shared library libota_update_interfaces__rosidl_typesupport_cpp.so[0m
[1.442s] [ 61%] Built target ota_update_interfaces__rosidl_typesupport_cpp
[1.478s] [ 64%] [32m[1mLinking CXX shared library libota_update_interfaces__rosidl_typesupport_introspection_cpp.so[0m
[1.483s] [ 67%] [32m[1mLinking CXX shared library libota_update_interfaces__rosidl_typesupport_fastrtps_cpp.so[0m
[1.515s] [ 67%] Built target ota_update_interfaces__rosidl_typesupport_introspection_cpp
[1.528s] [ 67%] Built target ota_update_interfaces__rosidl_typesupport_fastrtps_cpp
[1.535s] [ 70%] [32m[1mLinking CXX shared library libota_update_interfaces__rosidl_typesupport_fastrtps_c.so[0m
[1.575s] [ 70%] Built target ota_update_interfaces__rosidl_typesupport_fastrtps_c
[1.586s] [ 70%] Built target ota_update_interfaces
[1.599s] [ 74%] [34m[1mGenerating Python code for ROS interfaces[0m
[1.760s] [ 74%] Built target ota_update_interfaces__py
[1.778s] [ 77%] [32mBuilding C object CMakeFiles/ota_update_interfaces__rosidl_generator_py.dir/rosidl_generator_py/ota_update_interfaces/msg/_update_notification_s.c.o[0m
[1.870s] [ 80%] [32m[1mLinking C shared library rosidl_generator_py/ota_update_interfaces/libota_update_interfaces__rosidl_generator_py.so[0m
[1.900s] [ 80%] Built target ota_update_interfaces__rosidl_generator_py
[1.913s] [ 83%] [32mBuilding C object CMakeFiles/ota_update_interfaces__rosidl_typesupport_c__pyext.dir/rosidl_generator_py/ota_update_interfaces/_ota_update_interfaces_s.ep.rosidl_typesupport_c.c.o[0m
[1.914s] [ 87%] [32mBuilding C object CMakeFiles/ota_update_interfaces__rosidl_typesupport_fastrtps_c__pyext.dir/rosidl_generator_py/ota_update_interfaces/_ota_update_interfaces_s.ep.rosidl_typesupport_fastrtps_c.c.o[0m
[1.914s] [ 90%] [32mBuilding C object CMakeFiles/ota_update_interfaces__rosidl_typesupport_introspection_c__pyext.dir/rosidl_generator_py/ota_update_interfaces/_ota_update_interfaces_s.ep.rosidl_typesupport_introspection_c.c.o[0m
[1.980s] [100%] [32m[1mLinking C shared library rosidl_generator_py/ota_update_interfaces/ota_update_interfaces_s__rosidl_typesupport_c.cpython-310-x86_64-linux-gnu.so[0m
[1.980s] [100%] [32m[1mLinking C shared library rosidl_generator_py/ota_update_interfaces/ota_update_interfaces_s__rosidl_typesupport_fastrtps_c.cpython-310-x86_64-linux-gnu.so[0m
[1.980s] [100%] [32m[1mLinking C shared library rosidl_generator_py/ota_update_interfaces/ota_update_interfaces_s__rosidl_typesupport_introspection_c.cpython-310-x86_64-linux-gnu.so[0m
[2.005s] [100%] Built target ota_update_interfaces__rosidl_typesupport_fastrtps_c__pyext
[2.005s] [100%] Built target ota_update_interfaces__rosidl_typesupport_c__pyext
[2.006s] [100%] Built target ota_update_interfaces__rosidl_typesupport_introspection_c__pyext
[2.014s] Invoked command in '/home/autolab/AutoSDV_HPC/build/ota_update_interfaces' returned '0': CMAKE_PREFIX_PATH=${CMAKE_PREFIX_PATH}:/opt/ros/humble:/home/autolab/AutoSDV_HPC/install/serial_communication_pkg:/home/autolab/AutoSDV_HPC/install/ota_update_manager:/home/autolab/AutoSDV_HPC/install/lidar_perception_pkg:/home/autolab/AutoSDV_HPC/install/data_collection_pkg:/home/autolab/AutoSDV_HPC/install/decision_making_pkg:/home/autolab/AutoSDV_HPC/install/debug_pkg:/home/autolab/AutoSDV_HPC/install/camera_perception_pkg /usr/bin/cmake --build /home/autolab/AutoSDV_HPC/build/ota_update_interfaces -- -j32 -l32
[2.015s] Invoking command in '/home/autolab/AutoSDV_HPC/build/ota_update_interfaces': CMAKE_PREFIX_PATH=${CMAKE_PREFIX_PATH}:/opt/ros/humble:/home/autolab/AutoSDV_HPC/install/serial_communication_pkg:/home/autolab/AutoSDV_HPC/install/ota_update_manager:/home/autolab/AutoSDV_HPC/install/lidar_perception_pkg:/home/autolab/AutoSDV_HPC/install/data_collection_pkg:/home/autolab/AutoSDV_HPC/install/decision_making_pkg:/home/autolab/AutoSDV_HPC/install/debug_pkg:/home/autolab/AutoSDV_HPC/install/camera_perception_pkg /usr/bin/cmake --install /home/autolab/AutoSDV_HPC/build/ota_update_interfaces
[2.020s] -- Install configuration: ""
[2.020s] -- Execute custom install script
[2.020s] -- Symlinking: /home/autolab/AutoSDV_HPC/install/ota_update_interfaces/share/ament_index/resource_index/rosidl_interfaces/ota_update_interfaces
[2.026s] -- Symlinking: /home/autolab/AutoSDV_HPC/install/ota_update_interfaces/include/ota_update_interfaces/ota_update_interfaces/msg/detail/update_notification__functions.h
[2.032s] -- Symlinking: /home/autolab/AutoSDV_HPC/install/ota_update_interfaces/include/ota_update_interfaces/ota_update_interfaces/msg/detail/update_notification__struct.h
[2.038s] -- Symlinking: /home/autolab/AutoSDV_HPC/install/ota_update_interfaces/include/ota_update_interfaces/ota_update_interfaces/msg/detail/update_notification__type_support.h
[2.043s] -- Symlinking: /home/autolab/AutoSDV_HPC/install/ota_update_interfaces/include/ota_update_interfaces/ota_update_interfaces/msg/rosidl_generator_c__visibility_control.h
[2.051s] -- Symlinking: /home/autolab/AutoSDV_HPC/install/ota_update_interfaces/include/ota_update_interfaces/ota_update_interfaces/msg/update_notification.h
[2.057s] -- Symlinking: /home/autolab/AutoSDV_HPC/install/ota_update_interfaces/share/ota_update_interfaces/environment/library_path.sh
[2.062s] -- Symlinking: /home/autolab/AutoSDV_HPC/install/ota_update_interfaces/share/ota_update_interfaces/environment/library_path.dsv
[2.069s] -- Symlinking: /home/autolab/AutoSDV_HPC/install/ota_update_interfaces/include/ota_update_interfaces/ota_update_interfaces/msg/detail/update_notification__rosidl_typesupport_fastrtps_c.h
[2.075s] -- Symlinking: /home/autolab/AutoSDV_HPC/install/ota_update_interfaces/include/ota_update_interfaces/ota_update_interfaces/msg/rosidl_typesupport_fastrtps_c__visibility_control.h
[2.081s] -- Symlinking: /home/autolab/AutoSDV_HPC/install/ota_update_interfaces/include/ota_update_interfaces/ota_update_interfaces/msg/detail/update_notification__rosidl_typesupport_introspection_c.h
[2.087s] -- Symlinking: /home/autolab/AutoSDV_HPC/install/ota_update_interfaces/include/ota_update_interfaces/ota_update_interfaces/msg/rosidl_typesupport_introspection_c__visibility_control.h
[2.093s] -- Symlinking: /home/autolab/AutoSDV_HPC/install/ota_update_interfaces/include/ota_update_interfaces/ota_update_interfaces/msg/detail/update_notification__builder.hpp
[2.099s] -- Symlinking: /home/autolab/AutoSDV_HPC/install/ota_update_interfaces/include/ota_update_interfaces/ota_update_interfaces/msg/detail/update_notification__struct.hpp
[2.104s] -- Symlinking: /home/autolab/AutoSDV_HPC/install/ota_update_interfaces/include/ota_update_interfaces/ota_update_interfaces/msg/detail/update_notification__traits.hpp
[2.110s] -- Symlinking: /home/autolab/AutoSDV_HPC/install/ota_update_interfaces/include/ota_update_interfaces/ota_update_interfaces/msg/detail/update_notification__type_support.hpp
[2.116s] -- Symlinking: /home/autolab/AutoSDV_HPC/install/ota_update_interfaces/include/ota_update_interfaces/ota_update_interfaces/msg/rosidl_generator_cpp__visibility_control.hpp
[2.121s] -- Symlinking: /home/autolab/AutoSDV_HPC/install/ota_update_interfaces/include/ota_update_interfaces/ota_update_interfaces/msg/update_notification.hpp
[2.127s] -- Symlinking: /home/autolab/AutoSDV_HPC/install/ota_update_interfaces/include/ota_update_interfaces/ota_update_interfaces/msg/detail/update_notification__rosidl_typesupport_fastrtps_cpp.hpp
[2.134s] -- Symlinking: /home/autolab/AutoSDV_HPC/install/ota_update_interfaces/include/ota_update_interfaces/ota_update_interfaces/msg/rosidl_typesupport_fastrtps_cpp__visibility_control.h
[2.140s] -- Symlinking: /home/autolab/AutoSDV_HPC/install/ota_update_interfaces/include/ota_update_interfaces/ota_update_interfaces/msg/detail/update_notification__rosidl_typesupport_introspection_cpp.hpp
[2.147s] -- Symlinking: /home/autolab/AutoSDV_HPC/install/ota_update_interfaces/share/ota_update_interfaces/environment/pythonpath.sh
[2.153s] -- Symlinking: /home/autolab/AutoSDV_HPC/install/ota_update_interfaces/share/ota_update_interfaces/environment/pythonpath.dsv
[2.159s] -- Symlinking: /home/autolab/AutoSDV_HPC/install/ota_update_interfaces/local/lib/python3.10/dist-packages/ota_update_interfaces-0.0.1-py3.10.egg-info/PKG-INFO
[2.165s] -- Symlinking: /home/autolab/AutoSDV_HPC/install/ota_update_interfaces/local/lib/python3.10/dist-packages/ota_update_interfaces-0.0.1-py3.10.egg-info/SOURCES.txt
[2.171s] -- Symlinking: /home/autolab/AutoSDV_HPC/install/ota_update_interfaces/local/lib/python3.10/dist-packages/ota_update_interfaces-0.0.1-py3.10.egg-info/dependency_links.txt
[2.179s] -- Symlinking: /home/autolab/AutoSDV_HPC/install/ota_update_interfaces/local/lib/python3.10/dist-packages/ota_update_interfaces-0.0.1-py3.10.egg-info/top_level.txt
[2.186s] -- Symlinking: /home/autolab/AutoSDV_HPC/install/ota_update_interfaces/local/lib/python3.10/dist-packages/ota_update_interfaces/__init__.py
[2.192s] -- Symlinking: /home/autolab/AutoSDV_HPC/install/ota_update_interfaces/local/lib/python3.10/dist-packages/ota_update_interfaces/_ota_update_interfaces_s.ep.rosidl_typesupport_c.c
[2.199s] -- Symlinking: /home/autolab/AutoSDV_HPC/install/ota_update_interfaces/local/lib/python3.10/dist-packages/ota_update_interfaces/_ota_update_interfaces_s.ep.rosidl_typesupport_fastrtps_c.c
[2.207s] -- Symlinking: /home/autolab/AutoSDV_HPC/install/ota_update_interfaces/local/lib/python3.10/dist-packages/ota_update_interfaces/_ota_update_interfaces_s.ep.rosidl_typesupport_introspection_c.c
[2.215s] -- Symlinking: /home/autolab/AutoSDV_HPC/install/ota_update_interfaces/local/lib/python3.10/dist-packages/ota_update_interfaces/libota_update_interfaces__rosidl_generator_py.so
[2.224s] -- Symlinking: /home/autolab/AutoSDV_HPC/install/ota_update_interfaces/local/lib/python3.10/dist-packages/ota_update_interfaces/msg/__init__.py
[2.235s] -- Symlinking: /home/autolab/AutoSDV_HPC/install/ota_update_interfaces/local/lib/python3.10/dist-packages/ota_update_interfaces/msg/_update_notification.py
[2.245s] -- Symlinking: /home/autolab/AutoSDV_HPC/install/ota_update_interfaces/local/lib/python3.10/dist-packages/ota_update_interfaces/msg/_update_notification_s.c
[2.255s] -- Symlinking: /home/autolab/AutoSDV_HPC/install/ota_update_interfaces/local/lib/python3.10/dist-packages/ota_update_interfaces/ota_update_interfaces_s__rosidl_typesupport_c.cpython-310-x86_64-linux-gnu.so
[2.265s] -- Symlinking: /home/autolab/AutoSDV_HPC/install/ota_update_interfaces/local/lib/python3.10/dist-packages/ota_update_interfaces/ota_update_interfaces_s__rosidl_typesupport_fastrtps_c.cpython-310-x86_64-linux-gnu.so
[2.278s] -- Symlinking: /home/autolab/AutoSDV_HPC/install/ota_update_interfaces/local/lib/python3.10/dist-packages/ota_update_interfaces/ota_update_interfaces_s__rosidl_typesupport_introspection_c.cpython-310-x86_64-linux-gnu.so
[2.289s] -- Up-to-date symlink: /home/autolab/AutoSDV_HPC/install/ota_update_interfaces/local/lib/python3.10/dist-packages/ota_update_interfaces/ota_update_interfaces_s__rosidl_typesupport_fastrtps_c.cpython-310-x86_64-linux-gnu.so
[2.289s] -- Up-to-date symlink: /home/autolab/AutoSDV_HPC/install/ota_update_interfaces/local/lib/python3.10/dist-packages/ota_update_interfaces/ota_update_interfaces_s__rosidl_typesupport_introspection_c.cpython-310-x86_64-linux-gnu.so
[2.289s] -- Up-to-date symlink: /home/autolab/AutoSDV_HPC/install/ota_update_interfaces/local/lib/python3.10/dist-packages/ota_update_interfaces/ota_update_interfaces_s__rosidl_typesupport_c.cpython-310-x86_64-linux-gnu.so
[2.290s] -- Symlinking: /home/autolab/AutoSDV_HPC/install/ota_update_interfaces/share/ota_update_interfaces/msg/UpdateNotification.idl
[2.301s] -- Symlinking: /home/autolab/AutoSDV_HPC/install/ota_update_interfaces/share/ota_update_interfaces/msg/UpdateNotification.msg
[2.312s] -- Symlinking: /home/autolab/AutoSDV_HPC/install/ota_update_interfaces/share/ament_index/resource_index/package_run_dependencies/ota_update_interfaces
[2.325s] -- Symlinking: /home/autolab/AutoSDV_HPC/install/ota_update_interfaces/share/ament_index/resource_index/parent_prefix_path/ota_update_interfaces
[2.338s] -- Symlinking: /home/autolab/AutoSDV_HPC/install/ota_update_interfaces/share/ota_update_interfaces/environment/ament_prefix_path.sh
[2.350s] -- Symlinking: /home/autolab/AutoSDV_HPC/install/ota_update_interfaces/share/ota_update_interfaces/environment/ament_prefix_path.dsv
[2.362s] -- Symlinking: /home/autolab/AutoSDV_HPC/install/ota_update_interfaces/share/ota_update_interfaces/environment/path.sh
[2.377s] -- Symlinking: /home/autolab/AutoSDV_HPC/install/ota_update_interfaces/share/ota_update_interfaces/environment/path.dsv
[2.398s] -- Symlinking: /home/autolab/AutoSDV_HPC/install/ota_update_interfaces/share/ota_update_interfaces/local_setup.bash
[2.416s] -- Symlinking: /home/autolab/AutoSDV_HPC/install/ota_update_interfaces/share/ota_update_interfaces/local_setup.sh
[2.426s] -- Symlinking: /home/autolab/AutoSDV_HPC/install/ota_update_interfaces/share/ota_update_interfaces/local_setup.zsh
[2.442s] -- Symlinking: /home/autolab/AutoSDV_HPC/install/ota_update_interfaces/share/ota_update_interfaces/local_setup.dsv
[2.454s] -- Symlinking: /home/autolab/AutoSDV_HPC/install/ota_update_interfaces/share/ota_update_interfaces/package.dsv
[2.468s] -- Symlinking: /home/autolab/AutoSDV_HPC/install/ota_update_interfaces/share/ament_index/resource_index/packages/ota_update_interfaces
[2.484s] -- Symlinking: /home/autolab/AutoSDV_HPC/install/ota_update_interfaces/share/ota_update_interfaces/cmake/rosidl_cmake-extras.cmake
[2.492s] -- Symlinking: /home/autolab/AutoSDV_HPC/install/ota_update_interfaces/share/ota_update_interfaces/cmake/ament_cmake_export_dependencies-extras.cmake
[2.502s] -- Symlinking: /home/autolab/AutoSDV_HPC/install/ota_update_interfaces/share/ota_update_interfaces/cmake/ament_cmake_export_include_directories-extras.cmake
[2.513s] -- Symlinking: /home/autolab/AutoSDV_HPC/install/ota_update_interfaces/share/ota_update_interfaces/cmake/ament_cmake_export_libraries-extras.cmake
[2.524s] -- Symlinking: /home/autolab/AutoSDV_HPC/install/ota_update_interfaces/share/ota_update_interfaces/cmake/ament_cmake_export_targets-extras.cmake
[2.539s] -- Symlinking: /home/autolab/AutoSDV_HPC/install/ota_update_interfaces/share/ota_update_interfaces/cmake/rosidl_cmake_export_typesupport_targets-extras.cmake
[2.554s] -- Symlinking: /home/autolab/AutoSDV_HPC/install/ota_update_interfaces/share/ota_update_interfaces/cmake/rosidl_cmake_export_typesupport_libraries-extras.cmake
[2.566s] -- Symlinking: /home/autolab/AutoSDV_HPC/install/ota_update_interfaces/share/ota_update_interfaces/cmake/ota_update_interfacesConfig.cmake
[2.578s] -- Symlinking: /home/autolab/AutoSDV_HPC/install/ota_update_interfaces/share/ota_update_interfaces/cmake/ota_update_interfacesConfig-version.cmake
[2.593s] -- Symlinking: /home/autolab/AutoSDV_HPC/install/ota_update_interfaces/share/ota_update_interfaces/package.xml
[2.603s] -- Installing: /home/autolab/AutoSDV_HPC/install/ota_update_interfaces/lib/libota_update_interfaces__rosidl_generator_c.so
[2.603s] -- Set runtime path of "/home/autolab/AutoSDV_HPC/install/ota_update_interfaces/lib/libota_update_interfaces__rosidl_generator_c.so" to ""
[2.603s] -- Installing: /home/autolab/AutoSDV_HPC/install/ota_update_interfaces/lib/libota_update_interfaces__rosidl_typesupport_fastrtps_c.so
[2.606s] -- Set runtime path of "/home/autolab/AutoSDV_HPC/install/ota_update_interfaces/lib/libota_update_interfaces__rosidl_typesupport_fastrtps_c.so" to ""
[2.607s] -- Installing: /home/autolab/AutoSDV_HPC/install/ota_update_interfaces/lib/libota_update_interfaces__rosidl_typesupport_introspection_c.so
[2.608s] -- Set runtime path of "/home/autolab/AutoSDV_HPC/install/ota_update_interfaces/lib/libota_update_interfaces__rosidl_typesupport_introspection_c.so" to ""
[2.608s] -- Installing: /home/autolab/AutoSDV_HPC/install/ota_update_interfaces/lib/libota_update_interfaces__rosidl_typesupport_c.so
[2.609s] -- Set runtime path of "/home/autolab/AutoSDV_HPC/install/ota_update_interfaces/lib/libota_update_interfaces__rosidl_typesupport_c.so" to ""
[2.609s] -- Installing: /home/autolab/AutoSDV_HPC/install/ota_update_interfaces/lib/libota_update_interfaces__rosidl_typesupport_fastrtps_cpp.so
[2.609s] -- Set runtime path of "/home/autolab/AutoSDV_HPC/install/ota_update_interfaces/lib/libota_update_interfaces__rosidl_typesupport_fastrtps_cpp.so" to ""
[2.610s] -- Installing: /home/autolab/AutoSDV_HPC/install/ota_update_interfaces/lib/libota_update_interfaces__rosidl_typesupport_introspection_cpp.so
[2.610s] -- Set runtime path of "/home/autolab/AutoSDV_HPC/install/ota_update_interfaces/lib/libota_update_interfaces__rosidl_typesupport_introspection_cpp.so" to ""
[2.610s] -- Installing: /home/autolab/AutoSDV_HPC/install/ota_update_interfaces/lib/libota_update_interfaces__rosidl_typesupport_cpp.so
[2.611s] -- Set runtime path of "/home/autolab/AutoSDV_HPC/install/ota_update_interfaces/lib/libota_update_interfaces__rosidl_typesupport_cpp.so" to ""
[2.680s] Listing '/home/autolab/AutoSDV_HPC/install/ota_update_interfaces/local/lib/python3.10/dist-packages/ota_update_interfaces'...
[2.681s] Compiling '/home/autolab/AutoSDV_HPC/install/ota_update_interfaces/local/lib/python3.10/dist-packages/ota_update_interfaces/__init__.py'...
[2.681s] Listing '/home/autolab/AutoSDV_HPC/install/ota_update_interfaces/local/lib/python3.10/dist-packages/ota_update_interfaces/msg'...
[2.681s] Compiling '/home/autolab/AutoSDV_HPC/install/ota_update_interfaces/local/lib/python3.10/dist-packages/ota_update_interfaces/msg/__init__.py'...
[2.681s] Compiling '/home/autolab/AutoSDV_HPC/install/ota_update_interfaces/local/lib/python3.10/dist-packages/ota_update_interfaces/msg/_update_notification.py'...
[2.685s] -- Installing: /home/autolab/AutoSDV_HPC/install/ota_update_interfaces/lib/libota_update_interfaces__rosidl_generator_py.so
[2.686s] -- Set runtime path of "/home/autolab/AutoSDV_HPC/install/ota_update_interfaces/lib/libota_update_interfaces__rosidl_generator_py.so" to ""
[2.686s] -- Installing: /home/autolab/AutoSDV_HPC/install/ota_update_interfaces/share/ota_update_interfaces/cmake/export_ota_update_interfaces__rosidl_generator_cExport.cmake
[2.686s] -- Installing: /home/autolab/AutoSDV_HPC/install/ota_update_interfaces/share/ota_update_interfaces/cmake/export_ota_update_interfaces__rosidl_generator_cExport-noconfig.cmake
[2.687s] -- Installing: /home/autolab/AutoSDV_HPC/install/ota_update_interfaces/share/ota_update_interfaces/cmake/export_ota_update_interfaces__rosidl_typesupport_fastrtps_cExport.cmake
[2.687s] -- Installing: /home/autolab/AutoSDV_HPC/install/ota_update_interfaces/share/ota_update_interfaces/cmake/export_ota_update_interfaces__rosidl_typesupport_fastrtps_cExport-noconfig.cmake
[2.687s] -- Installing: /home/autolab/AutoSDV_HPC/install/ota_update_interfaces/share/ota_update_interfaces/cmake/ota_update_interfaces__rosidl_typesupport_introspection_cExport.cmake
[2.687s] -- Installing: /home/autolab/AutoSDV_HPC/install/ota_update_interfaces/share/ota_update_interfaces/cmake/ota_update_interfaces__rosidl_typesupport_introspection_cExport-noconfig.cmake
[2.687s] -- Installing: /home/autolab/AutoSDV_HPC/install/ota_update_interfaces/share/ota_update_interfaces/cmake/ota_update_interfaces__rosidl_typesupport_cExport.cmake
[2.688s] -- Installing: /home/autolab/AutoSDV_HPC/install/ota_update_interfaces/share/ota_update_interfaces/cmake/ota_update_interfaces__rosidl_typesupport_cExport-noconfig.cmake
[2.688s] -- Installing: /home/autolab/AutoSDV_HPC/install/ota_update_interfaces/share/ota_update_interfaces/cmake/export_ota_update_interfaces__rosidl_generator_cppExport.cmake
[2.688s] -- Installing: /home/autolab/AutoSDV_HPC/install/ota_update_interfaces/share/ota_update_interfaces/cmake/export_ota_update_interfaces__rosidl_typesupport_fastrtps_cppExport.cmake
[2.688s] -- Installing: /home/autolab/AutoSDV_HPC/install/ota_update_interfaces/share/ota_update_interfaces/cmake/export_ota_update_interfaces__rosidl_typesupport_fastrtps_cppExport-noconfig.cmake
[2.689s] -- Installing: /home/autolab/AutoSDV_HPC/install/ota_update_interfaces/share/ota_update_interfaces/cmake/ota_update_interfaces__rosidl_typesupport_introspection_cppExport.cmake
[2.695s] -- Installing: /home/autolab/AutoSDV_HPC/install/ota_update_interfaces/share/ota_update_interfaces/cmake/ota_update_interfaces__rosidl_typesupport_introspection_cppExport-noconfig.cmake
[2.696s] -- Installing: /home/autolab/AutoSDV_HPC/install/ota_update_interfaces/share/ota_update_interfaces/cmake/ota_update_interfaces__rosidl_typesupport_cppExport.cmake
[2.696s] -- Installing: /home/autolab/AutoSDV_HPC/install/ota_update_interfaces/share/ota_update_interfaces/cmake/ota_update_interfaces__rosidl_typesupport_cppExport-noconfig.cmake
[2.696s] -- Installing: /home/autolab/AutoSDV_HPC/install/ota_update_interfaces/share/ota_update_interfaces/cmake/export_ota_update_interfaces__rosidl_generator_pyExport.cmake
[2.696s] -- Installing: /home/autolab/AutoSDV_HPC/install/ota_update_interfaces/share/ota_update_interfaces/cmake/export_ota_update_interfaces__rosidl_generator_pyExport-noconfig.cmake
[2.699s] Invoked command in '/home/autolab/AutoSDV_HPC/build/ota_update_interfaces' returned '0': CMAKE_PREFIX_PATH=${CMAKE_PREFIX_PATH}:/opt/ros/humble:/home/autolab/AutoSDV_HPC/install/serial_communication_pkg:/home/autolab/AutoSDV_HPC/install/ota_update_manager:/home/autolab/AutoSDV_HPC/install/lidar_perception_pkg:/home/autolab/AutoSDV_HPC/install/data_collection_pkg:/home/autolab/AutoSDV_HPC/install/decision_making_pkg:/home/autolab/AutoSDV_HPC/install/debug_pkg:/home/autolab/AutoSDV_HPC/install/camera_perception_pkg /usr/bin/cmake --install /home/autolab/AutoSDV_HPC/build/ota_update_interfaces
