[1.947s] Invoking command in '/home/sungbhin/AutoSDV_HPC/build/camera_perception_pkg': PYTHONPATH=/home/sungbhin/AutoSDV_HPC/build/camera_perception_pkg/prefix_override:/usr/lib/python3/dist-packages/colcon_core/task/python/colcon_distutils_commands:/home/sungbhin/AutoSDV_HPC/install/camera_perception_pkg/lib/python3.10/site-packages:${PYTHONPATH} /usr/bin/python3 -W ignore:setup.py install is deprecated -W ignore:easy_install command is deprecated setup.py develop --editable --build-directory /home/sungbhin/AutoSDV_HPC/build/camera_perception_pkg/build --no-deps symlink_data
[2.287s] running develop
[2.508s] running egg_info
[2.508s] creating camera_perception_pkg.egg-info
[2.508s] writing camera_perception_pkg.egg-info/PKG-INFO
[2.508s] writing dependency_links to camera_perception_pkg.egg-info/dependency_links.txt
[2.508s] writing entry points to camera_perception_pkg.egg-info/entry_points.txt
[2.509s] writing requirements to camera_perception_pkg.egg-info/requires.txt
[2.509s] writing top-level names to camera_perception_pkg.egg-info/top_level.txt
[2.509s] writing manifest file 'camera_perception_pkg.egg-info/SOURCES.txt'
[2.511s] reading manifest file 'camera_perception_pkg.egg-info/SOURCES.txt'
[2.512s] writing manifest file 'camera_perception_pkg.egg-info/SOURCES.txt'
[2.514s] running build_ext
[2.514s] Creating /home/sungbhin/AutoSDV_HPC/install/camera_perception_pkg/lib/python3.10/site-packages/camera-perception-pkg.egg-link (link to .)
[2.515s] Installing ethernet_image_publisher_node script to /home/sungbhin/AutoSDV_HPC/install/camera_perception_pkg/lib/camera_perception_pkg
[2.515s] Installing image_publisher_node script to /home/sungbhin/AutoSDV_HPC/install/camera_perception_pkg/lib/camera_perception_pkg
[2.515s] Installing lane_info_extractor_node script to /home/sungbhin/AutoSDV_HPC/install/camera_perception_pkg/lib/camera_perception_pkg
[2.516s] Installing traffic_light_detector_node script to /home/sungbhin/AutoSDV_HPC/install/camera_perception_pkg/lib/camera_perception_pkg
[2.516s] Installing yolov8_node script to /home/sungbhin/AutoSDV_HPC/install/camera_perception_pkg/lib/camera_perception_pkg
[2.516s] 
[2.516s] Installed /home/sungbhin/AutoSDV_HPC/build/camera_perception_pkg
[2.516s] running symlink_data
[2.516s] creating /home/sungbhin/AutoSDV_HPC/install/camera_perception_pkg/share/ament_index
[2.516s] creating /home/sungbhin/AutoSDV_HPC/install/camera_perception_pkg/share/ament_index/resource_index
[2.516s] creating /home/sungbhin/AutoSDV_HPC/install/camera_perception_pkg/share/ament_index/resource_index/packages
[2.516s] symbolically linking /home/sungbhin/AutoSDV_HPC/build/camera_perception_pkg/resource/camera_perception_pkg -> /home/sungbhin/AutoSDV_HPC/install/camera_perception_pkg/share/ament_index/resource_index/packages
[2.516s] symbolically linking /home/sungbhin/AutoSDV_HPC/build/camera_perception_pkg/package.xml -> /home/sungbhin/AutoSDV_HPC/install/camera_perception_pkg/share/camera_perception_pkg
[2.590s] Invoked command in '/home/sungbhin/AutoSDV_HPC/build/camera_perception_pkg' returned '0': PYTHONPATH=/home/sungbhin/AutoSDV_HPC/build/camera_perception_pkg/prefix_override:/usr/lib/python3/dist-packages/colcon_core/task/python/colcon_distutils_commands:/home/sungbhin/AutoSDV_HPC/install/camera_perception_pkg/lib/python3.10/site-packages:${PYTHONPATH} /usr/bin/python3 -W ignore:setup.py install is deprecated -W ignore:easy_install command is deprecated setup.py develop --editable --build-directory /home/sungbhin/AutoSDV_HPC/build/camera_perception_pkg/build --no-deps symlink_data
