[0.880s] Invoking command in '/home/sungbhin/AutoSDV_HPC/build/launch_pkg': CMAKE_PREFIX_PATH=${CMAKE_PREFIX_PATH}:/home/sungbhin/AutoSDV_HPC/install/serial_communication_pkg:/home/sungbhin/AutoSDV_HPC/install/lidar_perception_pkg:/home/sungbhin/AutoSDV_HPC/install/data_collection_pkg:/home/sungbhin/AutoSDV_HPC/install/decision_making_pkg:/home/sungbhin/AutoSDV_HPC/install/debug_pkg:/home/sungbhin/AutoSDV_HPC/install/camera_perception_pkg:/opt/ros/humble /usr/local/bin/cmake /home/sungbhin/AutoSDV_HPC/src/launch_pkg -DAMENT_CMAKE_SYMLINK_INSTALL=1 -DCMAKE_INSTALL_PREFIX=/home/sungbhin/AutoSDV_HPC/install/launch_pkg
[1.177s] -- The C compiler identification is GNU 11.4.0
[1.178s] -- The CXX compiler identification is GNU 11.4.0
[1.178s] -- Detecting C compiler ABI info
[1.178s] -- Detecting C compiler ABI info - done
[1.178s] -- Check for working C compiler: /usr/bin/cc - skipped
[1.178s] -- Detecting C compile features
[1.178s] -- Detecting C compile features - done
[1.178s] -- Detecting CXX compiler ABI info
[1.178s] [0mCMake Deprecation Warning at CMakeLists.txt:1 (cmake_minimum_required):
[1.178s]   Compatibility with CMake < 3.10 will be removed from a future version of
[1.178s]   CMake.
[1.178s] 
[1.178s]   Update the VERSION argument <min> value or use a ...<max> suffix to tell
[1.178s]   CMake that the project does not need compatibility with older versions.
[1.178s] 
[1.178s] [0m
[1.202s] -- Detecting CXX compiler ABI info - done
[1.220s] -- Check for working CXX compiler: /usr/bin/c++ - skipped
[1.220s] -- Detecting CXX compile features
[1.221s] -- Detecting CXX compile features - done
[1.230s] -- Found ament_cmake: 1.3.11 (/opt/ros/humble/share/ament_cmake/cmake)
[1.360s] -- Found Python3: /usr/bin/python3 (found version "3.10.12") found components: Interpreter
[1.420s] -- Override CMake install command with custom implementation using symlinks instead of copying resources
[1.450s] -- Found ament_lint_auto: 0.12.12 (/opt/ros/humble/share/ament_lint_auto/cmake)
[1.562s] -- Added test 'flake8' to check Python code syntax and style conventions
[1.563s] -- Added test 'lint_cmake' to check CMake code style
[1.563s] -- Added test 'pep257' to check Python code against some of the docstring style conventions in PEP 257
[1.565s] -- Added test 'xmllint' to check XML markup files
[1.567s] -- Configuring done (0.7s)
[1.574s] -- Generating done (0.0s)
[1.576s] -- Build files have been written to: /home/sungbhin/AutoSDV_HPC/build/launch_pkg
[1.583s] Invoked command in '/home/sungbhin/AutoSDV_HPC/build/launch_pkg' returned '0': CMAKE_PREFIX_PATH=${CMAKE_PREFIX_PATH}:/home/sungbhin/AutoSDV_HPC/install/serial_communication_pkg:/home/sungbhin/AutoSDV_HPC/install/lidar_perception_pkg:/home/sungbhin/AutoSDV_HPC/install/data_collection_pkg:/home/sungbhin/AutoSDV_HPC/install/decision_making_pkg:/home/sungbhin/AutoSDV_HPC/install/debug_pkg:/home/sungbhin/AutoSDV_HPC/install/camera_perception_pkg:/opt/ros/humble /usr/local/bin/cmake /home/sungbhin/AutoSDV_HPC/src/launch_pkg -DAMENT_CMAKE_SYMLINK_INSTALL=1 -DCMAKE_INSTALL_PREFIX=/home/sungbhin/AutoSDV_HPC/install/launch_pkg
[1.586s] Invoking command in '/home/sungbhin/AutoSDV_HPC/build/launch_pkg': CMAKE_PREFIX_PATH=${CMAKE_PREFIX_PATH}:/home/sungbhin/AutoSDV_HPC/install/serial_communication_pkg:/home/sungbhin/AutoSDV_HPC/install/lidar_perception_pkg:/home/sungbhin/AutoSDV_HPC/install/data_collection_pkg:/home/sungbhin/AutoSDV_HPC/install/decision_making_pkg:/home/sungbhin/AutoSDV_HPC/install/debug_pkg:/home/sungbhin/AutoSDV_HPC/install/camera_perception_pkg:/opt/ros/humble /usr/local/bin/cmake --build /home/sungbhin/AutoSDV_HPC/build/launch_pkg -- -j16 -l16
[1.613s] Invoked command in '/home/sungbhin/AutoSDV_HPC/build/launch_pkg' returned '0': CMAKE_PREFIX_PATH=${CMAKE_PREFIX_PATH}:/home/sungbhin/AutoSDV_HPC/install/serial_communication_pkg:/home/sungbhin/AutoSDV_HPC/install/lidar_perception_pkg:/home/sungbhin/AutoSDV_HPC/install/data_collection_pkg:/home/sungbhin/AutoSDV_HPC/install/decision_making_pkg:/home/sungbhin/AutoSDV_HPC/install/debug_pkg:/home/sungbhin/AutoSDV_HPC/install/camera_perception_pkg:/opt/ros/humble /usr/local/bin/cmake --build /home/sungbhin/AutoSDV_HPC/build/launch_pkg -- -j16 -l16
[1.623s] Invoking command in '/home/sungbhin/AutoSDV_HPC/build/launch_pkg': CMAKE_PREFIX_PATH=${CMAKE_PREFIX_PATH}:/home/sungbhin/AutoSDV_HPC/install/serial_communication_pkg:/home/sungbhin/AutoSDV_HPC/install/lidar_perception_pkg:/home/sungbhin/AutoSDV_HPC/install/data_collection_pkg:/home/sungbhin/AutoSDV_HPC/install/decision_making_pkg:/home/sungbhin/AutoSDV_HPC/install/debug_pkg:/home/sungbhin/AutoSDV_HPC/install/camera_perception_pkg:/opt/ros/humble /usr/local/bin/cmake --install /home/sungbhin/AutoSDV_HPC/build/launch_pkg
[1.627s] -- Install configuration: ""
[1.628s] -- Execute custom install script
[1.628s] -- Symlinking: /home/sungbhin/AutoSDV_HPC/install/launch_pkg/share/launch_pkg//launch/main.launch.py
[1.634s] -- Symlinking: /home/sungbhin/AutoSDV_HPC/install/launch_pkg/share/ament_index/resource_index/package_run_dependencies/launch_pkg
[1.639s] -- Symlinking: /home/sungbhin/AutoSDV_HPC/install/launch_pkg/share/ament_index/resource_index/parent_prefix_path/launch_pkg
[1.644s] -- Symlinking: /home/sungbhin/AutoSDV_HPC/install/launch_pkg/share/launch_pkg/environment/ament_prefix_path.sh
[1.650s] -- Symlinking: /home/sungbhin/AutoSDV_HPC/install/launch_pkg/share/launch_pkg/environment/ament_prefix_path.dsv
[1.655s] -- Symlinking: /home/sungbhin/AutoSDV_HPC/install/launch_pkg/share/launch_pkg/environment/path.sh
[1.660s] -- Symlinking: /home/sungbhin/AutoSDV_HPC/install/launch_pkg/share/launch_pkg/environment/path.dsv
[1.665s] -- Symlinking: /home/sungbhin/AutoSDV_HPC/install/launch_pkg/share/launch_pkg/local_setup.bash
[1.670s] -- Symlinking: /home/sungbhin/AutoSDV_HPC/install/launch_pkg/share/launch_pkg/local_setup.sh
[1.675s] -- Symlinking: /home/sungbhin/AutoSDV_HPC/install/launch_pkg/share/launch_pkg/local_setup.zsh
[1.680s] -- Symlinking: /home/sungbhin/AutoSDV_HPC/install/launch_pkg/share/launch_pkg/local_setup.dsv
[1.685s] -- Symlinking: /home/sungbhin/AutoSDV_HPC/install/launch_pkg/share/launch_pkg/package.dsv
[1.690s] -- Symlinking: /home/sungbhin/AutoSDV_HPC/install/launch_pkg/share/ament_index/resource_index/packages/launch_pkg
[1.695s] -- Symlinking: /home/sungbhin/AutoSDV_HPC/install/launch_pkg/share/launch_pkg/cmake/launch_pkgConfig.cmake
[1.700s] -- Symlinking: /home/sungbhin/AutoSDV_HPC/install/launch_pkg/share/launch_pkg/cmake/launch_pkgConfig-version.cmake
[1.706s] -- Symlinking: /home/sungbhin/AutoSDV_HPC/install/launch_pkg/share/launch_pkg/package.xml
[1.714s] Invoked command in '/home/sungbhin/AutoSDV_HPC/build/launch_pkg' returned '0': CMAKE_PREFIX_PATH=${CMAKE_PREFIX_PATH}:/home/sungbhin/AutoSDV_HPC/install/serial_communication_pkg:/home/sungbhin/AutoSDV_HPC/install/lidar_perception_pkg:/home/sungbhin/AutoSDV_HPC/install/data_collection_pkg:/home/sungbhin/AutoSDV_HPC/install/decision_making_pkg:/home/sungbhin/AutoSDV_HPC/install/debug_pkg:/home/sungbhin/AutoSDV_HPC/install/camera_perception_pkg:/opt/ros/humble /usr/local/bin/cmake --install /home/sungbhin/AutoSDV_HPC/build/launch_pkg
