[0.952s] Invoking command in '/home/autolab/AutoSDV_HPC/build/serial_communication_pkg': PYTHONPATH=/home/autolab/AutoSDV_HPC/build/serial_communication_pkg/prefix_override:/usr/lib/python3/dist-packages/colcon_core/task/python/colcon_distutils_commands:/home/autolab/AutoSDV_HPC/install/serial_communication_pkg/lib/python3.10/site-packages:${PYTHONPATH} /usr/bin/python3 -W ignore:setup.py install is deprecated -W ignore:easy_install command is deprecated setup.py develop --editable --build-directory /home/autolab/AutoSDV_HPC/build/serial_communication_pkg/build --no-deps symlink_data
[1.097s] running develop
[1.184s] running egg_info
[1.184s] creating serial_communication_pkg.egg-info
[1.184s] writing serial_communication_pkg.egg-info/PKG-INFO
[1.184s] writing dependency_links to serial_communication_pkg.egg-info/dependency_links.txt
[1.184s] writing entry points to serial_communication_pkg.egg-info/entry_points.txt
[1.184s] writing requirements to serial_communication_pkg.egg-info/requires.txt
[1.184s] writing top-level names to serial_communication_pkg.egg-info/top_level.txt
[1.184s] writing manifest file 'serial_communication_pkg.egg-info/SOURCES.txt'
[1.185s] reading manifest file 'serial_communication_pkg.egg-info/SOURCES.txt'
[1.186s] writing manifest file 'serial_communication_pkg.egg-info/SOURCES.txt'
[1.187s] running build_ext
[1.187s] Creating /home/autolab/AutoSDV_HPC/install/serial_communication_pkg/lib/python3.10/site-packages/serial-communication-pkg.egg-link (link to .)
[1.187s] Installing serial_sender_node script to /home/autolab/AutoSDV_HPC/install/serial_communication_pkg/lib/serial_communication_pkg
[1.187s] 
[1.188s] Installed /home/autolab/AutoSDV_HPC/build/serial_communication_pkg
[1.188s] running symlink_data
[1.188s] creating /home/autolab/AutoSDV_HPC/install/serial_communication_pkg/share/ament_index
[1.188s] creating /home/autolab/AutoSDV_HPC/install/serial_communication_pkg/share/ament_index/resource_index
[1.188s] creating /home/autolab/AutoSDV_HPC/install/serial_communication_pkg/share/ament_index/resource_index/packages
[1.188s] symbolically linking /home/autolab/AutoSDV_HPC/build/serial_communication_pkg/resource/serial_communication_pkg -> /home/autolab/AutoSDV_HPC/install/serial_communication_pkg/share/ament_index/resource_index/packages
[1.188s] symbolically linking /home/autolab/AutoSDV_HPC/build/serial_communication_pkg/package.xml -> /home/autolab/AutoSDV_HPC/install/serial_communication_pkg/share/serial_communication_pkg
[1.222s] Invoked command in '/home/autolab/AutoSDV_HPC/build/serial_communication_pkg' returned '0': PYTHONPATH=/home/autolab/AutoSDV_HPC/build/serial_communication_pkg/prefix_override:/usr/lib/python3/dist-packages/colcon_core/task/python/colcon_distutils_commands:/home/autolab/AutoSDV_HPC/install/serial_communication_pkg/lib/python3.10/site-packages:${PYTHONPATH} /usr/bin/python3 -W ignore:setup.py install is deprecated -W ignore:easy_install command is deprecated setup.py develop --editable --build-directory /home/autolab/AutoSDV_HPC/build/serial_communication_pkg/build --no-deps symlink_data
