[  3%] Built target ota_update_interfaces__cpp
[  3%] Built target ament_cmake_python_symlink_ota_update_interfaces
[ 12%] Built target ota_update_interfaces__rosidl_generator_c
[ 22%] Built target ota_update_interfaces__rosidl_typesupport_introspection_c
[ 32%] Built target ota_update_interfaces__rosidl_typesupport_c
[ 48%] Built target ota_update_interfaces__rosidl_typesupport_fastrtps_cpp
[ 51%] Built target ota_update_interfaces__rosidl_typesupport_cpp
[ 67%] Built target ota_update_interfaces__rosidl_typesupport_introspection_cpp
[ 70%] Built target ota_update_interfaces__rosidl_typesupport_fastrtps_c
[ 70%] Built target ota_update_interfaces
[ 74%] Built target ota_update_interfaces__py
[ 80%] Built target ota_update_interfaces__rosidl_generator_py
[100%] Built target ota_update_interfaces__rosidl_typesupport_fastrtps_c__pyext
[100%] Built target ota_update_interfaces__rosidl_typesupport_introspection_c__pyext
[100%] Built target ota_update_interfaces__rosidl_typesupport_c__pyext
running egg_info
writing ota_update_interfaces.egg-info/PKG-INFO
writing dependency_links to ota_update_interfaces.egg-info/dependency_links.txt
writing top-level names to ota_update_interfaces.egg-info/top_level.txt
reading manifest file 'ota_update_interfaces.egg-info/SOURCES.txt'
writing manifest file 'ota_update_interfaces.egg-info/SOURCES.txt'
[100%] Built target ament_cmake_python_build_ota_update_interfaces_egg
-- Install configuration: ""
-- Execute custom install script
-- Up-to-date symlink: /home/sungbhin/AutoSDV_HPC/install/ota_update_interfaces/share/ament_index/resource_index/rosidl_interfaces/ota_update_interfaces
-- Up-to-date symlink: /home/sungbhin/AutoSDV_HPC/install/ota_update_interfaces/include/ota_update_interfaces/ota_update_interfaces/msg/detail/update_notification__functions.h
-- Up-to-date symlink: /home/sungbhin/AutoSDV_HPC/install/ota_update_interfaces/include/ota_update_interfaces/ota_update_interfaces/msg/detail/update_notification__struct.h
-- Up-to-date symlink: /home/sungbhin/AutoSDV_HPC/install/ota_update_interfaces/include/ota_update_interfaces/ota_update_interfaces/msg/detail/update_notification__type_support.h
-- Up-to-date symlink: /home/sungbhin/AutoSDV_HPC/install/ota_update_interfaces/include/ota_update_interfaces/ota_update_interfaces/msg/rosidl_generator_c__visibility_control.h
-- Up-to-date symlink: /home/sungbhin/AutoSDV_HPC/install/ota_update_interfaces/include/ota_update_interfaces/ota_update_interfaces/msg/update_notification.h
-- Up-to-date symlink: /home/sungbhin/AutoSDV_HPC/install/ota_update_interfaces/share/ota_update_interfaces/environment/library_path.sh
-- Up-to-date symlink: /home/sungbhin/AutoSDV_HPC/install/ota_update_interfaces/share/ota_update_interfaces/environment/library_path.dsv
-- Up-to-date symlink: /home/sungbhin/AutoSDV_HPC/install/ota_update_interfaces/include/ota_update_interfaces/ota_update_interfaces/msg/detail/update_notification__rosidl_typesupport_fastrtps_c.h
-- Up-to-date symlink: /home/sungbhin/AutoSDV_HPC/install/ota_update_interfaces/include/ota_update_interfaces/ota_update_interfaces/msg/rosidl_typesupport_fastrtps_c__visibility_control.h
-- Up-to-date symlink: /home/sungbhin/AutoSDV_HPC/install/ota_update_interfaces/include/ota_update_interfaces/ota_update_interfaces/msg/detail/update_notification__rosidl_typesupport_introspection_c.h
-- Up-to-date symlink: /home/sungbhin/AutoSDV_HPC/install/ota_update_interfaces/include/ota_update_interfaces/ota_update_interfaces/msg/rosidl_typesupport_introspection_c__visibility_control.h
-- Up-to-date symlink: /home/sungbhin/AutoSDV_HPC/install/ota_update_interfaces/include/ota_update_interfaces/ota_update_interfaces/msg/detail/update_notification__builder.hpp
-- Up-to-date symlink: /home/sungbhin/AutoSDV_HPC/install/ota_update_interfaces/include/ota_update_interfaces/ota_update_interfaces/msg/detail/update_notification__struct.hpp
-- Up-to-date symlink: /home/sungbhin/AutoSDV_HPC/install/ota_update_interfaces/include/ota_update_interfaces/ota_update_interfaces/msg/detail/update_notification__traits.hpp
-- Up-to-date symlink: /home/sungbhin/AutoSDV_HPC/install/ota_update_interfaces/include/ota_update_interfaces/ota_update_interfaces/msg/detail/update_notification__type_support.hpp
-- Up-to-date symlink: /home/sungbhin/AutoSDV_HPC/install/ota_update_interfaces/include/ota_update_interfaces/ota_update_interfaces/msg/rosidl_generator_cpp__visibility_control.hpp
-- Up-to-date symlink: /home/sungbhin/AutoSDV_HPC/install/ota_update_interfaces/include/ota_update_interfaces/ota_update_interfaces/msg/update_notification.hpp
-- Up-to-date symlink: /home/sungbhin/AutoSDV_HPC/install/ota_update_interfaces/include/ota_update_interfaces/ota_update_interfaces/msg/detail/update_notification__rosidl_typesupport_fastrtps_cpp.hpp
-- Up-to-date symlink: /home/sungbhin/AutoSDV_HPC/install/ota_update_interfaces/include/ota_update_interfaces/ota_update_interfaces/msg/rosidl_typesupport_fastrtps_cpp__visibility_control.h
-- Up-to-date symlink: /home/sungbhin/AutoSDV_HPC/install/ota_update_interfaces/include/ota_update_interfaces/ota_update_interfaces/msg/detail/update_notification__rosidl_typesupport_introspection_cpp.hpp
-- Up-to-date symlink: /home/sungbhin/AutoSDV_HPC/install/ota_update_interfaces/share/ota_update_interfaces/environment/pythonpath.sh
-- Up-to-date symlink: /home/sungbhin/AutoSDV_HPC/install/ota_update_interfaces/share/ota_update_interfaces/environment/pythonpath.dsv
-- Up-to-date symlink: /home/sungbhin/AutoSDV_HPC/install/ota_update_interfaces/local/lib/python3.10/dist-packages/ota_update_interfaces-0.0.1-py3.10.egg-info/PKG-INFO
-- Up-to-date symlink: /home/sungbhin/AutoSDV_HPC/install/ota_update_interfaces/local/lib/python3.10/dist-packages/ota_update_interfaces-0.0.1-py3.10.egg-info/SOURCES.txt
-- Up-to-date symlink: /home/sungbhin/AutoSDV_HPC/install/ota_update_interfaces/local/lib/python3.10/dist-packages/ota_update_interfaces-0.0.1-py3.10.egg-info/dependency_links.txt
-- Up-to-date symlink: /home/sungbhin/AutoSDV_HPC/install/ota_update_interfaces/local/lib/python3.10/dist-packages/ota_update_interfaces-0.0.1-py3.10.egg-info/top_level.txt
-- Up-to-date symlink: /home/sungbhin/AutoSDV_HPC/install/ota_update_interfaces/local/lib/python3.10/dist-packages/ota_update_interfaces/__init__.py
-- Up-to-date symlink: /home/sungbhin/AutoSDV_HPC/install/ota_update_interfaces/local/lib/python3.10/dist-packages/ota_update_interfaces/_ota_update_interfaces_s.ep.rosidl_typesupport_c.c
-- Up-to-date symlink: /home/sungbhin/AutoSDV_HPC/install/ota_update_interfaces/local/lib/python3.10/dist-packages/ota_update_interfaces/_ota_update_interfaces_s.ep.rosidl_typesupport_fastrtps_c.c
-- Up-to-date symlink: /home/sungbhin/AutoSDV_HPC/install/ota_update_interfaces/local/lib/python3.10/dist-packages/ota_update_interfaces/_ota_update_interfaces_s.ep.rosidl_typesupport_introspection_c.c
-- Up-to-date symlink: /home/sungbhin/AutoSDV_HPC/install/ota_update_interfaces/local/lib/python3.10/dist-packages/ota_update_interfaces/libota_update_interfaces__rosidl_generator_py.so
-- Up-to-date symlink: /home/sungbhin/AutoSDV_HPC/install/ota_update_interfaces/local/lib/python3.10/dist-packages/ota_update_interfaces/msg/__init__.py
-- Up-to-date symlink: /home/sungbhin/AutoSDV_HPC/install/ota_update_interfaces/local/lib/python3.10/dist-packages/ota_update_interfaces/msg/_update_notification.py
-- Up-to-date symlink: /home/sungbhin/AutoSDV_HPC/install/ota_update_interfaces/local/lib/python3.10/dist-packages/ota_update_interfaces/msg/_update_notification_s.c
-- Up-to-date symlink: /home/sungbhin/AutoSDV_HPC/install/ota_update_interfaces/local/lib/python3.10/dist-packages/ota_update_interfaces/ota_update_interfaces_s__rosidl_typesupport_c.cpython-310-x86_64-linux-gnu.so
-- Up-to-date symlink: /home/sungbhin/AutoSDV_HPC/install/ota_update_interfaces/local/lib/python3.10/dist-packages/ota_update_interfaces/ota_update_interfaces_s__rosidl_typesupport_fastrtps_c.cpython-310-x86_64-linux-gnu.so
-- Up-to-date symlink: /home/sungbhin/AutoSDV_HPC/install/ota_update_interfaces/local/lib/python3.10/dist-packages/ota_update_interfaces/ota_update_interfaces_s__rosidl_typesupport_introspection_c.cpython-310-x86_64-linux-gnu.so
-- Up-to-date symlink: /home/sungbhin/AutoSDV_HPC/install/ota_update_interfaces/local/lib/python3.10/dist-packages/ota_update_interfaces/ota_update_interfaces_s__rosidl_typesupport_fastrtps_c.cpython-310-x86_64-linux-gnu.so
-- Up-to-date symlink: /home/sungbhin/AutoSDV_HPC/install/ota_update_interfaces/local/lib/python3.10/dist-packages/ota_update_interfaces/ota_update_interfaces_s__rosidl_typesupport_introspection_c.cpython-310-x86_64-linux-gnu.so
-- Up-to-date symlink: /home/sungbhin/AutoSDV_HPC/install/ota_update_interfaces/local/lib/python3.10/dist-packages/ota_update_interfaces/ota_update_interfaces_s__rosidl_typesupport_c.cpython-310-x86_64-linux-gnu.so
-- Up-to-date symlink: /home/sungbhin/AutoSDV_HPC/install/ota_update_interfaces/share/ota_update_interfaces/msg/UpdateNotification.idl
-- Up-to-date symlink: /home/sungbhin/AutoSDV_HPC/install/ota_update_interfaces/share/ota_update_interfaces/msg/UpdateNotification.msg
-- Up-to-date symlink: /home/sungbhin/AutoSDV_HPC/install/ota_update_interfaces/share/ament_index/resource_index/package_run_dependencies/ota_update_interfaces
-- Up-to-date symlink: /home/sungbhin/AutoSDV_HPC/install/ota_update_interfaces/share/ament_index/resource_index/parent_prefix_path/ota_update_interfaces
-- Up-to-date symlink: /home/sungbhin/AutoSDV_HPC/install/ota_update_interfaces/share/ota_update_interfaces/environment/ament_prefix_path.sh
-- Up-to-date symlink: /home/sungbhin/AutoSDV_HPC/install/ota_update_interfaces/share/ota_update_interfaces/environment/ament_prefix_path.dsv
-- Up-to-date symlink: /home/sungbhin/AutoSDV_HPC/install/ota_update_interfaces/share/ota_update_interfaces/environment/path.sh
-- Up-to-date symlink: /home/sungbhin/AutoSDV_HPC/install/ota_update_interfaces/share/ota_update_interfaces/environment/path.dsv
-- Up-to-date symlink: /home/sungbhin/AutoSDV_HPC/install/ota_update_interfaces/share/ota_update_interfaces/local_setup.bash
-- Up-to-date symlink: /home/sungbhin/AutoSDV_HPC/install/ota_update_interfaces/share/ota_update_interfaces/local_setup.sh
-- Up-to-date symlink: /home/sungbhin/AutoSDV_HPC/install/ota_update_interfaces/share/ota_update_interfaces/local_setup.zsh
-- Up-to-date symlink: /home/sungbhin/AutoSDV_HPC/install/ota_update_interfaces/share/ota_update_interfaces/local_setup.dsv
-- Symlinking: /home/sungbhin/AutoSDV_HPC/install/ota_update_interfaces/share/ota_update_interfaces/package.dsv
-- Up-to-date symlink: /home/sungbhin/AutoSDV_HPC/install/ota_update_interfaces/share/ament_index/resource_index/packages/ota_update_interfaces
-- Up-to-date symlink: /home/sungbhin/AutoSDV_HPC/install/ota_update_interfaces/share/ota_update_interfaces/cmake/rosidl_cmake-extras.cmake
-- Up-to-date symlink: /home/sungbhin/AutoSDV_HPC/install/ota_update_interfaces/share/ota_update_interfaces/cmake/ament_cmake_export_dependencies-extras.cmake
-- Up-to-date symlink: /home/sungbhin/AutoSDV_HPC/install/ota_update_interfaces/share/ota_update_interfaces/cmake/ament_cmake_export_include_directories-extras.cmake
-- Up-to-date symlink: /home/sungbhin/AutoSDV_HPC/install/ota_update_interfaces/share/ota_update_interfaces/cmake/ament_cmake_export_libraries-extras.cmake
-- Up-to-date symlink: /home/sungbhin/AutoSDV_HPC/install/ota_update_interfaces/share/ota_update_interfaces/cmake/ament_cmake_export_targets-extras.cmake
-- Up-to-date symlink: /home/sungbhin/AutoSDV_HPC/install/ota_update_interfaces/share/ota_update_interfaces/cmake/rosidl_cmake_export_typesupport_targets-extras.cmake
-- Up-to-date symlink: /home/sungbhin/AutoSDV_HPC/install/ota_update_interfaces/share/ota_update_interfaces/cmake/rosidl_cmake_export_typesupport_libraries-extras.cmake
-- Up-to-date symlink: /home/sungbhin/AutoSDV_HPC/install/ota_update_interfaces/share/ota_update_interfaces/cmake/ota_update_interfacesConfig.cmake
-- Up-to-date symlink: /home/sungbhin/AutoSDV_HPC/install/ota_update_interfaces/share/ota_update_interfaces/cmake/ota_update_interfacesConfig-version.cmake
-- Up-to-date symlink: /home/sungbhin/AutoSDV_HPC/install/ota_update_interfaces/share/ota_update_interfaces/package.xml
-- Up-to-date: /home/sungbhin/AutoSDV_HPC/install/ota_update_interfaces/lib/libota_update_interfaces__rosidl_generator_c.so
-- Up-to-date: /home/sungbhin/AutoSDV_HPC/install/ota_update_interfaces/lib/libota_update_interfaces__rosidl_typesupport_fastrtps_c.so
-- Up-to-date: /home/sungbhin/AutoSDV_HPC/install/ota_update_interfaces/lib/libota_update_interfaces__rosidl_typesupport_introspection_c.so
-- Up-to-date: /home/sungbhin/AutoSDV_HPC/install/ota_update_interfaces/lib/libota_update_interfaces__rosidl_typesupport_c.so
-- Up-to-date: /home/sungbhin/AutoSDV_HPC/install/ota_update_interfaces/lib/libota_update_interfaces__rosidl_typesupport_fastrtps_cpp.so
-- Up-to-date: /home/sungbhin/AutoSDV_HPC/install/ota_update_interfaces/lib/libota_update_interfaces__rosidl_typesupport_introspection_cpp.so
-- Up-to-date: /home/sungbhin/AutoSDV_HPC/install/ota_update_interfaces/lib/libota_update_interfaces__rosidl_typesupport_cpp.so
Listing '/home/sungbhin/AutoSDV_HPC/install/ota_update_interfaces/local/lib/python3.10/dist-packages/ota_update_interfaces'...
Listing '/home/sungbhin/AutoSDV_HPC/install/ota_update_interfaces/local/lib/python3.10/dist-packages/ota_update_interfaces/msg'...
-- Up-to-date: /home/sungbhin/AutoSDV_HPC/install/ota_update_interfaces/lib/libota_update_interfaces__rosidl_generator_py.so
-- Up-to-date: /home/sungbhin/AutoSDV_HPC/install/ota_update_interfaces/share/ota_update_interfaces/cmake/export_ota_update_interfaces__rosidl_generator_cExport.cmake
-- Up-to-date: /home/sungbhin/AutoSDV_HPC/install/ota_update_interfaces/share/ota_update_interfaces/cmake/export_ota_update_interfaces__rosidl_generator_cExport-noconfig.cmake
-- Up-to-date: /home/sungbhin/AutoSDV_HPC/install/ota_update_interfaces/share/ota_update_interfaces/cmake/export_ota_update_interfaces__rosidl_typesupport_fastrtps_cExport.cmake
-- Up-to-date: /home/sungbhin/AutoSDV_HPC/install/ota_update_interfaces/share/ota_update_interfaces/cmake/export_ota_update_interfaces__rosidl_typesupport_fastrtps_cExport-noconfig.cmake
-- Up-to-date: /home/sungbhin/AutoSDV_HPC/install/ota_update_interfaces/share/ota_update_interfaces/cmake/ota_update_interfaces__rosidl_typesupport_introspection_cExport.cmake
-- Up-to-date: /home/sungbhin/AutoSDV_HPC/install/ota_update_interfaces/share/ota_update_interfaces/cmake/ota_update_interfaces__rosidl_typesupport_introspection_cExport-noconfig.cmake
-- Up-to-date: /home/sungbhin/AutoSDV_HPC/install/ota_update_interfaces/share/ota_update_interfaces/cmake/ota_update_interfaces__rosidl_typesupport_cExport.cmake
-- Up-to-date: /home/sungbhin/AutoSDV_HPC/install/ota_update_interfaces/share/ota_update_interfaces/cmake/ota_update_interfaces__rosidl_typesupport_cExport-noconfig.cmake
-- Up-to-date: /home/sungbhin/AutoSDV_HPC/install/ota_update_interfaces/share/ota_update_interfaces/cmake/export_ota_update_interfaces__rosidl_generator_cppExport.cmake
-- Up-to-date: /home/sungbhin/AutoSDV_HPC/install/ota_update_interfaces/share/ota_update_interfaces/cmake/export_ota_update_interfaces__rosidl_typesupport_fastrtps_cppExport.cmake
-- Up-to-date: /home/sungbhin/AutoSDV_HPC/install/ota_update_interfaces/share/ota_update_interfaces/cmake/export_ota_update_interfaces__rosidl_typesupport_fastrtps_cppExport-noconfig.cmake
-- Up-to-date: /home/sungbhin/AutoSDV_HPC/install/ota_update_interfaces/share/ota_update_interfaces/cmake/ota_update_interfaces__rosidl_typesupport_introspection_cppExport.cmake
-- Up-to-date: /home/sungbhin/AutoSDV_HPC/install/ota_update_interfaces/share/ota_update_interfaces/cmake/ota_update_interfaces__rosidl_typesupport_introspection_cppExport-noconfig.cmake
-- Up-to-date: /home/sungbhin/AutoSDV_HPC/install/ota_update_interfaces/share/ota_update_interfaces/cmake/ota_update_interfaces__rosidl_typesupport_cppExport.cmake
-- Up-to-date: /home/sungbhin/AutoSDV_HPC/install/ota_update_interfaces/share/ota_update_interfaces/cmake/ota_update_interfaces__rosidl_typesupport_cppExport-noconfig.cmake
-- Up-to-date: /home/sungbhin/AutoSDV_HPC/install/ota_update_interfaces/share/ota_update_interfaces/cmake/export_ota_update_interfaces__rosidl_generator_pyExport.cmake
-- Up-to-date: /home/sungbhin/AutoSDV_HPC/install/ota_update_interfaces/share/ota_update_interfaces/cmake/export_ota_update_interfaces__rosidl_generator_pyExport-noconfig.cmake
