[0.038s] Invoking command in '/home/sungbhin/AutoSDV_HPC/build/ota_update_interfaces': CMAKE_PREFIX_PATH=${CMAKE_PREFIX_PATH}:/home/sungbhin/AutoSDV_HPC/install/serial_communication_pkg:/home/sungbhin/AutoSDV_HPC/install/ota_update_manager:/home/sungbhin/AutoSDV_HPC/install/lidar_perception_pkg:/home/sungbhin/AutoSDV_HPC/install/data_collection_pkg:/home/sungbhin/AutoSDV_HPC/install/decision_making_pkg:/home/sungbhin/AutoSDV_HPC/install/debug_pkg:/home/sungbhin/AutoSDV_HPC/install/camera_perception_pkg:/opt/ros/humble /usr/local/bin/cmake --build /home/sungbhin/AutoSDV_HPC/build/ota_update_interfaces -- -j16 -l16
[1.133s] [  3%] Built target ota_update_interfaces__cpp
[1.133s] [  3%] Built target ament_cmake_python_symlink_ota_update_interfaces
[1.133s] [ 12%] Built target ota_update_interfaces__rosidl_generator_c
[1.133s] [ 22%] Built target ota_update_interfaces__rosidl_typesupport_introspection_c
[1.133s] [ 32%] Built target ota_update_interfaces__rosidl_typesupport_c
[1.133s] [ 48%] Built target ota_update_interfaces__rosidl_typesupport_fastrtps_cpp
[1.133s] [ 51%] Built target ota_update_interfaces__rosidl_typesupport_cpp
[1.133s] [ 67%] Built target ota_update_interfaces__rosidl_typesupport_introspection_cpp
[1.133s] [ 70%] Built target ota_update_interfaces__rosidl_typesupport_fastrtps_c
[1.133s] [ 70%] Built target ota_update_interfaces
[1.133s] [ 74%] Built target ota_update_interfaces__py
[1.133s] [ 80%] Built target ota_update_interfaces__rosidl_generator_py
[1.133s] [100%] Built target ota_update_interfaces__rosidl_typesupport_fastrtps_c__pyext
[1.133s] [100%] Built target ota_update_interfaces__rosidl_typesupport_introspection_c__pyext
[1.133s] [100%] Built target ota_update_interfaces__rosidl_typesupport_c__pyext
[1.133s] running egg_info
[1.133s] writing ota_update_interfaces.egg-info/PKG-INFO
[1.134s] writing dependency_links to ota_update_interfaces.egg-info/dependency_links.txt
[1.134s] writing top-level names to ota_update_interfaces.egg-info/top_level.txt
[1.134s] reading manifest file 'ota_update_interfaces.egg-info/SOURCES.txt'
[1.134s] writing manifest file 'ota_update_interfaces.egg-info/SOURCES.txt'
[1.134s] [100%] Built target ament_cmake_python_build_ota_update_interfaces_egg
[1.134s] Invoked command in '/home/sungbhin/AutoSDV_HPC/build/ota_update_interfaces' returned '0': CMAKE_PREFIX_PATH=${CMAKE_PREFIX_PATH}:/home/sungbhin/AutoSDV_HPC/install/serial_communication_pkg:/home/sungbhin/AutoSDV_HPC/install/ota_update_manager:/home/sungbhin/AutoSDV_HPC/install/lidar_perception_pkg:/home/sungbhin/AutoSDV_HPC/install/data_collection_pkg:/home/sungbhin/AutoSDV_HPC/install/decision_making_pkg:/home/sungbhin/AutoSDV_HPC/install/debug_pkg:/home/sungbhin/AutoSDV_HPC/install/camera_perception_pkg:/opt/ros/humble /usr/local/bin/cmake --build /home/sungbhin/AutoSDV_HPC/build/ota_update_interfaces -- -j16 -l16
[1.139s] Invoking command in '/home/sungbhin/AutoSDV_HPC/build/ota_update_interfaces': CMAKE_PREFIX_PATH=${CMAKE_PREFIX_PATH}:/home/sungbhin/AutoSDV_HPC/install/serial_communication_pkg:/home/sungbhin/AutoSDV_HPC/install/ota_update_manager:/home/sungbhin/AutoSDV_HPC/install/lidar_perception_pkg:/home/sungbhin/AutoSDV_HPC/install/data_collection_pkg:/home/sungbhin/AutoSDV_HPC/install/decision_making_pkg:/home/sungbhin/AutoSDV_HPC/install/debug_pkg:/home/sungbhin/AutoSDV_HPC/install/camera_perception_pkg:/opt/ros/humble /usr/local/bin/cmake --install /home/sungbhin/AutoSDV_HPC/build/ota_update_interfaces
[1.423s] -- Install configuration: ""
[1.424s] -- Execute custom install script
[1.425s] -- Up-to-date symlink: /home/sungbhin/AutoSDV_HPC/install/ota_update_interfaces/share/ament_index/resource_index/rosidl_interfaces/ota_update_interfaces
[1.426s] -- Up-to-date symlink: /home/sungbhin/AutoSDV_HPC/install/ota_update_interfaces/include/ota_update_interfaces/ota_update_interfaces/msg/detail/update_notification__functions.h
[1.426s] -- Up-to-date symlink: /home/sungbhin/AutoSDV_HPC/install/ota_update_interfaces/include/ota_update_interfaces/ota_update_interfaces/msg/detail/update_notification__struct.h
[1.427s] -- Up-to-date symlink: /home/sungbhin/AutoSDV_HPC/install/ota_update_interfaces/include/ota_update_interfaces/ota_update_interfaces/msg/detail/update_notification__type_support.h
[1.428s] -- Up-to-date symlink: /home/sungbhin/AutoSDV_HPC/install/ota_update_interfaces/include/ota_update_interfaces/ota_update_interfaces/msg/rosidl_generator_c__visibility_control.h
[1.429s] -- Up-to-date symlink: /home/sungbhin/AutoSDV_HPC/install/ota_update_interfaces/include/ota_update_interfaces/ota_update_interfaces/msg/update_notification.h
[1.429s] -- Up-to-date symlink: /home/sungbhin/AutoSDV_HPC/install/ota_update_interfaces/share/ota_update_interfaces/environment/library_path.sh
[1.430s] -- Up-to-date symlink: /home/sungbhin/AutoSDV_HPC/install/ota_update_interfaces/share/ota_update_interfaces/environment/library_path.dsv
[1.430s] -- Up-to-date symlink: /home/sungbhin/AutoSDV_HPC/install/ota_update_interfaces/include/ota_update_interfaces/ota_update_interfaces/msg/detail/update_notification__rosidl_typesupport_fastrtps_c.h
[1.430s] -- Up-to-date symlink: /home/sungbhin/AutoSDV_HPC/install/ota_update_interfaces/include/ota_update_interfaces/ota_update_interfaces/msg/rosidl_typesupport_fastrtps_c__visibility_control.h
[1.431s] -- Up-to-date symlink: /home/sungbhin/AutoSDV_HPC/install/ota_update_interfaces/include/ota_update_interfaces/ota_update_interfaces/msg/detail/update_notification__rosidl_typesupport_introspection_c.h
[1.432s] -- Up-to-date symlink: /home/sungbhin/AutoSDV_HPC/install/ota_update_interfaces/include/ota_update_interfaces/ota_update_interfaces/msg/rosidl_typesupport_introspection_c__visibility_control.h
[1.432s] -- Up-to-date symlink: /home/sungbhin/AutoSDV_HPC/install/ota_update_interfaces/include/ota_update_interfaces/ota_update_interfaces/msg/detail/update_notification__builder.hpp
[1.432s] -- Up-to-date symlink: /home/sungbhin/AutoSDV_HPC/install/ota_update_interfaces/include/ota_update_interfaces/ota_update_interfaces/msg/detail/update_notification__struct.hpp
[1.432s] -- Up-to-date symlink: /home/sungbhin/AutoSDV_HPC/install/ota_update_interfaces/include/ota_update_interfaces/ota_update_interfaces/msg/detail/update_notification__traits.hpp
[1.433s] -- Up-to-date symlink: /home/sungbhin/AutoSDV_HPC/install/ota_update_interfaces/include/ota_update_interfaces/ota_update_interfaces/msg/detail/update_notification__type_support.hpp
[1.433s] -- Up-to-date symlink: /home/sungbhin/AutoSDV_HPC/install/ota_update_interfaces/include/ota_update_interfaces/ota_update_interfaces/msg/rosidl_generator_cpp__visibility_control.hpp
[1.433s] -- Up-to-date symlink: /home/sungbhin/AutoSDV_HPC/install/ota_update_interfaces/include/ota_update_interfaces/ota_update_interfaces/msg/update_notification.hpp
[1.433s] -- Up-to-date symlink: /home/sungbhin/AutoSDV_HPC/install/ota_update_interfaces/include/ota_update_interfaces/ota_update_interfaces/msg/detail/update_notification__rosidl_typesupport_fastrtps_cpp.hpp
[1.433s] -- Up-to-date symlink: /home/sungbhin/AutoSDV_HPC/install/ota_update_interfaces/include/ota_update_interfaces/ota_update_interfaces/msg/rosidl_typesupport_fastrtps_cpp__visibility_control.h
[1.433s] -- Up-to-date symlink: /home/sungbhin/AutoSDV_HPC/install/ota_update_interfaces/include/ota_update_interfaces/ota_update_interfaces/msg/detail/update_notification__rosidl_typesupport_introspection_cpp.hpp
[1.433s] -- Up-to-date symlink: /home/sungbhin/AutoSDV_HPC/install/ota_update_interfaces/share/ota_update_interfaces/environment/pythonpath.sh
[1.434s] -- Up-to-date symlink: /home/sungbhin/AutoSDV_HPC/install/ota_update_interfaces/share/ota_update_interfaces/environment/pythonpath.dsv
[1.434s] -- Up-to-date symlink: /home/sungbhin/AutoSDV_HPC/install/ota_update_interfaces/local/lib/python3.10/dist-packages/ota_update_interfaces-0.0.1-py3.10.egg-info/PKG-INFO
[1.434s] -- Up-to-date symlink: /home/sungbhin/AutoSDV_HPC/install/ota_update_interfaces/local/lib/python3.10/dist-packages/ota_update_interfaces-0.0.1-py3.10.egg-info/SOURCES.txt
[1.434s] -- Up-to-date symlink: /home/sungbhin/AutoSDV_HPC/install/ota_update_interfaces/local/lib/python3.10/dist-packages/ota_update_interfaces-0.0.1-py3.10.egg-info/dependency_links.txt
[1.434s] -- Up-to-date symlink: /home/sungbhin/AutoSDV_HPC/install/ota_update_interfaces/local/lib/python3.10/dist-packages/ota_update_interfaces-0.0.1-py3.10.egg-info/top_level.txt
[1.434s] -- Up-to-date symlink: /home/sungbhin/AutoSDV_HPC/install/ota_update_interfaces/local/lib/python3.10/dist-packages/ota_update_interfaces/__init__.py
[1.434s] -- Up-to-date symlink: /home/sungbhin/AutoSDV_HPC/install/ota_update_interfaces/local/lib/python3.10/dist-packages/ota_update_interfaces/_ota_update_interfaces_s.ep.rosidl_typesupport_c.c
[1.434s] -- Up-to-date symlink: /home/sungbhin/AutoSDV_HPC/install/ota_update_interfaces/local/lib/python3.10/dist-packages/ota_update_interfaces/_ota_update_interfaces_s.ep.rosidl_typesupport_fastrtps_c.c
[1.435s] -- Up-to-date symlink: /home/sungbhin/AutoSDV_HPC/install/ota_update_interfaces/local/lib/python3.10/dist-packages/ota_update_interfaces/_ota_update_interfaces_s.ep.rosidl_typesupport_introspection_c.c
[1.435s] -- Up-to-date symlink: /home/sungbhin/AutoSDV_HPC/install/ota_update_interfaces/local/lib/python3.10/dist-packages/ota_update_interfaces/libota_update_interfaces__rosidl_generator_py.so
[1.435s] -- Up-to-date symlink: /home/sungbhin/AutoSDV_HPC/install/ota_update_interfaces/local/lib/python3.10/dist-packages/ota_update_interfaces/msg/__init__.py
[1.435s] -- Up-to-date symlink: /home/sungbhin/AutoSDV_HPC/install/ota_update_interfaces/local/lib/python3.10/dist-packages/ota_update_interfaces/msg/_update_notification.py
[1.435s] -- Up-to-date symlink: /home/sungbhin/AutoSDV_HPC/install/ota_update_interfaces/local/lib/python3.10/dist-packages/ota_update_interfaces/msg/_update_notification_s.c
[1.435s] -- Up-to-date symlink: /home/sungbhin/AutoSDV_HPC/install/ota_update_interfaces/local/lib/python3.10/dist-packages/ota_update_interfaces/ota_update_interfaces_s__rosidl_typesupport_c.cpython-310-x86_64-linux-gnu.so
[1.435s] -- Up-to-date symlink: /home/sungbhin/AutoSDV_HPC/install/ota_update_interfaces/local/lib/python3.10/dist-packages/ota_update_interfaces/ota_update_interfaces_s__rosidl_typesupport_fastrtps_c.cpython-310-x86_64-linux-gnu.so
[1.435s] -- Up-to-date symlink: /home/sungbhin/AutoSDV_HPC/install/ota_update_interfaces/local/lib/python3.10/dist-packages/ota_update_interfaces/ota_update_interfaces_s__rosidl_typesupport_introspection_c.cpython-310-x86_64-linux-gnu.so
[1.436s] -- Up-to-date symlink: /home/sungbhin/AutoSDV_HPC/install/ota_update_interfaces/local/lib/python3.10/dist-packages/ota_update_interfaces/ota_update_interfaces_s__rosidl_typesupport_fastrtps_c.cpython-310-x86_64-linux-gnu.so
[1.436s] -- Up-to-date symlink: /home/sungbhin/AutoSDV_HPC/install/ota_update_interfaces/local/lib/python3.10/dist-packages/ota_update_interfaces/ota_update_interfaces_s__rosidl_typesupport_introspection_c.cpython-310-x86_64-linux-gnu.so
[1.436s] -- Up-to-date symlink: /home/sungbhin/AutoSDV_HPC/install/ota_update_interfaces/local/lib/python3.10/dist-packages/ota_update_interfaces/ota_update_interfaces_s__rosidl_typesupport_c.cpython-310-x86_64-linux-gnu.so
[1.436s] -- Up-to-date symlink: /home/sungbhin/AutoSDV_HPC/install/ota_update_interfaces/share/ota_update_interfaces/msg/UpdateNotification.idl
[1.436s] -- Up-to-date symlink: /home/sungbhin/AutoSDV_HPC/install/ota_update_interfaces/share/ota_update_interfaces/msg/UpdateNotification.msg
[1.436s] -- Up-to-date symlink: /home/sungbhin/AutoSDV_HPC/install/ota_update_interfaces/share/ament_index/resource_index/package_run_dependencies/ota_update_interfaces
[1.436s] -- Up-to-date symlink: /home/sungbhin/AutoSDV_HPC/install/ota_update_interfaces/share/ament_index/resource_index/parent_prefix_path/ota_update_interfaces
[1.436s] -- Up-to-date symlink: /home/sungbhin/AutoSDV_HPC/install/ota_update_interfaces/share/ota_update_interfaces/environment/ament_prefix_path.sh
[1.437s] -- Up-to-date symlink: /home/sungbhin/AutoSDV_HPC/install/ota_update_interfaces/share/ota_update_interfaces/environment/ament_prefix_path.dsv
[1.437s] -- Up-to-date symlink: /home/sungbhin/AutoSDV_HPC/install/ota_update_interfaces/share/ota_update_interfaces/environment/path.sh
[1.437s] -- Up-to-date symlink: /home/sungbhin/AutoSDV_HPC/install/ota_update_interfaces/share/ota_update_interfaces/environment/path.dsv
[1.438s] -- Up-to-date symlink: /home/sungbhin/AutoSDV_HPC/install/ota_update_interfaces/share/ota_update_interfaces/local_setup.bash
[1.438s] -- Up-to-date symlink: /home/sungbhin/AutoSDV_HPC/install/ota_update_interfaces/share/ota_update_interfaces/local_setup.sh
[1.438s] -- Up-to-date symlink: /home/sungbhin/AutoSDV_HPC/install/ota_update_interfaces/share/ota_update_interfaces/local_setup.zsh
[1.438s] -- Up-to-date symlink: /home/sungbhin/AutoSDV_HPC/install/ota_update_interfaces/share/ota_update_interfaces/local_setup.dsv
[1.439s] -- Symlinking: /home/sungbhin/AutoSDV_HPC/install/ota_update_interfaces/share/ota_update_interfaces/package.dsv
[1.439s] -- Up-to-date symlink: /home/sungbhin/AutoSDV_HPC/install/ota_update_interfaces/share/ament_index/resource_index/packages/ota_update_interfaces
[1.439s] -- Up-to-date symlink: /home/sungbhin/AutoSDV_HPC/install/ota_update_interfaces/share/ota_update_interfaces/cmake/rosidl_cmake-extras.cmake
[1.439s] -- Up-to-date symlink: /home/sungbhin/AutoSDV_HPC/install/ota_update_interfaces/share/ota_update_interfaces/cmake/ament_cmake_export_dependencies-extras.cmake
[1.439s] -- Up-to-date symlink: /home/sungbhin/AutoSDV_HPC/install/ota_update_interfaces/share/ota_update_interfaces/cmake/ament_cmake_export_include_directories-extras.cmake
[1.439s] -- Up-to-date symlink: /home/sungbhin/AutoSDV_HPC/install/ota_update_interfaces/share/ota_update_interfaces/cmake/ament_cmake_export_libraries-extras.cmake
[1.439s] -- Up-to-date symlink: /home/sungbhin/AutoSDV_HPC/install/ota_update_interfaces/share/ota_update_interfaces/cmake/ament_cmake_export_targets-extras.cmake
[1.439s] -- Up-to-date symlink: /home/sungbhin/AutoSDV_HPC/install/ota_update_interfaces/share/ota_update_interfaces/cmake/rosidl_cmake_export_typesupport_targets-extras.cmake
[1.440s] -- Up-to-date symlink: /home/sungbhin/AutoSDV_HPC/install/ota_update_interfaces/share/ota_update_interfaces/cmake/rosidl_cmake_export_typesupport_libraries-extras.cmake
[1.440s] -- Up-to-date symlink: /home/sungbhin/AutoSDV_HPC/install/ota_update_interfaces/share/ota_update_interfaces/cmake/ota_update_interfacesConfig.cmake
[1.440s] -- Up-to-date symlink: /home/sungbhin/AutoSDV_HPC/install/ota_update_interfaces/share/ota_update_interfaces/cmake/ota_update_interfacesConfig-version.cmake
[1.440s] -- Up-to-date symlink: /home/sungbhin/AutoSDV_HPC/install/ota_update_interfaces/share/ota_update_interfaces/package.xml
[1.440s] -- Up-to-date: /home/sungbhin/AutoSDV_HPC/install/ota_update_interfaces/lib/libota_update_interfaces__rosidl_generator_c.so
[1.440s] -- Up-to-date: /home/sungbhin/AutoSDV_HPC/install/ota_update_interfaces/lib/libota_update_interfaces__rosidl_typesupport_fastrtps_c.so
[1.441s] -- Up-to-date: /home/sungbhin/AutoSDV_HPC/install/ota_update_interfaces/lib/libota_update_interfaces__rosidl_typesupport_introspection_c.so
[1.441s] -- Up-to-date: /home/sungbhin/AutoSDV_HPC/install/ota_update_interfaces/lib/libota_update_interfaces__rosidl_typesupport_c.so
[1.441s] -- Up-to-date: /home/sungbhin/AutoSDV_HPC/install/ota_update_interfaces/lib/libota_update_interfaces__rosidl_typesupport_fastrtps_cpp.so
[1.441s] -- Up-to-date: /home/sungbhin/AutoSDV_HPC/install/ota_update_interfaces/lib/libota_update_interfaces__rosidl_typesupport_introspection_cpp.so
[1.441s] -- Up-to-date: /home/sungbhin/AutoSDV_HPC/install/ota_update_interfaces/lib/libota_update_interfaces__rosidl_typesupport_cpp.so
[1.441s] Listing '/home/sungbhin/AutoSDV_HPC/install/ota_update_interfaces/local/lib/python3.10/dist-packages/ota_update_interfaces'...
[1.441s] Listing '/home/sungbhin/AutoSDV_HPC/install/ota_update_interfaces/local/lib/python3.10/dist-packages/ota_update_interfaces/msg'...
[1.442s] -- Up-to-date: /home/sungbhin/AutoSDV_HPC/install/ota_update_interfaces/lib/libota_update_interfaces__rosidl_generator_py.so
[1.453s] -- Up-to-date: /home/sungbhin/AutoSDV_HPC/install/ota_update_interfaces/share/ota_update_interfaces/cmake/export_ota_update_interfaces__rosidl_generator_cExport.cmake
[1.453s] -- Up-to-date: /home/sungbhin/AutoSDV_HPC/install/ota_update_interfaces/share/ota_update_interfaces/cmake/export_ota_update_interfaces__rosidl_generator_cExport-noconfig.cmake
[1.453s] -- Up-to-date: /home/sungbhin/AutoSDV_HPC/install/ota_update_interfaces/share/ota_update_interfaces/cmake/export_ota_update_interfaces__rosidl_typesupport_fastrtps_cExport.cmake
[1.454s] -- Up-to-date: /home/sungbhin/AutoSDV_HPC/install/ota_update_interfaces/share/ota_update_interfaces/cmake/export_ota_update_interfaces__rosidl_typesupport_fastrtps_cExport-noconfig.cmake
[1.454s] -- Up-to-date: /home/sungbhin/AutoSDV_HPC/install/ota_update_interfaces/share/ota_update_interfaces/cmake/ota_update_interfaces__rosidl_typesupport_introspection_cExport.cmake
[1.454s] -- Up-to-date: /home/sungbhin/AutoSDV_HPC/install/ota_update_interfaces/share/ota_update_interfaces/cmake/ota_update_interfaces__rosidl_typesupport_introspection_cExport-noconfig.cmake
[1.455s] -- Up-to-date: /home/sungbhin/AutoSDV_HPC/install/ota_update_interfaces/share/ota_update_interfaces/cmake/ota_update_interfaces__rosidl_typesupport_cExport.cmake
[1.455s] -- Up-to-date: /home/sungbhin/AutoSDV_HPC/install/ota_update_interfaces/share/ota_update_interfaces/cmake/ota_update_interfaces__rosidl_typesupport_cExport-noconfig.cmake
[1.455s] -- Up-to-date: /home/sungbhin/AutoSDV_HPC/install/ota_update_interfaces/share/ota_update_interfaces/cmake/export_ota_update_interfaces__rosidl_generator_cppExport.cmake
[1.455s] -- Up-to-date: /home/sungbhin/AutoSDV_HPC/install/ota_update_interfaces/share/ota_update_interfaces/cmake/export_ota_update_interfaces__rosidl_typesupport_fastrtps_cppExport.cmake
[1.455s] -- Up-to-date: /home/sungbhin/AutoSDV_HPC/install/ota_update_interfaces/share/ota_update_interfaces/cmake/export_ota_update_interfaces__rosidl_typesupport_fastrtps_cppExport-noconfig.cmake
[1.455s] -- Up-to-date: /home/sungbhin/AutoSDV_HPC/install/ota_update_interfaces/share/ota_update_interfaces/cmake/ota_update_interfaces__rosidl_typesupport_introspection_cppExport.cmake
[1.455s] -- Up-to-date: /home/sungbhin/AutoSDV_HPC/install/ota_update_interfaces/share/ota_update_interfaces/cmake/ota_update_interfaces__rosidl_typesupport_introspection_cppExport-noconfig.cmake
[1.455s] -- Up-to-date: /home/sungbhin/AutoSDV_HPC/install/ota_update_interfaces/share/ota_update_interfaces/cmake/ota_update_interfaces__rosidl_typesupport_cppExport.cmake
[1.455s] -- Up-to-date: /home/sungbhin/AutoSDV_HPC/install/ota_update_interfaces/share/ota_update_interfaces/cmake/ota_update_interfaces__rosidl_typesupport_cppExport-noconfig.cmake
[1.456s] -- Up-to-date: /home/sungbhin/AutoSDV_HPC/install/ota_update_interfaces/share/ota_update_interfaces/cmake/export_ota_update_interfaces__rosidl_generator_pyExport.cmake
[1.456s] -- Up-to-date: /home/sungbhin/AutoSDV_HPC/install/ota_update_interfaces/share/ota_update_interfaces/cmake/export_ota_update_interfaces__rosidl_generator_pyExport-noconfig.cmake
[1.496s] Invoked command in '/home/sungbhin/AutoSDV_HPC/build/ota_update_interfaces' returned '0': CMAKE_PREFIX_PATH=${CMAKE_PREFIX_PATH}:/home/sungbhin/AutoSDV_HPC/install/serial_communication_pkg:/home/sungbhin/AutoSDV_HPC/install/ota_update_manager:/home/sungbhin/AutoSDV_HPC/install/lidar_perception_pkg:/home/sungbhin/AutoSDV_HPC/install/data_collection_pkg:/home/sungbhin/AutoSDV_HPC/install/decision_making_pkg:/home/sungbhin/AutoSDV_HPC/install/debug_pkg:/home/sungbhin/AutoSDV_HPC/install/camera_perception_pkg:/opt/ros/humble /usr/local/bin/cmake --install /home/sungbhin/AutoSDV_HPC/build/ota_update_interfaces
