[0.985s] Invoking command in '/home/autolab/AutoSDV_HPC/build/camera_perception_pkg': PYTHONPATH=/home/autolab/AutoSDV_HPC/build/camera_perception_pkg/prefix_override:/usr/lib/python3/dist-packages/colcon_core/task/python/colcon_distutils_commands:/home/autolab/AutoSDV_HPC/install/camera_perception_pkg/lib/python3.10/site-packages:${PYTHONPATH} /usr/bin/python3 -W ignore:setup.py install is deprecated -W ignore:easy_install command is deprecated setup.py develop --editable --build-directory /home/autolab/AutoSDV_HPC/build/camera_perception_pkg/build --no-deps symlink_data
[1.138s] running develop
[1.227s] running egg_info
[1.227s] creating camera_perception_pkg.egg-info
[1.227s] writing camera_perception_pkg.egg-info/PKG-INFO
[1.227s] writing dependency_links to camera_perception_pkg.egg-info/dependency_links.txt
[1.227s] writing entry points to camera_perception_pkg.egg-info/entry_points.txt
[1.227s] writing requirements to camera_perception_pkg.egg-info/requires.txt
[1.227s] writing top-level names to camera_perception_pkg.egg-info/top_level.txt
[1.228s] writing manifest file 'camera_perception_pkg.egg-info/SOURCES.txt'
[1.229s] reading manifest file 'camera_perception_pkg.egg-info/SOURCES.txt'
[1.229s] writing manifest file 'camera_perception_pkg.egg-info/SOURCES.txt'
[1.230s] running build_ext
[1.230s] Creating /home/autolab/AutoSDV_HPC/install/camera_perception_pkg/lib/python3.10/site-packages/camera-perception-pkg.egg-link (link to .)
[1.231s] Installing ethernet_image_publisher_node script to /home/autolab/AutoSDV_HPC/install/camera_perception_pkg/lib/camera_perception_pkg
[1.232s] Installing image_publisher_node script to /home/autolab/AutoSDV_HPC/install/camera_perception_pkg/lib/camera_perception_pkg
[1.232s] Installing lane_info_extractor_node script to /home/autolab/AutoSDV_HPC/install/camera_perception_pkg/lib/camera_perception_pkg
[1.232s] Installing traffic_light_detector_node script to /home/autolab/AutoSDV_HPC/install/camera_perception_pkg/lib/camera_perception_pkg
[1.232s] Installing yolov8_node script to /home/autolab/AutoSDV_HPC/install/camera_perception_pkg/lib/camera_perception_pkg
[1.232s] 
[1.232s] Installed /home/autolab/AutoSDV_HPC/build/camera_perception_pkg
[1.232s] running symlink_data
[1.232s] creating /home/autolab/AutoSDV_HPC/install/camera_perception_pkg/share/ament_index
[1.233s] creating /home/autolab/AutoSDV_HPC/install/camera_perception_pkg/share/ament_index/resource_index
[1.233s] creating /home/autolab/AutoSDV_HPC/install/camera_perception_pkg/share/ament_index/resource_index/packages
[1.233s] symbolically linking /home/autolab/AutoSDV_HPC/build/camera_perception_pkg/resource/camera_perception_pkg -> /home/autolab/AutoSDV_HPC/install/camera_perception_pkg/share/ament_index/resource_index/packages
[1.233s] symbolically linking /home/autolab/AutoSDV_HPC/build/camera_perception_pkg/package.xml -> /home/autolab/AutoSDV_HPC/install/camera_perception_pkg/share/camera_perception_pkg
[1.252s] Invoked command in '/home/autolab/AutoSDV_HPC/build/camera_perception_pkg' returned '0': PYTHONPATH=/home/autolab/AutoSDV_HPC/build/camera_perception_pkg/prefix_override:/usr/lib/python3/dist-packages/colcon_core/task/python/colcon_distutils_commands:/home/autolab/AutoSDV_HPC/install/camera_perception_pkg/lib/python3.10/site-packages:${PYTHONPATH} /usr/bin/python3 -W ignore:setup.py install is deprecated -W ignore:easy_install command is deprecated setup.py develop --editable --build-directory /home/autolab/AutoSDV_HPC/build/camera_perception_pkg/build --no-deps symlink_data
