[1.923s] Invoking command in '/home/sungbhin/AutoSDV_HPC/build/decision_making_pkg': PYTHONPATH=/home/sungbhin/AutoSDV_HPC/build/decision_making_pkg/prefix_override:/usr/lib/python3/dist-packages/colcon_core/task/python/colcon_distutils_commands:/home/sungbhin/AutoSDV_HPC/install/decision_making_pkg/lib/python3.10/site-packages:${PYTHONPATH} /usr/bin/python3 -W ignore:setup.py install is deprecated -W ignore:easy_install command is deprecated setup.py develop --editable --build-directory /home/sungbhin/AutoSDV_HPC/build/decision_making_pkg/build --no-deps symlink_data
[2.269s] running develop
[2.490s] running egg_info
[2.490s] creating decision_making_pkg.egg-info
[2.490s] writing decision_making_pkg.egg-info/PKG-INFO
[2.490s] writing dependency_links to decision_making_pkg.egg-info/dependency_links.txt
[2.491s] writing entry points to decision_making_pkg.egg-info/entry_points.txt
[2.491s] writing requirements to decision_making_pkg.egg-info/requires.txt
[2.491s] writing top-level names to decision_making_pkg.egg-info/top_level.txt
[2.491s] writing manifest file 'decision_making_pkg.egg-info/SOURCES.txt'
[2.494s] reading manifest file 'decision_making_pkg.egg-info/SOURCES.txt'
[2.496s] writing manifest file 'decision_making_pkg.egg-info/SOURCES.txt'
[2.497s] running build_ext
[2.498s] Creating /home/sungbhin/AutoSDV_HPC/install/decision_making_pkg/lib/python3.10/site-packages/decision-making-pkg.egg-link (link to .)
[2.499s] Installing motion_planner_node script to /home/sungbhin/AutoSDV_HPC/install/decision_making_pkg/lib/decision_making_pkg
[2.499s] Installing path_planner_node script to /home/sungbhin/AutoSDV_HPC/install/decision_making_pkg/lib/decision_making_pkg
[2.499s] 
[2.499s] Installed /home/sungbhin/AutoSDV_HPC/build/decision_making_pkg
[2.499s] running symlink_data
[2.500s] creating /home/sungbhin/AutoSDV_HPC/install/decision_making_pkg/share/ament_index
[2.500s] creating /home/sungbhin/AutoSDV_HPC/install/decision_making_pkg/share/ament_index/resource_index
[2.500s] creating /home/sungbhin/AutoSDV_HPC/install/decision_making_pkg/share/ament_index/resource_index/packages
[2.500s] symbolically linking /home/sungbhin/AutoSDV_HPC/build/decision_making_pkg/resource/decision_making_pkg -> /home/sungbhin/AutoSDV_HPC/install/decision_making_pkg/share/ament_index/resource_index/packages
[2.501s] symbolically linking /home/sungbhin/AutoSDV_HPC/build/decision_making_pkg/package.xml -> /home/sungbhin/AutoSDV_HPC/install/decision_making_pkg/share/decision_making_pkg
[2.589s] Invoked command in '/home/sungbhin/AutoSDV_HPC/build/decision_making_pkg' returned '0': PYTHONPATH=/home/sungbhin/AutoSDV_HPC/build/decision_making_pkg/prefix_override:/usr/lib/python3/dist-packages/colcon_core/task/python/colcon_distutils_commands:/home/sungbhin/AutoSDV_HPC/install/decision_making_pkg/lib/python3.10/site-packages:${PYTHONPATH} /usr/bin/python3 -W ignore:setup.py install is deprecated -W ignore:easy_install command is deprecated setup.py develop --editable --build-directory /home/sungbhin/AutoSDV_HPC/build/decision_making_pkg/build --no-deps symlink_data
