running develop
running egg_info
creating ota_update_manager.egg-info
writing ota_update_manager.egg-info/PKG-INFO
writing dependency_links to ota_update_manager.egg-info/dependency_links.txt
writing entry points to ota_update_manager.egg-info/entry_points.txt
writing requirements to ota_update_manager.egg-info/requires.txt
writing top-level names to ota_update_manager.egg-info/top_level.txt
writing manifest file 'ota_update_manager.egg-info/SOURCES.txt'
reading manifest file 'ota_update_manager.egg-info/SOURCES.txt'
writing manifest file 'ota_update_manager.egg-info/SOURCES.txt'
running build_ext
Creating /home/sungbhin/AutoSDV_HPC/install/ota_update_manager/lib/python3.10/site-packages/ota-update-manager.egg-link (link to .)
Installing ota_manager script to /home/sungbhin/AutoSDV_HPC/install/ota_update_manager/lib/ota_update_manager

Installed /home/sungbhin/AutoSDV_HPC/build/ota_update_manager
running symlink_data
creating /home/sungbhin/AutoSDV_HPC/install/ota_update_manager/share/ament_index
creating /home/sungbhin/AutoSDV_HPC/install/ota_update_manager/share/ament_index/resource_index
creating /home/sungbhin/AutoSDV_HPC/install/ota_update_manager/share/ament_index/resource_index/packages
symbolically linking /home/sungbhin/AutoSDV_HPC/build/ota_update_manager/resource/ota_update_manager -> /home/sungbhin/AutoSDV_HPC/install/ota_update_manager/share/ament_index/resource_index/packages
symbolically linking /home/sungbhin/AutoSDV_HPC/build/ota_update_manager/package.xml -> /home/sungbhin/AutoSDV_HPC/install/ota_update_manager/share/ota_update_manager
