[0.519s] Invoking command in '/home/sungbhin/AutoSDV_HPC/build/ota_update_manager': PYTHONPATH=/home/sungbhin/AutoSDV_HPC/build/ota_update_manager/prefix_override:/usr/lib/python3/dist-packages/colcon_core/task/python/colcon_distutils_commands:/home/sungbhin/AutoSDV_HPC/install/ota_update_manager/lib/python3.10/site-packages:${PYTHONPATH} /usr/bin/python3 -W ignore:setup.py install is deprecated -W ignore:easy_install command is deprecated setup.py develop --editable --build-directory /home/sungbhin/AutoSDV_HPC/build/ota_update_manager/build --no-deps symlink_data
[0.746s] running develop
[0.879s] running egg_info
[0.879s] creating ota_update_manager.egg-info
[0.880s] writing ota_update_manager.egg-info/PKG-INFO
[0.880s] writing dependency_links to ota_update_manager.egg-info/dependency_links.txt
[0.880s] writing entry points to ota_update_manager.egg-info/entry_points.txt
[0.880s] writing requirements to ota_update_manager.egg-info/requires.txt
[0.880s] writing top-level names to ota_update_manager.egg-info/top_level.txt
[0.880s] writing manifest file 'ota_update_manager.egg-info/SOURCES.txt'
[0.881s] reading manifest file 'ota_update_manager.egg-info/SOURCES.txt'
[0.882s] writing manifest file 'ota_update_manager.egg-info/SOURCES.txt'
[0.883s] running build_ext
[0.883s] Creating /home/sungbhin/AutoSDV_HPC/install/ota_update_manager/lib/python3.10/site-packages/ota-update-manager.egg-link (link to .)
[0.884s] Installing ota_manager script to /home/sungbhin/AutoSDV_HPC/install/ota_update_manager/lib/ota_update_manager
[0.884s] 
[0.884s] Installed /home/sungbhin/AutoSDV_HPC/build/ota_update_manager
[0.884s] running symlink_data
[0.884s] creating /home/sungbhin/AutoSDV_HPC/install/ota_update_manager/share/ament_index
[0.884s] creating /home/sungbhin/AutoSDV_HPC/install/ota_update_manager/share/ament_index/resource_index
[0.884s] creating /home/sungbhin/AutoSDV_HPC/install/ota_update_manager/share/ament_index/resource_index/packages
[0.884s] symbolically linking /home/sungbhin/AutoSDV_HPC/build/ota_update_manager/resource/ota_update_manager -> /home/sungbhin/AutoSDV_HPC/install/ota_update_manager/share/ament_index/resource_index/packages
[0.884s] symbolically linking /home/sungbhin/AutoSDV_HPC/build/ota_update_manager/package.xml -> /home/sungbhin/AutoSDV_HPC/install/ota_update_manager/share/ota_update_manager
[0.921s] Invoked command in '/home/sungbhin/AutoSDV_HPC/build/ota_update_manager' returned '0': PYTHONPATH=/home/sungbhin/AutoSDV_HPC/build/ota_update_manager/prefix_override:/usr/lib/python3/dist-packages/colcon_core/task/python/colcon_distutils_commands:/home/sungbhin/AutoSDV_HPC/install/ota_update_manager/lib/python3.10/site-packages:${PYTHONPATH} /usr/bin/python3 -W ignore:setup.py install is deprecated -W ignore:easy_install command is deprecated setup.py develop --editable --build-directory /home/sungbhin/AutoSDV_HPC/build/ota_update_manager/build --no-deps symlink_data
