[0.959s] Invoking command in '/home/autolab/AutoSDV_HPC/build/debug_pkg': PYTHONPATH=/home/autolab/AutoSDV_HPC/build/debug_pkg/prefix_override:/usr/lib/python3/dist-packages/colcon_core/task/python/colcon_distutils_commands:/home/autolab/AutoSDV_HPC/install/debug_pkg/lib/python3.10/site-packages:${PYTHONPATH} /usr/bin/python3 -W ignore:setup.py install is deprecated -W ignore:easy_install command is deprecated setup.py develop --editable --build-directory /home/autolab/AutoSDV_HPC/build/debug_pkg/build --no-deps symlink_data
[1.107s] running develop
[1.193s] running egg_info
[1.193s] creating debug_pkg.egg-info
[1.193s] writing debug_pkg.egg-info/PKG-INFO
[1.194s] writing dependency_links to debug_pkg.egg-info/dependency_links.txt
[1.194s] writing entry points to debug_pkg.egg-info/entry_points.txt
[1.194s] writing requirements to debug_pkg.egg-info/requires.txt
[1.194s] writing top-level names to debug_pkg.egg-info/top_level.txt
[1.195s] writing manifest file 'debug_pkg.egg-info/SOURCES.txt'
[1.195s] reading manifest file 'debug_pkg.egg-info/SOURCES.txt'
[1.195s] writing manifest file 'debug_pkg.egg-info/SOURCES.txt'
[1.196s] running build_ext
[1.196s] Creating /home/autolab/AutoSDV_HPC/install/debug_pkg/lib/python3.10/site-packages/debug-pkg.egg-link (link to .)
[1.197s] Installing image_saver_node script to /home/autolab/AutoSDV_HPC/install/debug_pkg/lib/debug_pkg
[1.197s] Installing path_visualizer_node script to /home/autolab/AutoSDV_HPC/install/debug_pkg/lib/debug_pkg
[1.197s] Installing yolov8_visualizer_node script to /home/autolab/AutoSDV_HPC/install/debug_pkg/lib/debug_pkg
[1.197s] 
[1.197s] Installed /home/autolab/AutoSDV_HPC/build/debug_pkg
[1.198s] running symlink_data
[1.198s] creating /home/autolab/AutoSDV_HPC/install/debug_pkg/share/ament_index
[1.198s] creating /home/autolab/AutoSDV_HPC/install/debug_pkg/share/ament_index/resource_index
[1.198s] creating /home/autolab/AutoSDV_HPC/install/debug_pkg/share/ament_index/resource_index/packages
[1.198s] symbolically linking /home/autolab/AutoSDV_HPC/build/debug_pkg/resource/debug_pkg -> /home/autolab/AutoSDV_HPC/install/debug_pkg/share/ament_index/resource_index/packages
[1.198s] symbolically linking /home/autolab/AutoSDV_HPC/build/debug_pkg/package.xml -> /home/autolab/AutoSDV_HPC/install/debug_pkg/share/debug_pkg
[1.220s] Invoked command in '/home/autolab/AutoSDV_HPC/build/debug_pkg' returned '0': PYTHONPATH=/home/autolab/AutoSDV_HPC/build/debug_pkg/prefix_override:/usr/lib/python3/dist-packages/colcon_core/task/python/colcon_distutils_commands:/home/autolab/AutoSDV_HPC/install/debug_pkg/lib/python3.10/site-packages:${PYTHONPATH} /usr/bin/python3 -W ignore:setup.py install is deprecated -W ignore:easy_install command is deprecated setup.py develop --editable --build-directory /home/autolab/AutoSDV_HPC/build/debug_pkg/build --no-deps symlink_data
