[0.032s] Invoking command in '/home/sungbhin/AutoSDV_HPC/build/interfaces_pkg': CMAKE_PREFIX_PATH=${CMAKE_PREFIX_PATH}:/home/sungbhin/AutoSDV_HPC/install/serial_communication_pkg:/home/sungbhin/AutoSDV_HPC/install/lidar_perception_pkg:/home/sungbhin/AutoSDV_HPC/install/data_collection_pkg:/home/sungbhin/AutoSDV_HPC/install/decision_making_pkg:/home/sungbhin/AutoSDV_HPC/install/debug_pkg:/home/sungbhin/AutoSDV_HPC/install/camera_perception_pkg:/opt/ros/humble /usr/local/bin/cmake /home/sungbhin/AutoSDV_HPC/src/interfaces_pkg -DAMENT_CMAKE_SYMLINK_INSTALL=1 -DCMAKE_INSTALL_PREFIX=/home/sungbhin/AutoSDV_HPC/install/interfaces_pkg
[1.191s] -- The C compiler identification is GNU 11.4.0
[1.192s] -- The CXX compiler identification is GNU 11.4.0
[1.192s] -- Detecting C compiler ABI info
[1.192s] -- Detecting C compiler ABI info - done
[1.192s] -- Check for working C compiler: /usr/bin/cc - skipped
[1.192s] -- Detecting C compile features
[1.192s] -- Detecting C compile features - done
[1.192s] -- Detecting CXX compiler ABI info
[1.192s] -- Detecting CXX compiler ABI info - done
[1.192s] -- Check for working CXX compiler: /usr/bin/c++ - skipped
[1.192s] -- Detecting CXX compile features
[1.192s] -- Detecting CXX compile features - done
[1.192s] -- Found ament_cmake: 1.3.11 (/opt/ros/humble/share/ament_cmake/cmake)
[1.192s] -- Found Python3: /usr/bin/python3 (found version "3.10.12") found components: Interpreter
[1.192s] -- Override CMake install command with custom implementation using symlinks instead of copying resources
[1.193s] -- Found rosidl_default_generators: 1.2.0 (/opt/ros/humble/share/rosidl_default_generators/cmake)
[1.193s] -- Using all available rosidl_typesupport_c: rosidl_typesupport_fastrtps_c;rosidl_typesupport_introspection_c
[1.193s] -- Found rosidl_adapter: 3.1.6 (/opt/ros/humble/share/rosidl_adapter/cmake)
[1.193s] -- Using all available rosidl_typesupport_cpp: rosidl_typesupport_fastrtps_cpp;rosidl_typesupport_introspection_cpp
[1.193s] -- Found std_msgs: 4.8.0 (/opt/ros/humble/share/std_msgs/cmake)
[1.193s] -- Found geometry_msgs: 4.8.0 (/opt/ros/humble/share/geometry_msgs/cmake)
[1.193s] [0mCMake Deprecation Warning at CMakeLists.txt:1 (cmake_minimum_required):
[1.193s]   Compatibility with CMake < 3.10 will be removed from a future version of
[1.193s]   CMake.
[1.193s] 
[1.193s]   Update the VERSION argument <min> value or use a ...<max> suffix to tell
[1.193s]   CMake that the project does not need compatibility with older versions.
[1.193s] 
[1.193s] [0m
[1.388s] -- Found ament_cmake_ros: 0.10.0 (/opt/ros/humble/share/ament_cmake_ros/cmake)
[2.032s] -- Using all available rosidl_typesupport_c: rosidl_typesupport_fastrtps_c;rosidl_typesupport_introspection_c
[2.795s] -- Using all available rosidl_typesupport_cpp: rosidl_typesupport_fastrtps_cpp;rosidl_typesupport_introspection_cpp
[2.797s] [33mCMake Warning (dev) at /opt/ros/humble/share/rosidl_generator_py/cmake/rosidl_generator_py_generate_interfaces.cmake:20 (find_package):
[2.797s]   Policy CMP0148 is not set: The FindPythonInterp and FindPythonLibs modules
[2.797s]   are removed.  Run "cmake --help-policy CMP0148" for policy details.  Use
[2.797s]   the cmake_policy command to set the policy and suppress this warning.
[2.798s] 
[2.798s] Call Stack (most recent call first):
[2.798s]   /opt/ros/humble/share/ament_cmake_core/cmake/core/ament_execute_extensions.cmake:48 (include)
[2.798s]   /opt/ros/humble/share/rosidl_cmake/cmake/rosidl_generate_interfaces.cmake:286 (ament_execute_extensions)
[2.798s]   CMakeLists.txt:10 (rosidl_generate_interfaces)
[2.798s] This warning is for project developers.  Use -Wno-dev to suppress it.
[2.798s] [0m
[2.818s] -- Found PythonInterp: /usr/bin/python3 (found suitable version "3.10.12", minimum required is "3.6")
[2.820s] -- Found python_cmake_module: 0.10.0 (/opt/ros/humble/share/python_cmake_module/cmake)
[2.820s] [33mCMake Warning (dev) at /opt/ros/humble/share/python_cmake_module/cmake/Modules/FindPythonExtra.cmake:52 (find_package):
[2.820s]   Policy CMP0148 is not set: The FindPythonInterp and FindPythonLibs modules
[2.821s]   are removed.  Run "cmake --help-policy CMP0148" for policy details.  Use
[2.821s]   the cmake_policy command to set the policy and suppress this warning.
[2.821s] 
[2.821s] Call Stack (most recent call first):
[2.821s]   /opt/ros/humble/share/rosidl_generator_py/cmake/rosidl_generator_py_generate_interfaces.cmake:23 (find_package)
[2.821s]   /opt/ros/humble/share/ament_cmake_core/cmake/core/ament_execute_extensions.cmake:48 (include)
[2.821s]   /opt/ros/humble/share/rosidl_cmake/cmake/rosidl_generate_interfaces.cmake:286 (ament_execute_extensions)
[2.821s]   CMakeLists.txt:10 (rosidl_generate_interfaces)
[2.821s] This warning is for project developers.  Use -Wno-dev to suppress it.
[2.821s] [0m
[2.844s] [33mCMake Warning (dev) at /opt/ros/humble/share/python_cmake_module/cmake/Modules/FindPythonExtra.cmake:140 (find_package):
[2.844s]   Policy CMP0148 is not set: The FindPythonInterp and FindPythonLibs modules
[2.844s]   are removed.  Run "cmake --help-policy CMP0148" for policy details.  Use
[2.844s]   the cmake_policy command to set the policy and suppress this warning.
[2.844s] 
[2.844s] Call Stack (most recent call first):
[2.844s]   /opt/ros/humble/share/rosidl_generator_py/cmake/rosidl_generator_py_generate_interfaces.cmake:23 (find_package)
[2.844s]   /opt/ros/humble/share/ament_cmake_core/cmake/core/ament_execute_extensions.cmake:48 (include)
[2.844s]   /opt/ros/humble/share/rosidl_cmake/cmake/rosidl_generate_interfaces.cmake:286 (ament_execute_extensions)
[2.844s]   CMakeLists.txt:10 (rosidl_generate_interfaces)
[2.844s] This warning is for project developers.  Use -Wno-dev to suppress it.
[2.844s] [0m
[2.852s] -- Found PythonLibs: /usr/lib/x86_64-linux-gnu/libpython3.10.so (found suitable version "3.10.12", minimum required is "3.5")
[2.853s] -- Using PYTHON_EXECUTABLE: /usr/bin/python3
[2.853s] -- Using PYTHON_INCLUDE_DIRS: /usr/include/python3.10
[2.853s] -- Using PYTHON_LIBRARIES: /usr/lib/x86_64-linux-gnu/libpython3.10.so
[2.874s] -- Found PythonExtra: .so
[2.952s] -- Configuring done (2.9s)
[3.018s] -- Generating done (0.1s)
[3.029s] -- Build files have been written to: /home/sungbhin/AutoSDV_HPC/build/interfaces_pkg
[3.040s] Invoked command in '/home/sungbhin/AutoSDV_HPC/build/interfaces_pkg' returned '0': CMAKE_PREFIX_PATH=${CMAKE_PREFIX_PATH}:/home/sungbhin/AutoSDV_HPC/install/serial_communication_pkg:/home/sungbhin/AutoSDV_HPC/install/lidar_perception_pkg:/home/sungbhin/AutoSDV_HPC/install/data_collection_pkg:/home/sungbhin/AutoSDV_HPC/install/decision_making_pkg:/home/sungbhin/AutoSDV_HPC/install/debug_pkg:/home/sungbhin/AutoSDV_HPC/install/camera_perception_pkg:/opt/ros/humble /usr/local/bin/cmake /home/sungbhin/AutoSDV_HPC/src/interfaces_pkg -DAMENT_CMAKE_SYMLINK_INSTALL=1 -DCMAKE_INSTALL_PREFIX=/home/sungbhin/AutoSDV_HPC/install/interfaces_pkg
[3.042s] Invoking command in '/home/sungbhin/AutoSDV_HPC/build/interfaces_pkg': CMAKE_PREFIX_PATH=${CMAKE_PREFIX_PATH}:/home/sungbhin/AutoSDV_HPC/install/serial_communication_pkg:/home/sungbhin/AutoSDV_HPC/install/lidar_perception_pkg:/home/sungbhin/AutoSDV_HPC/install/data_collection_pkg:/home/sungbhin/AutoSDV_HPC/install/decision_making_pkg:/home/sungbhin/AutoSDV_HPC/install/debug_pkg:/home/sungbhin/AutoSDV_HPC/install/camera_perception_pkg:/opt/ros/humble /usr/local/bin/cmake --build /home/sungbhin/AutoSDV_HPC/build/interfaces_pkg -- -j16 -l16
[3.073s] [  0%] [34m[1mGenerating C code for ROS interfaces[0m
[3.082s] [  0%] [34m[1mGenerating C++ code for ROS interfaces[0m
[3.084s] [  0%] Built target ament_cmake_python_symlink_interfaces_pkg
[3.379s] running egg_info
[3.380s] creating interfaces_pkg.egg-info
[3.380s] writing interfaces_pkg.egg-info/PKG-INFO
[3.380s] writing dependency_links to interfaces_pkg.egg-info/dependency_links.txt
[3.380s] writing top-level names to interfaces_pkg.egg-info/top_level.txt
[3.380s] writing manifest file 'interfaces_pkg.egg-info/SOURCES.txt'
[3.383s] reading manifest file 'interfaces_pkg.egg-info/SOURCES.txt'
[3.383s] writing manifest file 'interfaces_pkg.egg-info/SOURCES.txt'
[3.412s] [  0%] Built target ament_cmake_python_build_interfaces_pkg_egg
[4.117s] [  0%] Built target interfaces_pkg__cpp
[4.123s] [  1%] [34m[1mGenerating C++ type support for eProsima Fast-RTPS[0m
[4.124s] [  2%] [34m[1mGenerating C++ type support dispatch for ROS interfaces[0m
[4.124s] [  2%] [34m[1mGenerating C++ introspection for ROS interfaces[0m
[4.192s] [  4%] [32mBuilding C object CMakeFiles/interfaces_pkg__rosidl_generator_c.dir/rosidl_generator_c/interfaces_pkg/msg/detail/pose2_d__functions.c.o[0m
[4.192s] [  4%] [32mBuilding C object CMakeFiles/interfaces_pkg__rosidl_generator_c.dir/rosidl_generator_c/interfaces_pkg/msg/detail/vector2__functions.c.o[0m
[4.192s] [  4%] [32mBuilding C object CMakeFiles/interfaces_pkg__rosidl_generator_c.dir/rosidl_generator_c/interfaces_pkg/msg/detail/point2_d__functions.c.o[0m
[4.192s] [  7%] [32mBuilding C object CMakeFiles/interfaces_pkg__rosidl_generator_c.dir/rosidl_generator_c/interfaces_pkg/msg/detail/bounding_box3_d__functions.c.o[0m
[4.193s] [  7%] [32mBuilding C object CMakeFiles/interfaces_pkg__rosidl_generator_c.dir/rosidl_generator_c/interfaces_pkg/msg/detail/key_point2_d__functions.c.o[0m
[4.193s] [  7%] [32mBuilding C object CMakeFiles/interfaces_pkg__rosidl_generator_c.dir/rosidl_generator_c/interfaces_pkg/msg/detail/mask__functions.c.o[0m
[4.193s] [  7%] [32mBuilding C object CMakeFiles/interfaces_pkg__rosidl_generator_c.dir/rosidl_generator_c/interfaces_pkg/msg/detail/bounding_box2_d__functions.c.o[0m
[4.193s] [  8%] [32mBuilding C object CMakeFiles/interfaces_pkg__rosidl_generator_c.dir/rosidl_generator_c/interfaces_pkg/msg/detail/key_point2_d_array__functions.c.o[0m
[4.193s] [  8%] [32mBuilding C object CMakeFiles/interfaces_pkg__rosidl_generator_c.dir/rosidl_generator_c/interfaces_pkg/msg/detail/key_point3_d__functions.c.o[0m
[4.194s] [  9%] [32mBuilding C object CMakeFiles/interfaces_pkg__rosidl_generator_c.dir/rosidl_generator_c/interfaces_pkg/msg/detail/key_point3_d_array__functions.c.o[0m
[4.195s] [ 10%] [32mBuilding C object CMakeFiles/interfaces_pkg__rosidl_generator_c.dir/rosidl_generator_c/interfaces_pkg/msg/detail/detection_array__functions.c.o[0m
[4.195s] [ 10%] [32mBuilding C object CMakeFiles/interfaces_pkg__rosidl_generator_c.dir/rosidl_generator_c/interfaces_pkg/msg/detail/detection__functions.c.o[0m
[4.195s] [ 11%] [32mBuilding C object CMakeFiles/interfaces_pkg__rosidl_generator_c.dir/rosidl_generator_c/interfaces_pkg/msg/detail/lane_info__functions.c.o[0m
[4.297s] [ 12%] [32mBuilding C object CMakeFiles/interfaces_pkg__rosidl_generator_c.dir/rosidl_generator_c/interfaces_pkg/msg/detail/target_point__functions.c.o[0m
[4.297s] [ 12%] [32mBuilding C object CMakeFiles/interfaces_pkg__rosidl_generator_c.dir/rosidl_generator_c/interfaces_pkg/msg/detail/motion_command__functions.c.o[0m
[4.297s] [ 13%] [32mBuilding C object CMakeFiles/interfaces_pkg__rosidl_generator_c.dir/rosidl_generator_c/interfaces_pkg/msg/detail/path_planning_result__functions.c.o[0m
[4.356s] [ 14%] [32m[1mLinking C shared library libinterfaces_pkg__rosidl_generator_c.so[0m
[4.395s] [ 14%] Built target interfaces_pkg__rosidl_generator_c
[4.403s] [ 15%] [34m[1mGenerating C type support dispatch for ROS interfaces[0m
[4.403s] [ 16%] [34m[1mGenerating C introspection for ROS interfaces[0m
[4.403s] [ 17%] [34m[1mGenerating C type support for eProsima Fast-RTPS[0m
[5.077s] [ 18%] [32mBuilding CXX object CMakeFiles/interfaces_pkg__rosidl_typesupport_cpp.dir/rosidl_typesupport_cpp/interfaces_pkg/msg/point2_d__type_support.cpp.o[0m
[5.077s] [ 18%] [32mBuilding CXX object CMakeFiles/interfaces_pkg__rosidl_typesupport_cpp.dir/rosidl_typesupport_cpp/interfaces_pkg/msg/vector2__type_support.cpp.o[0m
[5.077s] [ 19%] [32mBuilding CXX object CMakeFiles/interfaces_pkg__rosidl_typesupport_cpp.dir/rosidl_typesupport_cpp/interfaces_pkg/msg/bounding_box2_d__type_support.cpp.o[0m
[5.078s] [ 20%] [32mBuilding CXX object CMakeFiles/interfaces_pkg__rosidl_typesupport_cpp.dir/rosidl_typesupport_cpp/interfaces_pkg/msg/pose2_d__type_support.cpp.o[0m
[5.078s] [ 20%] [32mBuilding CXX object CMakeFiles/interfaces_pkg__rosidl_typesupport_cpp.dir/rosidl_typesupport_cpp/interfaces_pkg/msg/bounding_box3_d__type_support.cpp.o[0m
[5.079s] [ 21%] [32mBuilding CXX object CMakeFiles/interfaces_pkg__rosidl_typesupport_cpp.dir/rosidl_typesupport_cpp/interfaces_pkg/msg/mask__type_support.cpp.o[0m
[5.079s] [ 21%] [32mBuilding CXX object CMakeFiles/interfaces_pkg__rosidl_typesupport_cpp.dir/rosidl_typesupport_cpp/interfaces_pkg/msg/key_point2_d_array__type_support.cpp.o[0m
[5.079s] [ 22%] [32mBuilding CXX object CMakeFiles/interfaces_pkg__rosidl_typesupport_cpp.dir/rosidl_typesupport_cpp/interfaces_pkg/msg/key_point2_d__type_support.cpp.o[0m
[5.080s] [ 23%] [32mBuilding CXX object CMakeFiles/interfaces_pkg__rosidl_typesupport_cpp.dir/rosidl_typesupport_cpp/interfaces_pkg/msg/key_point3_d__type_support.cpp.o[0m
[5.080s] [ 23%] [32mBuilding CXX object CMakeFiles/interfaces_pkg__rosidl_typesupport_cpp.dir/rosidl_typesupport_cpp/interfaces_pkg/msg/detection__type_support.cpp.o[0m
[5.081s] [ 24%] [32mBuilding CXX object CMakeFiles/interfaces_pkg__rosidl_typesupport_cpp.dir/rosidl_typesupport_cpp/interfaces_pkg/msg/key_point3_d_array__type_support.cpp.o[0m
[5.604s] [ 25%] [32mBuilding CXX object CMakeFiles/interfaces_pkg__rosidl_typesupport_introspection_cpp.dir/rosidl_typesupport_introspection_cpp/interfaces_pkg/msg/detail/point2_d__type_support.cpp.o[0m
[5.669s] [ 25%] [32mBuilding CXX object CMakeFiles/interfaces_pkg__rosidl_typesupport_c.dir/rosidl_typesupport_c/interfaces_pkg/msg/point2_d__type_support.cpp.o[0m
[5.684s] [ 26%] [32mBuilding CXX object CMakeFiles/interfaces_pkg__rosidl_typesupport_c.dir/rosidl_typesupport_c/interfaces_pkg/msg/vector2__type_support.cpp.o[0m
[5.686s] [ 27%] [32mBuilding CXX object CMakeFiles/interfaces_pkg__rosidl_typesupport_cpp.dir/rosidl_typesupport_cpp/interfaces_pkg/msg/detection_array__type_support.cpp.o[0m
[5.688s] [ 28%] [32mBuilding CXX object CMakeFiles/interfaces_pkg__rosidl_typesupport_c.dir/rosidl_typesupport_c/interfaces_pkg/msg/pose2_d__type_support.cpp.o[0m
[5.692s] [ 29%] [32mBuilding CXX object CMakeFiles/interfaces_pkg__rosidl_typesupport_introspection_cpp.dir/rosidl_typesupport_introspection_cpp/interfaces_pkg/msg/detail/vector2__type_support.cpp.o[0m
[5.693s] [ 29%] [32mBuilding CXX object CMakeFiles/interfaces_pkg__rosidl_typesupport_introspection_cpp.dir/rosidl_typesupport_introspection_cpp/interfaces_pkg/msg/detail/pose2_d__type_support.cpp.o[0m
[5.697s] [ 31%] [32mBuilding CXX object CMakeFiles/interfaces_pkg__rosidl_typesupport_introspection_cpp.dir/rosidl_typesupport_introspection_cpp/interfaces_pkg/msg/detail/bounding_box2_d__type_support.cpp.o[0m
[5.697s] [ 30%] [32mBuilding CXX object CMakeFiles/interfaces_pkg__rosidl_typesupport_cpp.dir/rosidl_typesupport_cpp/interfaces_pkg/msg/lane_info__type_support.cpp.o[0m
[5.701s] [ 31%] [32mBuilding CXX object CMakeFiles/interfaces_pkg__rosidl_typesupport_cpp.dir/rosidl_typesupport_cpp/interfaces_pkg/msg/motion_command__type_support.cpp.o[0m
[5.702s] [ 31%] [32mBuilding CXX object CMakeFiles/interfaces_pkg__rosidl_typesupport_c.dir/rosidl_typesupport_c/interfaces_pkg/msg/bounding_box2_d__type_support.cpp.o[0m
[5.708s] [ 32%] [32mBuilding CXX object CMakeFiles/interfaces_pkg__rosidl_typesupport_introspection_cpp.dir/rosidl_typesupport_introspection_cpp/interfaces_pkg/msg/detail/bounding_box3_d__type_support.cpp.o[0m
[5.708s] [ 33%] [32mBuilding CXX object CMakeFiles/interfaces_pkg__rosidl_typesupport_c.dir/rosidl_typesupport_c/interfaces_pkg/msg/bounding_box3_d__type_support.cpp.o[0m
[5.731s] [ 34%] [32mBuilding CXX object CMakeFiles/interfaces_pkg__rosidl_typesupport_cpp.dir/rosidl_typesupport_cpp/interfaces_pkg/msg/target_point__type_support.cpp.o[0m
[5.740s] [ 35%] [32mBuilding CXX object CMakeFiles/interfaces_pkg__rosidl_typesupport_introspection_cpp.dir/rosidl_typesupport_introspection_cpp/interfaces_pkg/msg/detail/mask__type_support.cpp.o[0m
[5.742s] [ 35%] [32mBuilding CXX object CMakeFiles/interfaces_pkg__rosidl_typesupport_cpp.dir/rosidl_typesupport_cpp/interfaces_pkg/msg/path_planning_result__type_support.cpp.o[0m
[5.766s] [ 36%] [32mBuilding CXX object CMakeFiles/interfaces_pkg__rosidl_typesupport_c.dir/rosidl_typesupport_c/interfaces_pkg/msg/mask__type_support.cpp.o[0m
[5.774s] [ 36%] [32mBuilding CXX object CMakeFiles/interfaces_pkg__rosidl_typesupport_c.dir/rosidl_typesupport_c/interfaces_pkg/msg/key_point2_d__type_support.cpp.o[0m
[5.828s] [ 37%] [32mBuilding CXX object CMakeFiles/interfaces_pkg__rosidl_typesupport_c.dir/rosidl_typesupport_c/interfaces_pkg/msg/key_point2_d_array__type_support.cpp.o[0m
[5.830s] [ 38%] [32mBuilding CXX object CMakeFiles/interfaces_pkg__rosidl_typesupport_introspection_cpp.dir/rosidl_typesupport_introspection_cpp/interfaces_pkg/msg/detail/key_point2_d__type_support.cpp.o[0m
[5.896s] [ 39%] [32mBuilding CXX object CMakeFiles/interfaces_pkg__rosidl_typesupport_c.dir/rosidl_typesupport_c/interfaces_pkg/msg/key_point3_d__type_support.cpp.o[0m
[5.912s] [ 40%] [32mBuilding CXX object CMakeFiles/interfaces_pkg__rosidl_typesupport_fastrtps_cpp.dir/rosidl_typesupport_fastrtps_cpp/interfaces_pkg/msg/detail/dds_fastrtps/point2_d__type_support.cpp.o[0m
[5.954s] [ 40%] [32mBuilding CXX object CMakeFiles/interfaces_pkg__rosidl_typesupport_c.dir/rosidl_typesupport_c/interfaces_pkg/msg/key_point3_d_array__type_support.cpp.o[0m
[6.019s] [ 41%] [32mBuilding CXX object CMakeFiles/interfaces_pkg__rosidl_typesupport_c.dir/rosidl_typesupport_c/interfaces_pkg/msg/detection__type_support.cpp.o[0m
[6.077s] [ 42%] [32mBuilding CXX object CMakeFiles/interfaces_pkg__rosidl_typesupport_c.dir/rosidl_typesupport_c/interfaces_pkg/msg/detection_array__type_support.cpp.o[0m
[6.139s] [ 42%] [32mBuilding CXX object CMakeFiles/interfaces_pkg__rosidl_typesupport_c.dir/rosidl_typesupport_c/interfaces_pkg/msg/lane_info__type_support.cpp.o[0m
[6.193s] [ 43%] [32mBuilding CXX object CMakeFiles/interfaces_pkg__rosidl_typesupport_c.dir/rosidl_typesupport_c/interfaces_pkg/msg/motion_command__type_support.cpp.o[0m
[6.231s] [ 44%] [32mBuilding C object CMakeFiles/interfaces_pkg__rosidl_typesupport_introspection_c.dir/rosidl_typesupport_introspection_c/interfaces_pkg/msg/detail/point2_d__type_support.c.o[0m
[6.248s] [ 45%] [32mBuilding CXX object CMakeFiles/interfaces_pkg__rosidl_typesupport_c.dir/rosidl_typesupport_c/interfaces_pkg/msg/target_point__type_support.cpp.o[0m
[6.257s] [ 45%] [32mBuilding CXX object CMakeFiles/interfaces_pkg__rosidl_typesupport_fastrtps_cpp.dir/rosidl_typesupport_fastrtps_cpp/interfaces_pkg/msg/detail/dds_fastrtps/vector2__type_support.cpp.o[0m
[6.284s] [ 46%] [32mBuilding CXX object CMakeFiles/interfaces_pkg__rosidl_typesupport_fastrtps_cpp.dir/rosidl_typesupport_fastrtps_cpp/interfaces_pkg/msg/detail/dds_fastrtps/pose2_d__type_support.cpp.o[0m
[6.290s] [ 46%] [32mBuilding C object CMakeFiles/interfaces_pkg__rosidl_typesupport_introspection_c.dir/rosidl_typesupport_introspection_c/interfaces_pkg/msg/detail/vector2__type_support.c.o[0m
[6.306s] [ 47%] [32mBuilding CXX object CMakeFiles/interfaces_pkg__rosidl_typesupport_fastrtps_cpp.dir/rosidl_typesupport_fastrtps_cpp/interfaces_pkg/msg/detail/dds_fastrtps/bounding_box2_d__type_support.cpp.o[0m
[6.306s] [ 47%] [32mBuilding CXX object CMakeFiles/interfaces_pkg__rosidl_typesupport_c.dir/rosidl_typesupport_c/interfaces_pkg/msg/path_planning_result__type_support.cpp.o[0m
[6.323s] [ 48%] [32mBuilding CXX object CMakeFiles/interfaces_pkg__rosidl_typesupport_introspection_cpp.dir/rosidl_typesupport_introspection_cpp/interfaces_pkg/msg/detail/key_point2_d_array__type_support.cpp.o[0m
[6.328s] [ 48%] [32mBuilding CXX object CMakeFiles/interfaces_pkg__rosidl_typesupport_fastrtps_c.dir/rosidl_typesupport_fastrtps_c/interfaces_pkg/msg/detail/point2_d__type_support_c.cpp.o[0m
[6.332s] [ 48%] [32m[1mLinking CXX shared library libinterfaces_pkg__rosidl_typesupport_cpp.so[0m
[6.362s] [ 49%] [32m[1mLinking CXX shared library libinterfaces_pkg__rosidl_typesupport_c.so[0m
[6.366s] [ 50%] [32mBuilding C object CMakeFiles/interfaces_pkg__rosidl_typesupport_introspection_c.dir/rosidl_typesupport_introspection_c/interfaces_pkg/msg/detail/pose2_d__type_support.c.o[0m
[6.437s] [ 51%] [32mBuilding C object CMakeFiles/interfaces_pkg__rosidl_typesupport_introspection_c.dir/rosidl_typesupport_introspection_c/interfaces_pkg/msg/detail/bounding_box2_d__type_support.c.o[0m
[6.439s] [ 51%] Built target interfaces_pkg__rosidl_typesupport_cpp
[6.451s] [ 51%] [32mBuilding C object CMakeFiles/interfaces_pkg__rosidl_typesupport_introspection_c.dir/rosidl_typesupport_introspection_c/interfaces_pkg/msg/detail/bounding_box3_d__type_support.c.o[0m
[6.451s] [ 51%] Built target interfaces_pkg__rosidl_typesupport_c
[6.463s] [ 51%] [32mBuilding CXX object CMakeFiles/interfaces_pkg__rosidl_typesupport_fastrtps_cpp.dir/rosidl_typesupport_fastrtps_cpp/interfaces_pkg/msg/detail/dds_fastrtps/bounding_box3_d__type_support.cpp.o[0m
[6.468s] [ 51%] [32mBuilding CXX object CMakeFiles/interfaces_pkg__rosidl_typesupport_introspection_cpp.dir/rosidl_typesupport_introspection_cpp/interfaces_pkg/msg/detail/key_point3_d__type_support.cpp.o[0m
[6.492s] [ 52%] [32mBuilding CXX object CMakeFiles/interfaces_pkg__rosidl_typesupport_fastrtps_c.dir/rosidl_typesupport_fastrtps_c/interfaces_pkg/msg/detail/vector2__type_support_c.cpp.o[0m
[6.502s] [ 53%] [32mBuilding C object CMakeFiles/interfaces_pkg__rosidl_typesupport_introspection_c.dir/rosidl_typesupport_introspection_c/interfaces_pkg/msg/detail/mask__type_support.c.o[0m
[6.513s] [ 54%] [32mBuilding CXX object CMakeFiles/interfaces_pkg__rosidl_typesupport_fastrtps_cpp.dir/rosidl_typesupport_fastrtps_cpp/interfaces_pkg/msg/detail/dds_fastrtps/mask__type_support.cpp.o[0m
[6.526s] [ 55%] [32mBuilding CXX object CMakeFiles/interfaces_pkg__rosidl_typesupport_fastrtps_cpp.dir/rosidl_typesupport_fastrtps_cpp/interfaces_pkg/msg/detail/dds_fastrtps/key_point2_d__type_support.cpp.o[0m
[6.527s] [ 55%] [32mBuilding CXX object CMakeFiles/interfaces_pkg__rosidl_typesupport_fastrtps_cpp.dir/rosidl_typesupport_fastrtps_cpp/interfaces_pkg/msg/detail/dds_fastrtps/key_point2_d_array__type_support.cpp.o[0m
[6.535s] [ 56%] [32mBuilding CXX object CMakeFiles/interfaces_pkg__rosidl_typesupport_fastrtps_c.dir/rosidl_typesupport_fastrtps_c/interfaces_pkg/msg/detail/pose2_d__type_support_c.cpp.o[0m
[6.591s] [ 57%] [32mBuilding C object CMakeFiles/interfaces_pkg__rosidl_typesupport_introspection_c.dir/rosidl_typesupport_introspection_c/interfaces_pkg/msg/detail/key_point2_d__type_support.c.o[0m
[6.630s] [ 58%] [32mBuilding CXX object CMakeFiles/interfaces_pkg__rosidl_typesupport_fastrtps_cpp.dir/rosidl_typesupport_fastrtps_cpp/interfaces_pkg/msg/detail/dds_fastrtps/key_point3_d__type_support.cpp.o[0m
[6.650s] [ 59%] [32mBuilding CXX object CMakeFiles/interfaces_pkg__rosidl_typesupport_introspection_cpp.dir/rosidl_typesupport_introspection_cpp/interfaces_pkg/msg/detail/key_point3_d_array__type_support.cpp.o[0m
[6.677s] [ 59%] [32mBuilding C object CMakeFiles/interfaces_pkg__rosidl_typesupport_introspection_c.dir/rosidl_typesupport_introspection_c/interfaces_pkg/msg/detail/key_point2_d_array__type_support.c.o[0m
[6.759s] [ 60%] [32mBuilding C object CMakeFiles/interfaces_pkg__rosidl_typesupport_introspection_c.dir/rosidl_typesupport_introspection_c/interfaces_pkg/msg/detail/key_point3_d__type_support.c.o[0m
[6.786s] [ 61%] [32mBuilding CXX object CMakeFiles/interfaces_pkg__rosidl_typesupport_introspection_cpp.dir/rosidl_typesupport_introspection_cpp/interfaces_pkg/msg/detail/detection__type_support.cpp.o[0m
[6.841s] [ 62%] [32mBuilding C object CMakeFiles/interfaces_pkg__rosidl_typesupport_introspection_c.dir/rosidl_typesupport_introspection_c/interfaces_pkg/msg/detail/key_point3_d_array__type_support.c.o[0m
[6.936s] [ 62%] [32mBuilding C object CMakeFiles/interfaces_pkg__rosidl_typesupport_introspection_c.dir/rosidl_typesupport_introspection_c/interfaces_pkg/msg/detail/detection__type_support.c.o[0m
[7.021s] [ 63%] [32mBuilding C object CMakeFiles/interfaces_pkg__rosidl_typesupport_introspection_c.dir/rosidl_typesupport_introspection_c/interfaces_pkg/msg/detail/detection_array__type_support.c.o[0m
[7.072s] [ 63%] [32mBuilding CXX object CMakeFiles/interfaces_pkg__rosidl_typesupport_introspection_cpp.dir/rosidl_typesupport_introspection_cpp/interfaces_pkg/msg/detail/detection_array__type_support.cpp.o[0m
[7.104s] [ 64%] [32mBuilding C object CMakeFiles/interfaces_pkg__rosidl_typesupport_introspection_c.dir/rosidl_typesupport_introspection_c/interfaces_pkg/msg/detail/lane_info__type_support.c.o[0m
[7.110s] [ 64%] [32mBuilding C object CMakeFiles/interfaces_pkg__rosidl_typesupport_introspection_c.dir/rosidl_typesupport_introspection_c/interfaces_pkg/msg/detail/motion_command__type_support.c.o[0m
[7.121s] [ 65%] [32mBuilding CXX object CMakeFiles/interfaces_pkg__rosidl_typesupport_introspection_cpp.dir/rosidl_typesupport_introspection_cpp/interfaces_pkg/msg/detail/lane_info__type_support.cpp.o[0m
[7.131s] [ 65%] [32mBuilding CXX object CMakeFiles/interfaces_pkg__rosidl_typesupport_fastrtps_c.dir/rosidl_typesupport_fastrtps_c/interfaces_pkg/msg/detail/bounding_box2_d__type_support_c.cpp.o[0m
[7.188s] [ 67%] [32mBuilding CXX object CMakeFiles/interfaces_pkg__rosidl_typesupport_introspection_cpp.dir/rosidl_typesupport_introspection_cpp/interfaces_pkg/msg/detail/motion_command__type_support.cpp.o[0m
[7.188s] [ 67%] [32mBuilding C object CMakeFiles/interfaces_pkg__rosidl_typesupport_introspection_c.dir/rosidl_typesupport_introspection_c/interfaces_pkg/msg/detail/target_point__type_support.c.o[0m
[7.210s] [ 67%] [32mBuilding CXX object CMakeFiles/interfaces_pkg__rosidl_typesupport_introspection_cpp.dir/rosidl_typesupport_introspection_cpp/interfaces_pkg/msg/detail/target_point__type_support.cpp.o[0m
[7.215s] [ 68%] [32mBuilding C object CMakeFiles/interfaces_pkg__rosidl_typesupport_introspection_c.dir/rosidl_typesupport_introspection_c/interfaces_pkg/msg/detail/path_planning_result__type_support.c.o[0m
[7.253s] [ 69%] [32mBuilding CXX object CMakeFiles/interfaces_pkg__rosidl_typesupport_fastrtps_c.dir/rosidl_typesupport_fastrtps_c/interfaces_pkg/msg/detail/bounding_box3_d__type_support_c.cpp.o[0m
[7.287s] [ 70%] [32mBuilding CXX object CMakeFiles/interfaces_pkg__rosidl_typesupport_fastrtps_cpp.dir/rosidl_typesupport_fastrtps_cpp/interfaces_pkg/msg/detail/dds_fastrtps/key_point3_d_array__type_support.cpp.o[0m
[7.291s] [ 70%] [32m[1mLinking C shared library libinterfaces_pkg__rosidl_typesupport_introspection_c.so[0m
[7.317s] [ 70%] [32mBuilding CXX object CMakeFiles/interfaces_pkg__rosidl_typesupport_fastrtps_cpp.dir/rosidl_typesupport_fastrtps_cpp/interfaces_pkg/msg/detail/dds_fastrtps/detection__type_support.cpp.o[0m
[7.331s] [ 71%] [32mBuilding CXX object CMakeFiles/interfaces_pkg__rosidl_typesupport_fastrtps_cpp.dir/rosidl_typesupport_fastrtps_cpp/interfaces_pkg/msg/detail/dds_fastrtps/detection_array__type_support.cpp.o[0m
[7.365s] [ 71%] Built target interfaces_pkg__rosidl_typesupport_introspection_c
[7.369s] [ 72%] [32mBuilding CXX object CMakeFiles/interfaces_pkg__rosidl_typesupport_fastrtps_cpp.dir/rosidl_typesupport_fastrtps_cpp/interfaces_pkg/msg/detail/dds_fastrtps/lane_info__type_support.cpp.o[0m
[7.383s] [ 73%] [32mBuilding CXX object CMakeFiles/interfaces_pkg__rosidl_typesupport_fastrtps_c.dir/rosidl_typesupport_fastrtps_c/interfaces_pkg/msg/detail/mask__type_support_c.cpp.o[0m
[7.443s] [ 73%] [32mBuilding CXX object CMakeFiles/interfaces_pkg__rosidl_typesupport_fastrtps_c.dir/rosidl_typesupport_fastrtps_c/interfaces_pkg/msg/detail/key_point2_d__type_support_c.cpp.o[0m
[7.461s] [ 74%] [32mBuilding CXX object CMakeFiles/interfaces_pkg__rosidl_typesupport_introspection_cpp.dir/rosidl_typesupport_introspection_cpp/interfaces_pkg/msg/detail/path_planning_result__type_support.cpp.o[0m
[7.485s] [ 75%] [32mBuilding CXX object CMakeFiles/interfaces_pkg__rosidl_typesupport_fastrtps_c.dir/rosidl_typesupport_fastrtps_c/interfaces_pkg/msg/detail/key_point2_d_array__type_support_c.cpp.o[0m
[7.556s] [ 76%] [32mBuilding CXX object CMakeFiles/interfaces_pkg__rosidl_typesupport_fastrtps_c.dir/rosidl_typesupport_fastrtps_c/interfaces_pkg/msg/detail/key_point3_d__type_support_c.cpp.o[0m
[7.724s] [ 76%] [32mBuilding CXX object CMakeFiles/interfaces_pkg__rosidl_typesupport_fastrtps_cpp.dir/rosidl_typesupport_fastrtps_cpp/interfaces_pkg/msg/detail/dds_fastrtps/motion_command__type_support.cpp.o[0m
[7.861s] [ 77%] [32mBuilding CXX object CMakeFiles/interfaces_pkg__rosidl_typesupport_fastrtps_cpp.dir/rosidl_typesupport_fastrtps_cpp/interfaces_pkg/msg/detail/dds_fastrtps/target_point__type_support.cpp.o[0m
[8.012s] [ 78%] [32mBuilding CXX object CMakeFiles/interfaces_pkg__rosidl_typesupport_fastrtps_cpp.dir/rosidl_typesupport_fastrtps_cpp/interfaces_pkg/msg/detail/dds_fastrtps/path_planning_result__type_support.cpp.o[0m
[8.015s] [ 78%] [32mBuilding CXX object CMakeFiles/interfaces_pkg__rosidl_typesupport_fastrtps_c.dir/rosidl_typesupport_fastrtps_c/interfaces_pkg/msg/detail/key_point3_d_array__type_support_c.cpp.o[0m
[8.029s] [ 79%] [32mBuilding CXX object CMakeFiles/interfaces_pkg__rosidl_typesupport_fastrtps_c.dir/rosidl_typesupport_fastrtps_c/interfaces_pkg/msg/detail/detection__type_support_c.cpp.o[0m
[8.036s] [ 80%] [32mBuilding CXX object CMakeFiles/interfaces_pkg__rosidl_typesupport_fastrtps_c.dir/rosidl_typesupport_fastrtps_c/interfaces_pkg/msg/detail/detection_array__type_support_c.cpp.o[0m
[8.108s] [ 80%] [32mBuilding CXX object CMakeFiles/interfaces_pkg__rosidl_typesupport_fastrtps_c.dir/rosidl_typesupport_fastrtps_c/interfaces_pkg/msg/detail/lane_info__type_support_c.cpp.o[0m
[8.155s] [ 81%] [32mBuilding CXX object CMakeFiles/interfaces_pkg__rosidl_typesupport_fastrtps_c.dir/rosidl_typesupport_fastrtps_c/interfaces_pkg/msg/detail/motion_command__type_support_c.cpp.o[0m
[8.213s] [ 82%] [32mBuilding CXX object CMakeFiles/interfaces_pkg__rosidl_typesupport_fastrtps_c.dir/rosidl_typesupport_fastrtps_c/interfaces_pkg/msg/detail/target_point__type_support_c.cpp.o[0m
[8.230s] [ 82%] [32mBuilding CXX object CMakeFiles/interfaces_pkg__rosidl_typesupport_fastrtps_c.dir/rosidl_typesupport_fastrtps_c/interfaces_pkg/msg/detail/path_planning_result__type_support_c.cpp.o[0m
[8.420s] [ 83%] [32m[1mLinking CXX shared library libinterfaces_pkg__rosidl_typesupport_introspection_cpp.so[0m
[8.625s] [ 83%] Built target interfaces_pkg__rosidl_typesupport_introspection_cpp
[8.699s] [ 83%] [32m[1mLinking CXX shared library libinterfaces_pkg__rosidl_typesupport_fastrtps_cpp.so[0m
[8.764s] [ 84%] [32m[1mLinking CXX shared library libinterfaces_pkg__rosidl_typesupport_fastrtps_c.so[0m
[8.772s] [ 84%] Built target interfaces_pkg__rosidl_typesupport_fastrtps_cpp
[8.823s] [ 84%] Built target interfaces_pkg__rosidl_typesupport_fastrtps_c
[8.834s] [ 84%] Built target interfaces_pkg
[8.847s] [ 85%] [34m[1mGenerating Python code for ROS interfaces[0m
[10.218s] [ 85%] Built target interfaces_pkg__py
[10.231s] [ 85%] [32mBuilding C object CMakeFiles/interfaces_pkg__rosidl_generator_py.dir/rosidl_generator_py/interfaces_pkg/msg/_point2_d_s.c.o[0m
[10.231s] [ 86%] [32mBuilding C object CMakeFiles/interfaces_pkg__rosidl_generator_py.dir/rosidl_generator_py/interfaces_pkg/msg/_vector2_s.c.o[0m
[10.232s] [ 86%] [32mBuilding C object CMakeFiles/interfaces_pkg__rosidl_generator_py.dir/rosidl_generator_py/interfaces_pkg/msg/_bounding_box2_d_s.c.o[0m
[10.232s] [ 87%] [32mBuilding C object CMakeFiles/interfaces_pkg__rosidl_generator_py.dir/rosidl_generator_py/interfaces_pkg/msg/_bounding_box3_d_s.c.o[0m
[10.233s] [ 89%] [32mBuilding C object CMakeFiles/interfaces_pkg__rosidl_generator_py.dir/rosidl_generator_py/interfaces_pkg/msg/_pose2_d_s.c.o[0m
[10.233s] [ 89%] [32mBuilding C object CMakeFiles/interfaces_pkg__rosidl_generator_py.dir/rosidl_generator_py/interfaces_pkg/msg/_mask_s.c.o[0m
[10.233s] [ 89%] [32mBuilding C object CMakeFiles/interfaces_pkg__rosidl_generator_py.dir/rosidl_generator_py/interfaces_pkg/msg/_key_point2_d_s.c.o[0m
[10.234s] [ 90%] [32mBuilding C object CMakeFiles/interfaces_pkg__rosidl_generator_py.dir/rosidl_generator_py/interfaces_pkg/msg/_key_point2_d_array_s.c.o[0m
[10.235s] [ 91%] [32mBuilding C object CMakeFiles/interfaces_pkg__rosidl_generator_py.dir/rosidl_generator_py/interfaces_pkg/msg/_key_point3_d_s.c.o[0m
[10.236s] [ 91%] [32mBuilding C object CMakeFiles/interfaces_pkg__rosidl_generator_py.dir/rosidl_generator_py/interfaces_pkg/msg/_key_point3_d_array_s.c.o[0m
[10.236s] [ 92%] [32mBuilding C object CMakeFiles/interfaces_pkg__rosidl_generator_py.dir/rosidl_generator_py/interfaces_pkg/msg/_detection_s.c.o[0m
[10.237s] [ 93%] [32mBuilding C object CMakeFiles/interfaces_pkg__rosidl_generator_py.dir/rosidl_generator_py/interfaces_pkg/msg/_detection_array_s.c.o[0m
[10.237s] [ 93%] [32mBuilding C object CMakeFiles/interfaces_pkg__rosidl_generator_py.dir/rosidl_generator_py/interfaces_pkg/msg/_lane_info_s.c.o[0m
[10.239s] [ 94%] [32mBuilding C object CMakeFiles/interfaces_pkg__rosidl_generator_py.dir/rosidl_generator_py/interfaces_pkg/msg/_motion_command_s.c.o[0m
[10.239s] [ 95%] [32mBuilding C object CMakeFiles/interfaces_pkg__rosidl_generator_py.dir/rosidl_generator_py/interfaces_pkg/msg/_target_point_s.c.o[0m
[10.239s] [ 95%] [32mBuilding C object CMakeFiles/interfaces_pkg__rosidl_generator_py.dir/rosidl_generator_py/interfaces_pkg/msg/_path_planning_result_s.c.o[0m
[10.473s] [ 96%] [32m[1mLinking C shared library rosidl_generator_py/interfaces_pkg/libinterfaces_pkg__rosidl_generator_py.so[0m
[10.507s] [ 96%] Built target interfaces_pkg__rosidl_generator_py
[10.519s] [ 97%] [32mBuilding C object CMakeFiles/interfaces_pkg__rosidl_typesupport_fastrtps_c__pyext.dir/rosidl_generator_py/interfaces_pkg/_interfaces_pkg_s.ep.rosidl_typesupport_fastrtps_c.c.o[0m
[10.519s] [ 98%] [32mBuilding C object CMakeFiles/interfaces_pkg__rosidl_typesupport_c__pyext.dir/rosidl_generator_py/interfaces_pkg/_interfaces_pkg_s.ep.rosidl_typesupport_c.c.o[0m
[10.520s] [ 99%] [32mBuilding C object CMakeFiles/interfaces_pkg__rosidl_typesupport_introspection_c__pyext.dir/rosidl_generator_py/interfaces_pkg/_interfaces_pkg_s.ep.rosidl_typesupport_introspection_c.c.o[0m
[10.646s] [100%] [32m[1mLinking C shared library rosidl_generator_py/interfaces_pkg/interfaces_pkg_s__rosidl_typesupport_c.cpython-310-x86_64-linux-gnu.so[0m
[10.646s] [100%] [32m[1mLinking C shared library rosidl_generator_py/interfaces_pkg/interfaces_pkg_s__rosidl_typesupport_introspection_c.cpython-310-x86_64-linux-gnu.so[0m
[10.650s] [100%] [32m[1mLinking C shared library rosidl_generator_py/interfaces_pkg/interfaces_pkg_s__rosidl_typesupport_fastrtps_c.cpython-310-x86_64-linux-gnu.so[0m
[10.679s] [100%] Built target interfaces_pkg__rosidl_typesupport_c__pyext
[10.679s] [100%] Built target interfaces_pkg__rosidl_typesupport_introspection_c__pyext
[10.686s] [100%] Built target interfaces_pkg__rosidl_typesupport_fastrtps_c__pyext
[10.696s] Invoked command in '/home/sungbhin/AutoSDV_HPC/build/interfaces_pkg' returned '0': CMAKE_PREFIX_PATH=${CMAKE_PREFIX_PATH}:/home/sungbhin/AutoSDV_HPC/install/serial_communication_pkg:/home/sungbhin/AutoSDV_HPC/install/lidar_perception_pkg:/home/sungbhin/AutoSDV_HPC/install/data_collection_pkg:/home/sungbhin/AutoSDV_HPC/install/decision_making_pkg:/home/sungbhin/AutoSDV_HPC/install/debug_pkg:/home/sungbhin/AutoSDV_HPC/install/camera_perception_pkg:/opt/ros/humble /usr/local/bin/cmake --build /home/sungbhin/AutoSDV_HPC/build/interfaces_pkg -- -j16 -l16
[10.698s] Invoking command in '/home/sungbhin/AutoSDV_HPC/build/interfaces_pkg': CMAKE_PREFIX_PATH=${CMAKE_PREFIX_PATH}:/home/sungbhin/AutoSDV_HPC/install/serial_communication_pkg:/home/sungbhin/AutoSDV_HPC/install/lidar_perception_pkg:/home/sungbhin/AutoSDV_HPC/install/data_collection_pkg:/home/sungbhin/AutoSDV_HPC/install/decision_making_pkg:/home/sungbhin/AutoSDV_HPC/install/debug_pkg:/home/sungbhin/AutoSDV_HPC/install/camera_perception_pkg:/opt/ros/humble /usr/local/bin/cmake --install /home/sungbhin/AutoSDV_HPC/build/interfaces_pkg
[10.703s] -- Install configuration: ""
[10.704s] -- Execute custom install script
[10.704s] -- Symlinking: /home/sungbhin/AutoSDV_HPC/install/interfaces_pkg/share/ament_index/resource_index/rosidl_interfaces/interfaces_pkg
[10.709s] -- Symlinking: /home/sungbhin/AutoSDV_HPC/install/interfaces_pkg/include/interfaces_pkg/interfaces_pkg/msg/bounding_box2_d.h
[10.713s] -- Symlinking: /home/sungbhin/AutoSDV_HPC/install/interfaces_pkg/include/interfaces_pkg/interfaces_pkg/msg/bounding_box3_d.h
[10.717s] -- Symlinking: /home/sungbhin/AutoSDV_HPC/install/interfaces_pkg/include/interfaces_pkg/interfaces_pkg/msg/detail/bounding_box2_d__functions.h
[10.720s] -- Symlinking: /home/sungbhin/AutoSDV_HPC/install/interfaces_pkg/include/interfaces_pkg/interfaces_pkg/msg/detail/bounding_box2_d__struct.h
[10.724s] -- Symlinking: /home/sungbhin/AutoSDV_HPC/install/interfaces_pkg/include/interfaces_pkg/interfaces_pkg/msg/detail/bounding_box2_d__type_support.h
[10.727s] -- Symlinking: /home/sungbhin/AutoSDV_HPC/install/interfaces_pkg/include/interfaces_pkg/interfaces_pkg/msg/detail/bounding_box3_d__functions.h
[10.730s] -- Symlinking: /home/sungbhin/AutoSDV_HPC/install/interfaces_pkg/include/interfaces_pkg/interfaces_pkg/msg/detail/bounding_box3_d__struct.h
[10.733s] -- Symlinking: /home/sungbhin/AutoSDV_HPC/install/interfaces_pkg/include/interfaces_pkg/interfaces_pkg/msg/detail/bounding_box3_d__type_support.h
[10.737s] -- Symlinking: /home/sungbhin/AutoSDV_HPC/install/interfaces_pkg/include/interfaces_pkg/interfaces_pkg/msg/detail/detection__functions.h
[10.741s] -- Symlinking: /home/sungbhin/AutoSDV_HPC/install/interfaces_pkg/include/interfaces_pkg/interfaces_pkg/msg/detail/detection__struct.h
[10.744s] -- Symlinking: /home/sungbhin/AutoSDV_HPC/install/interfaces_pkg/include/interfaces_pkg/interfaces_pkg/msg/detail/detection__type_support.h
[10.749s] -- Symlinking: /home/sungbhin/AutoSDV_HPC/install/interfaces_pkg/include/interfaces_pkg/interfaces_pkg/msg/detail/detection_array__functions.h
[10.753s] -- Symlinking: /home/sungbhin/AutoSDV_HPC/install/interfaces_pkg/include/interfaces_pkg/interfaces_pkg/msg/detail/detection_array__struct.h
[10.757s] -- Symlinking: /home/sungbhin/AutoSDV_HPC/install/interfaces_pkg/include/interfaces_pkg/interfaces_pkg/msg/detail/detection_array__type_support.h
[10.761s] -- Symlinking: /home/sungbhin/AutoSDV_HPC/install/interfaces_pkg/include/interfaces_pkg/interfaces_pkg/msg/detail/key_point2_d__functions.h
[10.765s] -- Symlinking: /home/sungbhin/AutoSDV_HPC/install/interfaces_pkg/include/interfaces_pkg/interfaces_pkg/msg/detail/key_point2_d__struct.h
[10.768s] -- Symlinking: /home/sungbhin/AutoSDV_HPC/install/interfaces_pkg/include/interfaces_pkg/interfaces_pkg/msg/detail/key_point2_d__type_support.h
[10.772s] -- Symlinking: /home/sungbhin/AutoSDV_HPC/install/interfaces_pkg/include/interfaces_pkg/interfaces_pkg/msg/detail/key_point2_d_array__functions.h
[10.776s] -- Symlinking: /home/sungbhin/AutoSDV_HPC/install/interfaces_pkg/include/interfaces_pkg/interfaces_pkg/msg/detail/key_point2_d_array__struct.h
[10.780s] -- Symlinking: /home/sungbhin/AutoSDV_HPC/install/interfaces_pkg/include/interfaces_pkg/interfaces_pkg/msg/detail/key_point2_d_array__type_support.h
[10.783s] -- Symlinking: /home/sungbhin/AutoSDV_HPC/install/interfaces_pkg/include/interfaces_pkg/interfaces_pkg/msg/detail/key_point3_d__functions.h
[10.787s] -- Symlinking: /home/sungbhin/AutoSDV_HPC/install/interfaces_pkg/include/interfaces_pkg/interfaces_pkg/msg/detail/key_point3_d__struct.h
[10.790s] -- Symlinking: /home/sungbhin/AutoSDV_HPC/install/interfaces_pkg/include/interfaces_pkg/interfaces_pkg/msg/detail/key_point3_d__type_support.h
[10.793s] -- Symlinking: /home/sungbhin/AutoSDV_HPC/install/interfaces_pkg/include/interfaces_pkg/interfaces_pkg/msg/detail/key_point3_d_array__functions.h
[10.798s] -- Symlinking: /home/sungbhin/AutoSDV_HPC/install/interfaces_pkg/include/interfaces_pkg/interfaces_pkg/msg/detail/key_point3_d_array__struct.h
[10.801s] -- Symlinking: /home/sungbhin/AutoSDV_HPC/install/interfaces_pkg/include/interfaces_pkg/interfaces_pkg/msg/detail/key_point3_d_array__type_support.h
[10.805s] -- Symlinking: /home/sungbhin/AutoSDV_HPC/install/interfaces_pkg/include/interfaces_pkg/interfaces_pkg/msg/detail/lane_info__functions.h
[10.809s] -- Symlinking: /home/sungbhin/AutoSDV_HPC/install/interfaces_pkg/include/interfaces_pkg/interfaces_pkg/msg/detail/lane_info__struct.h
[10.813s] -- Symlinking: /home/sungbhin/AutoSDV_HPC/install/interfaces_pkg/include/interfaces_pkg/interfaces_pkg/msg/detail/lane_info__type_support.h
[10.816s] -- Symlinking: /home/sungbhin/AutoSDV_HPC/install/interfaces_pkg/include/interfaces_pkg/interfaces_pkg/msg/detail/mask__functions.h
[10.820s] -- Symlinking: /home/sungbhin/AutoSDV_HPC/install/interfaces_pkg/include/interfaces_pkg/interfaces_pkg/msg/detail/mask__struct.h
[10.824s] -- Symlinking: /home/sungbhin/AutoSDV_HPC/install/interfaces_pkg/include/interfaces_pkg/interfaces_pkg/msg/detail/mask__type_support.h
[10.827s] -- Symlinking: /home/sungbhin/AutoSDV_HPC/install/interfaces_pkg/include/interfaces_pkg/interfaces_pkg/msg/detail/motion_command__functions.h
[10.831s] -- Symlinking: /home/sungbhin/AutoSDV_HPC/install/interfaces_pkg/include/interfaces_pkg/interfaces_pkg/msg/detail/motion_command__struct.h
[10.835s] -- Symlinking: /home/sungbhin/AutoSDV_HPC/install/interfaces_pkg/include/interfaces_pkg/interfaces_pkg/msg/detail/motion_command__type_support.h
[10.838s] -- Symlinking: /home/sungbhin/AutoSDV_HPC/install/interfaces_pkg/include/interfaces_pkg/interfaces_pkg/msg/detail/path_planning_result__functions.h
[10.842s] -- Symlinking: /home/sungbhin/AutoSDV_HPC/install/interfaces_pkg/include/interfaces_pkg/interfaces_pkg/msg/detail/path_planning_result__struct.h
[10.845s] -- Symlinking: /home/sungbhin/AutoSDV_HPC/install/interfaces_pkg/include/interfaces_pkg/interfaces_pkg/msg/detail/path_planning_result__type_support.h
[10.848s] -- Symlinking: /home/sungbhin/AutoSDV_HPC/install/interfaces_pkg/include/interfaces_pkg/interfaces_pkg/msg/detail/point2_d__functions.h
[10.852s] -- Symlinking: /home/sungbhin/AutoSDV_HPC/install/interfaces_pkg/include/interfaces_pkg/interfaces_pkg/msg/detail/point2_d__struct.h
[10.856s] -- Symlinking: /home/sungbhin/AutoSDV_HPC/install/interfaces_pkg/include/interfaces_pkg/interfaces_pkg/msg/detail/point2_d__type_support.h
[10.859s] -- Symlinking: /home/sungbhin/AutoSDV_HPC/install/interfaces_pkg/include/interfaces_pkg/interfaces_pkg/msg/detail/pose2_d__functions.h
[10.865s] -- Symlinking: /home/sungbhin/AutoSDV_HPC/install/interfaces_pkg/include/interfaces_pkg/interfaces_pkg/msg/detail/pose2_d__struct.h
[10.868s] -- Symlinking: /home/sungbhin/AutoSDV_HPC/install/interfaces_pkg/include/interfaces_pkg/interfaces_pkg/msg/detail/pose2_d__type_support.h
[10.872s] -- Symlinking: /home/sungbhin/AutoSDV_HPC/install/interfaces_pkg/include/interfaces_pkg/interfaces_pkg/msg/detail/target_point__functions.h
[10.877s] -- Symlinking: /home/sungbhin/AutoSDV_HPC/install/interfaces_pkg/include/interfaces_pkg/interfaces_pkg/msg/detail/target_point__struct.h
[10.882s] -- Symlinking: /home/sungbhin/AutoSDV_HPC/install/interfaces_pkg/include/interfaces_pkg/interfaces_pkg/msg/detail/target_point__type_support.h
[10.886s] -- Symlinking: /home/sungbhin/AutoSDV_HPC/install/interfaces_pkg/include/interfaces_pkg/interfaces_pkg/msg/detail/vector2__functions.h
[10.890s] -- Symlinking: /home/sungbhin/AutoSDV_HPC/install/interfaces_pkg/include/interfaces_pkg/interfaces_pkg/msg/detail/vector2__struct.h
[10.893s] -- Symlinking: /home/sungbhin/AutoSDV_HPC/install/interfaces_pkg/include/interfaces_pkg/interfaces_pkg/msg/detail/vector2__type_support.h
[10.898s] -- Symlinking: /home/sungbhin/AutoSDV_HPC/install/interfaces_pkg/include/interfaces_pkg/interfaces_pkg/msg/detection.h
[10.902s] -- Symlinking: /home/sungbhin/AutoSDV_HPC/install/interfaces_pkg/include/interfaces_pkg/interfaces_pkg/msg/detection_array.h
[10.906s] -- Symlinking: /home/sungbhin/AutoSDV_HPC/install/interfaces_pkg/include/interfaces_pkg/interfaces_pkg/msg/key_point2_d.h
[10.909s] -- Symlinking: /home/sungbhin/AutoSDV_HPC/install/interfaces_pkg/include/interfaces_pkg/interfaces_pkg/msg/key_point2_d_array.h
[10.914s] -- Symlinking: /home/sungbhin/AutoSDV_HPC/install/interfaces_pkg/include/interfaces_pkg/interfaces_pkg/msg/key_point3_d.h
[10.917s] -- Symlinking: /home/sungbhin/AutoSDV_HPC/install/interfaces_pkg/include/interfaces_pkg/interfaces_pkg/msg/key_point3_d_array.h
[10.921s] -- Symlinking: /home/sungbhin/AutoSDV_HPC/install/interfaces_pkg/include/interfaces_pkg/interfaces_pkg/msg/lane_info.h
[10.925s] -- Symlinking: /home/sungbhin/AutoSDV_HPC/install/interfaces_pkg/include/interfaces_pkg/interfaces_pkg/msg/mask.h
[10.929s] -- Symlinking: /home/sungbhin/AutoSDV_HPC/install/interfaces_pkg/include/interfaces_pkg/interfaces_pkg/msg/motion_command.h
[10.934s] -- Symlinking: /home/sungbhin/AutoSDV_HPC/install/interfaces_pkg/include/interfaces_pkg/interfaces_pkg/msg/path_planning_result.h
[10.937s] -- Symlinking: /home/sungbhin/AutoSDV_HPC/install/interfaces_pkg/include/interfaces_pkg/interfaces_pkg/msg/point2_d.h
[10.941s] -- Symlinking: /home/sungbhin/AutoSDV_HPC/install/interfaces_pkg/include/interfaces_pkg/interfaces_pkg/msg/pose2_d.h
[10.945s] -- Symlinking: /home/sungbhin/AutoSDV_HPC/install/interfaces_pkg/include/interfaces_pkg/interfaces_pkg/msg/rosidl_generator_c__visibility_control.h
[10.948s] -- Symlinking: /home/sungbhin/AutoSDV_HPC/install/interfaces_pkg/include/interfaces_pkg/interfaces_pkg/msg/target_point.h
[10.951s] -- Symlinking: /home/sungbhin/AutoSDV_HPC/install/interfaces_pkg/include/interfaces_pkg/interfaces_pkg/msg/vector2.h
[10.955s] -- Symlinking: /home/sungbhin/AutoSDV_HPC/install/interfaces_pkg/share/interfaces_pkg/environment/library_path.sh
[10.959s] -- Symlinking: /home/sungbhin/AutoSDV_HPC/install/interfaces_pkg/share/interfaces_pkg/environment/library_path.dsv
[10.964s] -- Symlinking: /home/sungbhin/AutoSDV_HPC/install/interfaces_pkg/include/interfaces_pkg/interfaces_pkg/msg/detail/bounding_box2_d__rosidl_typesupport_fastrtps_c.h
[10.968s] -- Symlinking: /home/sungbhin/AutoSDV_HPC/install/interfaces_pkg/include/interfaces_pkg/interfaces_pkg/msg/detail/bounding_box3_d__rosidl_typesupport_fastrtps_c.h
[10.972s] -- Symlinking: /home/sungbhin/AutoSDV_HPC/install/interfaces_pkg/include/interfaces_pkg/interfaces_pkg/msg/detail/detection__rosidl_typesupport_fastrtps_c.h
[10.976s] -- Symlinking: /home/sungbhin/AutoSDV_HPC/install/interfaces_pkg/include/interfaces_pkg/interfaces_pkg/msg/detail/detection_array__rosidl_typesupport_fastrtps_c.h
[10.981s] -- Symlinking: /home/sungbhin/AutoSDV_HPC/install/interfaces_pkg/include/interfaces_pkg/interfaces_pkg/msg/detail/key_point2_d__rosidl_typesupport_fastrtps_c.h
[10.985s] -- Symlinking: /home/sungbhin/AutoSDV_HPC/install/interfaces_pkg/include/interfaces_pkg/interfaces_pkg/msg/detail/key_point2_d_array__rosidl_typesupport_fastrtps_c.h
[10.989s] -- Symlinking: /home/sungbhin/AutoSDV_HPC/install/interfaces_pkg/include/interfaces_pkg/interfaces_pkg/msg/detail/key_point3_d__rosidl_typesupport_fastrtps_c.h
[10.993s] -- Symlinking: /home/sungbhin/AutoSDV_HPC/install/interfaces_pkg/include/interfaces_pkg/interfaces_pkg/msg/detail/key_point3_d_array__rosidl_typesupport_fastrtps_c.h
[10.998s] -- Symlinking: /home/sungbhin/AutoSDV_HPC/install/interfaces_pkg/include/interfaces_pkg/interfaces_pkg/msg/detail/lane_info__rosidl_typesupport_fastrtps_c.h
[11.003s] -- Symlinking: /home/sungbhin/AutoSDV_HPC/install/interfaces_pkg/include/interfaces_pkg/interfaces_pkg/msg/detail/mask__rosidl_typesupport_fastrtps_c.h
[11.006s] -- Symlinking: /home/sungbhin/AutoSDV_HPC/install/interfaces_pkg/include/interfaces_pkg/interfaces_pkg/msg/detail/motion_command__rosidl_typesupport_fastrtps_c.h
[11.010s] -- Symlinking: /home/sungbhin/AutoSDV_HPC/install/interfaces_pkg/include/interfaces_pkg/interfaces_pkg/msg/detail/path_planning_result__rosidl_typesupport_fastrtps_c.h
[11.014s] -- Symlinking: /home/sungbhin/AutoSDV_HPC/install/interfaces_pkg/include/interfaces_pkg/interfaces_pkg/msg/detail/point2_d__rosidl_typesupport_fastrtps_c.h
[11.017s] -- Symlinking: /home/sungbhin/AutoSDV_HPC/install/interfaces_pkg/include/interfaces_pkg/interfaces_pkg/msg/detail/pose2_d__rosidl_typesupport_fastrtps_c.h
[11.020s] -- Symlinking: /home/sungbhin/AutoSDV_HPC/install/interfaces_pkg/include/interfaces_pkg/interfaces_pkg/msg/detail/target_point__rosidl_typesupport_fastrtps_c.h
[11.025s] -- Symlinking: /home/sungbhin/AutoSDV_HPC/install/interfaces_pkg/include/interfaces_pkg/interfaces_pkg/msg/detail/vector2__rosidl_typesupport_fastrtps_c.h
[11.030s] -- Symlinking: /home/sungbhin/AutoSDV_HPC/install/interfaces_pkg/include/interfaces_pkg/interfaces_pkg/msg/rosidl_typesupport_fastrtps_c__visibility_control.h
[11.035s] -- Symlinking: /home/sungbhin/AutoSDV_HPC/install/interfaces_pkg/include/interfaces_pkg/interfaces_pkg/msg/detail/bounding_box2_d__rosidl_typesupport_introspection_c.h
[11.038s] -- Symlinking: /home/sungbhin/AutoSDV_HPC/install/interfaces_pkg/include/interfaces_pkg/interfaces_pkg/msg/detail/bounding_box3_d__rosidl_typesupport_introspection_c.h
[11.042s] -- Symlinking: /home/sungbhin/AutoSDV_HPC/install/interfaces_pkg/include/interfaces_pkg/interfaces_pkg/msg/detail/detection__rosidl_typesupport_introspection_c.h
[11.046s] -- Symlinking: /home/sungbhin/AutoSDV_HPC/install/interfaces_pkg/include/interfaces_pkg/interfaces_pkg/msg/detail/detection_array__rosidl_typesupport_introspection_c.h
[11.049s] -- Symlinking: /home/sungbhin/AutoSDV_HPC/install/interfaces_pkg/include/interfaces_pkg/interfaces_pkg/msg/detail/key_point2_d__rosidl_typesupport_introspection_c.h
[11.053s] -- Symlinking: /home/sungbhin/AutoSDV_HPC/install/interfaces_pkg/include/interfaces_pkg/interfaces_pkg/msg/detail/key_point2_d_array__rosidl_typesupport_introspection_c.h
[11.057s] -- Symlinking: /home/sungbhin/AutoSDV_HPC/install/interfaces_pkg/include/interfaces_pkg/interfaces_pkg/msg/detail/key_point3_d__rosidl_typesupport_introspection_c.h
[11.060s] -- Symlinking: /home/sungbhin/AutoSDV_HPC/install/interfaces_pkg/include/interfaces_pkg/interfaces_pkg/msg/detail/key_point3_d_array__rosidl_typesupport_introspection_c.h
[11.064s] -- Symlinking: /home/sungbhin/AutoSDV_HPC/install/interfaces_pkg/include/interfaces_pkg/interfaces_pkg/msg/detail/lane_info__rosidl_typesupport_introspection_c.h
[11.068s] -- Symlinking: /home/sungbhin/AutoSDV_HPC/install/interfaces_pkg/include/interfaces_pkg/interfaces_pkg/msg/detail/mask__rosidl_typesupport_introspection_c.h
[11.072s] -- Symlinking: /home/sungbhin/AutoSDV_HPC/install/interfaces_pkg/include/interfaces_pkg/interfaces_pkg/msg/detail/motion_command__rosidl_typesupport_introspection_c.h
[11.076s] -- Symlinking: /home/sungbhin/AutoSDV_HPC/install/interfaces_pkg/include/interfaces_pkg/interfaces_pkg/msg/detail/path_planning_result__rosidl_typesupport_introspection_c.h
[11.080s] -- Symlinking: /home/sungbhin/AutoSDV_HPC/install/interfaces_pkg/include/interfaces_pkg/interfaces_pkg/msg/detail/point2_d__rosidl_typesupport_introspection_c.h
[11.085s] -- Symlinking: /home/sungbhin/AutoSDV_HPC/install/interfaces_pkg/include/interfaces_pkg/interfaces_pkg/msg/detail/pose2_d__rosidl_typesupport_introspection_c.h
[11.088s] -- Symlinking: /home/sungbhin/AutoSDV_HPC/install/interfaces_pkg/include/interfaces_pkg/interfaces_pkg/msg/detail/target_point__rosidl_typesupport_introspection_c.h
[11.092s] -- Symlinking: /home/sungbhin/AutoSDV_HPC/install/interfaces_pkg/include/interfaces_pkg/interfaces_pkg/msg/detail/vector2__rosidl_typesupport_introspection_c.h
[11.095s] -- Symlinking: /home/sungbhin/AutoSDV_HPC/install/interfaces_pkg/include/interfaces_pkg/interfaces_pkg/msg/rosidl_typesupport_introspection_c__visibility_control.h
[11.100s] -- Symlinking: /home/sungbhin/AutoSDV_HPC/install/interfaces_pkg/include/interfaces_pkg/interfaces_pkg/msg/bounding_box2_d.hpp
[11.104s] -- Symlinking: /home/sungbhin/AutoSDV_HPC/install/interfaces_pkg/include/interfaces_pkg/interfaces_pkg/msg/bounding_box3_d.hpp
[11.107s] -- Symlinking: /home/sungbhin/AutoSDV_HPC/install/interfaces_pkg/include/interfaces_pkg/interfaces_pkg/msg/detail/bounding_box2_d__builder.hpp
[11.111s] -- Symlinking: /home/sungbhin/AutoSDV_HPC/install/interfaces_pkg/include/interfaces_pkg/interfaces_pkg/msg/detail/bounding_box2_d__struct.hpp
[11.116s] -- Symlinking: /home/sungbhin/AutoSDV_HPC/install/interfaces_pkg/include/interfaces_pkg/interfaces_pkg/msg/detail/bounding_box2_d__traits.hpp
[11.120s] -- Symlinking: /home/sungbhin/AutoSDV_HPC/install/interfaces_pkg/include/interfaces_pkg/interfaces_pkg/msg/detail/bounding_box2_d__type_support.hpp
[11.123s] -- Symlinking: /home/sungbhin/AutoSDV_HPC/install/interfaces_pkg/include/interfaces_pkg/interfaces_pkg/msg/detail/bounding_box3_d__builder.hpp
[11.126s] -- Symlinking: /home/sungbhin/AutoSDV_HPC/install/interfaces_pkg/include/interfaces_pkg/interfaces_pkg/msg/detail/bounding_box3_d__struct.hpp
[11.130s] -- Symlinking: /home/sungbhin/AutoSDV_HPC/install/interfaces_pkg/include/interfaces_pkg/interfaces_pkg/msg/detail/bounding_box3_d__traits.hpp
[11.133s] -- Symlinking: /home/sungbhin/AutoSDV_HPC/install/interfaces_pkg/include/interfaces_pkg/interfaces_pkg/msg/detail/bounding_box3_d__type_support.hpp
[11.137s] -- Symlinking: /home/sungbhin/AutoSDV_HPC/install/interfaces_pkg/include/interfaces_pkg/interfaces_pkg/msg/detail/detection__builder.hpp
[11.141s] -- Symlinking: /home/sungbhin/AutoSDV_HPC/install/interfaces_pkg/include/interfaces_pkg/interfaces_pkg/msg/detail/detection__struct.hpp
[11.145s] -- Symlinking: /home/sungbhin/AutoSDV_HPC/install/interfaces_pkg/include/interfaces_pkg/interfaces_pkg/msg/detail/detection__traits.hpp
[11.149s] -- Symlinking: /home/sungbhin/AutoSDV_HPC/install/interfaces_pkg/include/interfaces_pkg/interfaces_pkg/msg/detail/detection__type_support.hpp
[11.154s] -- Symlinking: /home/sungbhin/AutoSDV_HPC/install/interfaces_pkg/include/interfaces_pkg/interfaces_pkg/msg/detail/detection_array__builder.hpp
[11.157s] -- Symlinking: /home/sungbhin/AutoSDV_HPC/install/interfaces_pkg/include/interfaces_pkg/interfaces_pkg/msg/detail/detection_array__struct.hpp
[11.161s] -- Symlinking: /home/sungbhin/AutoSDV_HPC/install/interfaces_pkg/include/interfaces_pkg/interfaces_pkg/msg/detail/detection_array__traits.hpp
[11.165s] -- Symlinking: /home/sungbhin/AutoSDV_HPC/install/interfaces_pkg/include/interfaces_pkg/interfaces_pkg/msg/detail/detection_array__type_support.hpp
[11.170s] -- Symlinking: /home/sungbhin/AutoSDV_HPC/install/interfaces_pkg/include/interfaces_pkg/interfaces_pkg/msg/detail/key_point2_d__builder.hpp
[11.175s] -- Symlinking: /home/sungbhin/AutoSDV_HPC/install/interfaces_pkg/include/interfaces_pkg/interfaces_pkg/msg/detail/key_point2_d__struct.hpp
[11.180s] -- Symlinking: /home/sungbhin/AutoSDV_HPC/install/interfaces_pkg/include/interfaces_pkg/interfaces_pkg/msg/detail/key_point2_d__traits.hpp
[11.184s] -- Symlinking: /home/sungbhin/AutoSDV_HPC/install/interfaces_pkg/include/interfaces_pkg/interfaces_pkg/msg/detail/key_point2_d__type_support.hpp
[11.188s] -- Symlinking: /home/sungbhin/AutoSDV_HPC/install/interfaces_pkg/include/interfaces_pkg/interfaces_pkg/msg/detail/key_point2_d_array__builder.hpp
[11.192s] -- Symlinking: /home/sungbhin/AutoSDV_HPC/install/interfaces_pkg/include/interfaces_pkg/interfaces_pkg/msg/detail/key_point2_d_array__struct.hpp
[11.196s] -- Symlinking: /home/sungbhin/AutoSDV_HPC/install/interfaces_pkg/include/interfaces_pkg/interfaces_pkg/msg/detail/key_point2_d_array__traits.hpp
[11.200s] -- Symlinking: /home/sungbhin/AutoSDV_HPC/install/interfaces_pkg/include/interfaces_pkg/interfaces_pkg/msg/detail/key_point2_d_array__type_support.hpp
[11.204s] -- Symlinking: /home/sungbhin/AutoSDV_HPC/install/interfaces_pkg/include/interfaces_pkg/interfaces_pkg/msg/detail/key_point3_d__builder.hpp
[11.208s] -- Symlinking: /home/sungbhin/AutoSDV_HPC/install/interfaces_pkg/include/interfaces_pkg/interfaces_pkg/msg/detail/key_point3_d__struct.hpp
[11.213s] -- Symlinking: /home/sungbhin/AutoSDV_HPC/install/interfaces_pkg/include/interfaces_pkg/interfaces_pkg/msg/detail/key_point3_d__traits.hpp
[11.217s] -- Symlinking: /home/sungbhin/AutoSDV_HPC/install/interfaces_pkg/include/interfaces_pkg/interfaces_pkg/msg/detail/key_point3_d__type_support.hpp
[11.222s] -- Symlinking: /home/sungbhin/AutoSDV_HPC/install/interfaces_pkg/include/interfaces_pkg/interfaces_pkg/msg/detail/key_point3_d_array__builder.hpp
[11.225s] -- Symlinking: /home/sungbhin/AutoSDV_HPC/install/interfaces_pkg/include/interfaces_pkg/interfaces_pkg/msg/detail/key_point3_d_array__struct.hpp
[11.229s] -- Symlinking: /home/sungbhin/AutoSDV_HPC/install/interfaces_pkg/include/interfaces_pkg/interfaces_pkg/msg/detail/key_point3_d_array__traits.hpp
[11.233s] -- Symlinking: /home/sungbhin/AutoSDV_HPC/install/interfaces_pkg/include/interfaces_pkg/interfaces_pkg/msg/detail/key_point3_d_array__type_support.hpp
[11.236s] -- Symlinking: /home/sungbhin/AutoSDV_HPC/install/interfaces_pkg/include/interfaces_pkg/interfaces_pkg/msg/detail/lane_info__builder.hpp
[11.240s] -- Symlinking: /home/sungbhin/AutoSDV_HPC/install/interfaces_pkg/include/interfaces_pkg/interfaces_pkg/msg/detail/lane_info__struct.hpp
[11.244s] -- Symlinking: /home/sungbhin/AutoSDV_HPC/install/interfaces_pkg/include/interfaces_pkg/interfaces_pkg/msg/detail/lane_info__traits.hpp
[11.249s] -- Symlinking: /home/sungbhin/AutoSDV_HPC/install/interfaces_pkg/include/interfaces_pkg/interfaces_pkg/msg/detail/lane_info__type_support.hpp
[11.254s] -- Symlinking: /home/sungbhin/AutoSDV_HPC/install/interfaces_pkg/include/interfaces_pkg/interfaces_pkg/msg/detail/mask__builder.hpp
[11.257s] -- Symlinking: /home/sungbhin/AutoSDV_HPC/install/interfaces_pkg/include/interfaces_pkg/interfaces_pkg/msg/detail/mask__struct.hpp
[11.261s] -- Symlinking: /home/sungbhin/AutoSDV_HPC/install/interfaces_pkg/include/interfaces_pkg/interfaces_pkg/msg/detail/mask__traits.hpp
[11.266s] -- Symlinking: /home/sungbhin/AutoSDV_HPC/install/interfaces_pkg/include/interfaces_pkg/interfaces_pkg/msg/detail/mask__type_support.hpp
[11.270s] -- Symlinking: /home/sungbhin/AutoSDV_HPC/install/interfaces_pkg/include/interfaces_pkg/interfaces_pkg/msg/detail/motion_command__builder.hpp
[11.274s] -- Symlinking: /home/sungbhin/AutoSDV_HPC/install/interfaces_pkg/include/interfaces_pkg/interfaces_pkg/msg/detail/motion_command__struct.hpp
[11.279s] -- Symlinking: /home/sungbhin/AutoSDV_HPC/install/interfaces_pkg/include/interfaces_pkg/interfaces_pkg/msg/detail/motion_command__traits.hpp
[11.284s] -- Symlinking: /home/sungbhin/AutoSDV_HPC/install/interfaces_pkg/include/interfaces_pkg/interfaces_pkg/msg/detail/motion_command__type_support.hpp
[11.288s] -- Symlinking: /home/sungbhin/AutoSDV_HPC/install/interfaces_pkg/include/interfaces_pkg/interfaces_pkg/msg/detail/path_planning_result__builder.hpp
[11.292s] -- Symlinking: /home/sungbhin/AutoSDV_HPC/install/interfaces_pkg/include/interfaces_pkg/interfaces_pkg/msg/detail/path_planning_result__struct.hpp
[11.296s] -- Symlinking: /home/sungbhin/AutoSDV_HPC/install/interfaces_pkg/include/interfaces_pkg/interfaces_pkg/msg/detail/path_planning_result__traits.hpp
[11.300s] -- Symlinking: /home/sungbhin/AutoSDV_HPC/install/interfaces_pkg/include/interfaces_pkg/interfaces_pkg/msg/detail/path_planning_result__type_support.hpp
[11.304s] -- Symlinking: /home/sungbhin/AutoSDV_HPC/install/interfaces_pkg/include/interfaces_pkg/interfaces_pkg/msg/detail/point2_d__builder.hpp
[11.308s] -- Symlinking: /home/sungbhin/AutoSDV_HPC/install/interfaces_pkg/include/interfaces_pkg/interfaces_pkg/msg/detail/point2_d__struct.hpp
[11.312s] -- Symlinking: /home/sungbhin/AutoSDV_HPC/install/interfaces_pkg/include/interfaces_pkg/interfaces_pkg/msg/detail/point2_d__traits.hpp
[11.315s] -- Symlinking: /home/sungbhin/AutoSDV_HPC/install/interfaces_pkg/include/interfaces_pkg/interfaces_pkg/msg/detail/point2_d__type_support.hpp
[11.320s] -- Symlinking: /home/sungbhin/AutoSDV_HPC/install/interfaces_pkg/include/interfaces_pkg/interfaces_pkg/msg/detail/pose2_d__builder.hpp
[11.325s] -- Symlinking: /home/sungbhin/AutoSDV_HPC/install/interfaces_pkg/include/interfaces_pkg/interfaces_pkg/msg/detail/pose2_d__struct.hpp
[11.329s] -- Symlinking: /home/sungbhin/AutoSDV_HPC/install/interfaces_pkg/include/interfaces_pkg/interfaces_pkg/msg/detail/pose2_d__traits.hpp
[11.334s] -- Symlinking: /home/sungbhin/AutoSDV_HPC/install/interfaces_pkg/include/interfaces_pkg/interfaces_pkg/msg/detail/pose2_d__type_support.hpp
[11.337s] -- Symlinking: /home/sungbhin/AutoSDV_HPC/install/interfaces_pkg/include/interfaces_pkg/interfaces_pkg/msg/detail/target_point__builder.hpp
[11.341s] -- Symlinking: /home/sungbhin/AutoSDV_HPC/install/interfaces_pkg/include/interfaces_pkg/interfaces_pkg/msg/detail/target_point__struct.hpp
[11.346s] -- Symlinking: /home/sungbhin/AutoSDV_HPC/install/interfaces_pkg/include/interfaces_pkg/interfaces_pkg/msg/detail/target_point__traits.hpp
[11.350s] -- Symlinking: /home/sungbhin/AutoSDV_HPC/install/interfaces_pkg/include/interfaces_pkg/interfaces_pkg/msg/detail/target_point__type_support.hpp
[11.353s] -- Symlinking: /home/sungbhin/AutoSDV_HPC/install/interfaces_pkg/include/interfaces_pkg/interfaces_pkg/msg/detail/vector2__builder.hpp
[11.358s] -- Symlinking: /home/sungbhin/AutoSDV_HPC/install/interfaces_pkg/include/interfaces_pkg/interfaces_pkg/msg/detail/vector2__struct.hpp
[11.363s] -- Symlinking: /home/sungbhin/AutoSDV_HPC/install/interfaces_pkg/include/interfaces_pkg/interfaces_pkg/msg/detail/vector2__traits.hpp
[11.367s] -- Symlinking: /home/sungbhin/AutoSDV_HPC/install/interfaces_pkg/include/interfaces_pkg/interfaces_pkg/msg/detail/vector2__type_support.hpp
[11.371s] -- Symlinking: /home/sungbhin/AutoSDV_HPC/install/interfaces_pkg/include/interfaces_pkg/interfaces_pkg/msg/detection.hpp
[11.375s] -- Symlinking: /home/sungbhin/AutoSDV_HPC/install/interfaces_pkg/include/interfaces_pkg/interfaces_pkg/msg/detection_array.hpp
[11.380s] -- Symlinking: /home/sungbhin/AutoSDV_HPC/install/interfaces_pkg/include/interfaces_pkg/interfaces_pkg/msg/key_point2_d.hpp
[11.385s] -- Symlinking: /home/sungbhin/AutoSDV_HPC/install/interfaces_pkg/include/interfaces_pkg/interfaces_pkg/msg/key_point2_d_array.hpp
[11.388s] -- Symlinking: /home/sungbhin/AutoSDV_HPC/install/interfaces_pkg/include/interfaces_pkg/interfaces_pkg/msg/key_point3_d.hpp
[11.393s] -- Symlinking: /home/sungbhin/AutoSDV_HPC/install/interfaces_pkg/include/interfaces_pkg/interfaces_pkg/msg/key_point3_d_array.hpp
[11.397s] -- Symlinking: /home/sungbhin/AutoSDV_HPC/install/interfaces_pkg/include/interfaces_pkg/interfaces_pkg/msg/lane_info.hpp
[11.400s] -- Symlinking: /home/sungbhin/AutoSDV_HPC/install/interfaces_pkg/include/interfaces_pkg/interfaces_pkg/msg/mask.hpp
[11.404s] -- Symlinking: /home/sungbhin/AutoSDV_HPC/install/interfaces_pkg/include/interfaces_pkg/interfaces_pkg/msg/motion_command.hpp
[11.409s] -- Symlinking: /home/sungbhin/AutoSDV_HPC/install/interfaces_pkg/include/interfaces_pkg/interfaces_pkg/msg/path_planning_result.hpp
[11.413s] -- Symlinking: /home/sungbhin/AutoSDV_HPC/install/interfaces_pkg/include/interfaces_pkg/interfaces_pkg/msg/point2_d.hpp
[11.418s] -- Symlinking: /home/sungbhin/AutoSDV_HPC/install/interfaces_pkg/include/interfaces_pkg/interfaces_pkg/msg/pose2_d.hpp
[11.422s] -- Symlinking: /home/sungbhin/AutoSDV_HPC/install/interfaces_pkg/include/interfaces_pkg/interfaces_pkg/msg/rosidl_generator_cpp__visibility_control.hpp
[11.427s] -- Symlinking: /home/sungbhin/AutoSDV_HPC/install/interfaces_pkg/include/interfaces_pkg/interfaces_pkg/msg/target_point.hpp
[11.431s] -- Symlinking: /home/sungbhin/AutoSDV_HPC/install/interfaces_pkg/include/interfaces_pkg/interfaces_pkg/msg/vector2.hpp
[11.436s] -- Symlinking: /home/sungbhin/AutoSDV_HPC/install/interfaces_pkg/include/interfaces_pkg/interfaces_pkg/msg/detail/bounding_box2_d__rosidl_typesupport_fastrtps_cpp.hpp
[11.441s] -- Symlinking: /home/sungbhin/AutoSDV_HPC/install/interfaces_pkg/include/interfaces_pkg/interfaces_pkg/msg/detail/bounding_box3_d__rosidl_typesupport_fastrtps_cpp.hpp
[11.445s] -- Symlinking: /home/sungbhin/AutoSDV_HPC/install/interfaces_pkg/include/interfaces_pkg/interfaces_pkg/msg/detail/detection__rosidl_typesupport_fastrtps_cpp.hpp
[11.450s] -- Symlinking: /home/sungbhin/AutoSDV_HPC/install/interfaces_pkg/include/interfaces_pkg/interfaces_pkg/msg/detail/detection_array__rosidl_typesupport_fastrtps_cpp.hpp
[11.453s] -- Symlinking: /home/sungbhin/AutoSDV_HPC/install/interfaces_pkg/include/interfaces_pkg/interfaces_pkg/msg/detail/key_point2_d__rosidl_typesupport_fastrtps_cpp.hpp
[11.457s] -- Symlinking: /home/sungbhin/AutoSDV_HPC/install/interfaces_pkg/include/interfaces_pkg/interfaces_pkg/msg/detail/key_point2_d_array__rosidl_typesupport_fastrtps_cpp.hpp
[11.461s] -- Symlinking: /home/sungbhin/AutoSDV_HPC/install/interfaces_pkg/include/interfaces_pkg/interfaces_pkg/msg/detail/key_point3_d__rosidl_typesupport_fastrtps_cpp.hpp
[11.465s] -- Symlinking: /home/sungbhin/AutoSDV_HPC/install/interfaces_pkg/include/interfaces_pkg/interfaces_pkg/msg/detail/key_point3_d_array__rosidl_typesupport_fastrtps_cpp.hpp
[11.469s] -- Symlinking: /home/sungbhin/AutoSDV_HPC/install/interfaces_pkg/include/interfaces_pkg/interfaces_pkg/msg/detail/lane_info__rosidl_typesupport_fastrtps_cpp.hpp
[11.472s] -- Symlinking: /home/sungbhin/AutoSDV_HPC/install/interfaces_pkg/include/interfaces_pkg/interfaces_pkg/msg/detail/mask__rosidl_typesupport_fastrtps_cpp.hpp
[11.476s] -- Symlinking: /home/sungbhin/AutoSDV_HPC/install/interfaces_pkg/include/interfaces_pkg/interfaces_pkg/msg/detail/motion_command__rosidl_typesupport_fastrtps_cpp.hpp
[11.481s] -- Symlinking: /home/sungbhin/AutoSDV_HPC/install/interfaces_pkg/include/interfaces_pkg/interfaces_pkg/msg/detail/path_planning_result__rosidl_typesupport_fastrtps_cpp.hpp
[11.487s] -- Symlinking: /home/sungbhin/AutoSDV_HPC/install/interfaces_pkg/include/interfaces_pkg/interfaces_pkg/msg/detail/point2_d__rosidl_typesupport_fastrtps_cpp.hpp
[11.491s] -- Symlinking: /home/sungbhin/AutoSDV_HPC/install/interfaces_pkg/include/interfaces_pkg/interfaces_pkg/msg/detail/pose2_d__rosidl_typesupport_fastrtps_cpp.hpp
[11.496s] -- Symlinking: /home/sungbhin/AutoSDV_HPC/install/interfaces_pkg/include/interfaces_pkg/interfaces_pkg/msg/detail/target_point__rosidl_typesupport_fastrtps_cpp.hpp
[11.500s] -- Symlinking: /home/sungbhin/AutoSDV_HPC/install/interfaces_pkg/include/interfaces_pkg/interfaces_pkg/msg/detail/vector2__rosidl_typesupport_fastrtps_cpp.hpp
[11.506s] -- Symlinking: /home/sungbhin/AutoSDV_HPC/install/interfaces_pkg/include/interfaces_pkg/interfaces_pkg/msg/rosidl_typesupport_fastrtps_cpp__visibility_control.h
[11.511s] -- Symlinking: /home/sungbhin/AutoSDV_HPC/install/interfaces_pkg/include/interfaces_pkg/interfaces_pkg/msg/detail/bounding_box2_d__rosidl_typesupport_introspection_cpp.hpp
[11.515s] -- Symlinking: /home/sungbhin/AutoSDV_HPC/install/interfaces_pkg/include/interfaces_pkg/interfaces_pkg/msg/detail/bounding_box3_d__rosidl_typesupport_introspection_cpp.hpp
[11.519s] -- Symlinking: /home/sungbhin/AutoSDV_HPC/install/interfaces_pkg/include/interfaces_pkg/interfaces_pkg/msg/detail/detection__rosidl_typesupport_introspection_cpp.hpp
[11.524s] -- Symlinking: /home/sungbhin/AutoSDV_HPC/install/interfaces_pkg/include/interfaces_pkg/interfaces_pkg/msg/detail/detection_array__rosidl_typesupport_introspection_cpp.hpp
[11.529s] -- Symlinking: /home/sungbhin/AutoSDV_HPC/install/interfaces_pkg/include/interfaces_pkg/interfaces_pkg/msg/detail/key_point2_d__rosidl_typesupport_introspection_cpp.hpp
[11.532s] -- Symlinking: /home/sungbhin/AutoSDV_HPC/install/interfaces_pkg/include/interfaces_pkg/interfaces_pkg/msg/detail/key_point2_d_array__rosidl_typesupport_introspection_cpp.hpp
[11.537s] -- Symlinking: /home/sungbhin/AutoSDV_HPC/install/interfaces_pkg/include/interfaces_pkg/interfaces_pkg/msg/detail/key_point3_d__rosidl_typesupport_introspection_cpp.hpp
[11.542s] -- Symlinking: /home/sungbhin/AutoSDV_HPC/install/interfaces_pkg/include/interfaces_pkg/interfaces_pkg/msg/detail/key_point3_d_array__rosidl_typesupport_introspection_cpp.hpp
[11.547s] -- Symlinking: /home/sungbhin/AutoSDV_HPC/install/interfaces_pkg/include/interfaces_pkg/interfaces_pkg/msg/detail/lane_info__rosidl_typesupport_introspection_cpp.hpp
[11.552s] -- Symlinking: /home/sungbhin/AutoSDV_HPC/install/interfaces_pkg/include/interfaces_pkg/interfaces_pkg/msg/detail/mask__rosidl_typesupport_introspection_cpp.hpp
[11.558s] -- Symlinking: /home/sungbhin/AutoSDV_HPC/install/interfaces_pkg/include/interfaces_pkg/interfaces_pkg/msg/detail/motion_command__rosidl_typesupport_introspection_cpp.hpp
[11.562s] -- Symlinking: /home/sungbhin/AutoSDV_HPC/install/interfaces_pkg/include/interfaces_pkg/interfaces_pkg/msg/detail/path_planning_result__rosidl_typesupport_introspection_cpp.hpp
[11.566s] -- Symlinking: /home/sungbhin/AutoSDV_HPC/install/interfaces_pkg/include/interfaces_pkg/interfaces_pkg/msg/detail/point2_d__rosidl_typesupport_introspection_cpp.hpp
[11.571s] -- Symlinking: /home/sungbhin/AutoSDV_HPC/install/interfaces_pkg/include/interfaces_pkg/interfaces_pkg/msg/detail/pose2_d__rosidl_typesupport_introspection_cpp.hpp
[11.575s] -- Symlinking: /home/sungbhin/AutoSDV_HPC/install/interfaces_pkg/include/interfaces_pkg/interfaces_pkg/msg/detail/target_point__rosidl_typesupport_introspection_cpp.hpp
[11.581s] -- Symlinking: /home/sungbhin/AutoSDV_HPC/install/interfaces_pkg/include/interfaces_pkg/interfaces_pkg/msg/detail/vector2__rosidl_typesupport_introspection_cpp.hpp
[11.585s] -- Symlinking: /home/sungbhin/AutoSDV_HPC/install/interfaces_pkg/share/interfaces_pkg/environment/pythonpath.sh
[11.589s] -- Symlinking: /home/sungbhin/AutoSDV_HPC/install/interfaces_pkg/share/interfaces_pkg/environment/pythonpath.dsv
[11.594s] -- Symlinking: /home/sungbhin/AutoSDV_HPC/install/interfaces_pkg/local/lib/python3.10/dist-packages/interfaces_pkg-0.0.0-py3.10.egg-info/PKG-INFO
[11.598s] -- Symlinking: /home/sungbhin/AutoSDV_HPC/install/interfaces_pkg/local/lib/python3.10/dist-packages/interfaces_pkg-0.0.0-py3.10.egg-info/SOURCES.txt
[11.603s] -- Symlinking: /home/sungbhin/AutoSDV_HPC/install/interfaces_pkg/local/lib/python3.10/dist-packages/interfaces_pkg-0.0.0-py3.10.egg-info/dependency_links.txt
[11.609s] -- Symlinking: /home/sungbhin/AutoSDV_HPC/install/interfaces_pkg/local/lib/python3.10/dist-packages/interfaces_pkg-0.0.0-py3.10.egg-info/top_level.txt
[11.615s] -- Symlinking: /home/sungbhin/AutoSDV_HPC/install/interfaces_pkg/local/lib/python3.10/dist-packages/interfaces_pkg/__init__.py
[11.620s] -- Symlinking: /home/sungbhin/AutoSDV_HPC/install/interfaces_pkg/local/lib/python3.10/dist-packages/interfaces_pkg/_interfaces_pkg_s.ep.rosidl_typesupport_c.c
[11.625s] -- Symlinking: /home/sungbhin/AutoSDV_HPC/install/interfaces_pkg/local/lib/python3.10/dist-packages/interfaces_pkg/_interfaces_pkg_s.ep.rosidl_typesupport_fastrtps_c.c
[11.629s] -- Symlinking: /home/sungbhin/AutoSDV_HPC/install/interfaces_pkg/local/lib/python3.10/dist-packages/interfaces_pkg/_interfaces_pkg_s.ep.rosidl_typesupport_introspection_c.c
[11.633s] -- Symlinking: /home/sungbhin/AutoSDV_HPC/install/interfaces_pkg/local/lib/python3.10/dist-packages/interfaces_pkg/interfaces_pkg_s__rosidl_typesupport_c.cpython-310-x86_64-linux-gnu.so
[11.637s] -- Symlinking: /home/sungbhin/AutoSDV_HPC/install/interfaces_pkg/local/lib/python3.10/dist-packages/interfaces_pkg/interfaces_pkg_s__rosidl_typesupport_fastrtps_c.cpython-310-x86_64-linux-gnu.so
[11.641s] -- Symlinking: /home/sungbhin/AutoSDV_HPC/install/interfaces_pkg/local/lib/python3.10/dist-packages/interfaces_pkg/interfaces_pkg_s__rosidl_typesupport_introspection_c.cpython-310-x86_64-linux-gnu.so
[11.646s] -- Symlinking: /home/sungbhin/AutoSDV_HPC/install/interfaces_pkg/local/lib/python3.10/dist-packages/interfaces_pkg/libinterfaces_pkg__rosidl_generator_py.so
[11.649s] -- Symlinking: /home/sungbhin/AutoSDV_HPC/install/interfaces_pkg/local/lib/python3.10/dist-packages/interfaces_pkg/msg/__init__.py
[11.655s] -- Symlinking: /home/sungbhin/AutoSDV_HPC/install/interfaces_pkg/local/lib/python3.10/dist-packages/interfaces_pkg/msg/_bounding_box2_d.py
[11.659s] -- Symlinking: /home/sungbhin/AutoSDV_HPC/install/interfaces_pkg/local/lib/python3.10/dist-packages/interfaces_pkg/msg/_bounding_box2_d_s.c
[11.664s] -- Symlinking: /home/sungbhin/AutoSDV_HPC/install/interfaces_pkg/local/lib/python3.10/dist-packages/interfaces_pkg/msg/_bounding_box3_d.py
[11.669s] -- Symlinking: /home/sungbhin/AutoSDV_HPC/install/interfaces_pkg/local/lib/python3.10/dist-packages/interfaces_pkg/msg/_bounding_box3_d_s.c
[11.673s] -- Symlinking: /home/sungbhin/AutoSDV_HPC/install/interfaces_pkg/local/lib/python3.10/dist-packages/interfaces_pkg/msg/_detection.py
[11.679s] -- Symlinking: /home/sungbhin/AutoSDV_HPC/install/interfaces_pkg/local/lib/python3.10/dist-packages/interfaces_pkg/msg/_detection_array.py
[11.683s] -- Symlinking: /home/sungbhin/AutoSDV_HPC/install/interfaces_pkg/local/lib/python3.10/dist-packages/interfaces_pkg/msg/_detection_array_s.c
[11.688s] -- Symlinking: /home/sungbhin/AutoSDV_HPC/install/interfaces_pkg/local/lib/python3.10/dist-packages/interfaces_pkg/msg/_detection_s.c
[11.691s] -- Symlinking: /home/sungbhin/AutoSDV_HPC/install/interfaces_pkg/local/lib/python3.10/dist-packages/interfaces_pkg/msg/_key_point2_d.py
[11.696s] -- Symlinking: /home/sungbhin/AutoSDV_HPC/install/interfaces_pkg/local/lib/python3.10/dist-packages/interfaces_pkg/msg/_key_point2_d_array.py
[11.700s] -- Symlinking: /home/sungbhin/AutoSDV_HPC/install/interfaces_pkg/local/lib/python3.10/dist-packages/interfaces_pkg/msg/_key_point2_d_array_s.c
[11.703s] -- Symlinking: /home/sungbhin/AutoSDV_HPC/install/interfaces_pkg/local/lib/python3.10/dist-packages/interfaces_pkg/msg/_key_point2_d_s.c
[11.707s] -- Symlinking: /home/sungbhin/AutoSDV_HPC/install/interfaces_pkg/local/lib/python3.10/dist-packages/interfaces_pkg/msg/_key_point3_d.py
[11.712s] -- Symlinking: /home/sungbhin/AutoSDV_HPC/install/interfaces_pkg/local/lib/python3.10/dist-packages/interfaces_pkg/msg/_key_point3_d_array.py
[11.717s] -- Symlinking: /home/sungbhin/AutoSDV_HPC/install/interfaces_pkg/local/lib/python3.10/dist-packages/interfaces_pkg/msg/_key_point3_d_array_s.c
[11.722s] -- Symlinking: /home/sungbhin/AutoSDV_HPC/install/interfaces_pkg/local/lib/python3.10/dist-packages/interfaces_pkg/msg/_key_point3_d_s.c
[11.726s] -- Symlinking: /home/sungbhin/AutoSDV_HPC/install/interfaces_pkg/local/lib/python3.10/dist-packages/interfaces_pkg/msg/_lane_info.py
[11.731s] -- Symlinking: /home/sungbhin/AutoSDV_HPC/install/interfaces_pkg/local/lib/python3.10/dist-packages/interfaces_pkg/msg/_lane_info_s.c
[11.735s] -- Symlinking: /home/sungbhin/AutoSDV_HPC/install/interfaces_pkg/local/lib/python3.10/dist-packages/interfaces_pkg/msg/_mask.py
[11.738s] -- Symlinking: /home/sungbhin/AutoSDV_HPC/install/interfaces_pkg/local/lib/python3.10/dist-packages/interfaces_pkg/msg/_mask_s.c
[11.742s] -- Symlinking: /home/sungbhin/AutoSDV_HPC/install/interfaces_pkg/local/lib/python3.10/dist-packages/interfaces_pkg/msg/_motion_command.py
[11.746s] -- Symlinking: /home/sungbhin/AutoSDV_HPC/install/interfaces_pkg/local/lib/python3.10/dist-packages/interfaces_pkg/msg/_motion_command_s.c
[11.750s] -- Symlinking: /home/sungbhin/AutoSDV_HPC/install/interfaces_pkg/local/lib/python3.10/dist-packages/interfaces_pkg/msg/_path_planning_result.py
[11.755s] -- Symlinking: /home/sungbhin/AutoSDV_HPC/install/interfaces_pkg/local/lib/python3.10/dist-packages/interfaces_pkg/msg/_path_planning_result_s.c
[11.759s] -- Symlinking: /home/sungbhin/AutoSDV_HPC/install/interfaces_pkg/local/lib/python3.10/dist-packages/interfaces_pkg/msg/_point2_d.py
[11.763s] -- Symlinking: /home/sungbhin/AutoSDV_HPC/install/interfaces_pkg/local/lib/python3.10/dist-packages/interfaces_pkg/msg/_point2_d_s.c
[11.767s] -- Symlinking: /home/sungbhin/AutoSDV_HPC/install/interfaces_pkg/local/lib/python3.10/dist-packages/interfaces_pkg/msg/_pose2_d.py
[11.772s] -- Symlinking: /home/sungbhin/AutoSDV_HPC/install/interfaces_pkg/local/lib/python3.10/dist-packages/interfaces_pkg/msg/_pose2_d_s.c
[11.778s] -- Symlinking: /home/sungbhin/AutoSDV_HPC/install/interfaces_pkg/local/lib/python3.10/dist-packages/interfaces_pkg/msg/_target_point.py
[11.784s] -- Symlinking: /home/sungbhin/AutoSDV_HPC/install/interfaces_pkg/local/lib/python3.10/dist-packages/interfaces_pkg/msg/_target_point_s.c
[11.788s] -- Symlinking: /home/sungbhin/AutoSDV_HPC/install/interfaces_pkg/local/lib/python3.10/dist-packages/interfaces_pkg/msg/_vector2.py
[11.791s] -- Symlinking: /home/sungbhin/AutoSDV_HPC/install/interfaces_pkg/local/lib/python3.10/dist-packages/interfaces_pkg/msg/_vector2_s.c
[11.795s] -- Up-to-date symlink: /home/sungbhin/AutoSDV_HPC/install/interfaces_pkg/local/lib/python3.10/dist-packages/interfaces_pkg/interfaces_pkg_s__rosidl_typesupport_fastrtps_c.cpython-310-x86_64-linux-gnu.so
[11.796s] -- Up-to-date symlink: /home/sungbhin/AutoSDV_HPC/install/interfaces_pkg/local/lib/python3.10/dist-packages/interfaces_pkg/interfaces_pkg_s__rosidl_typesupport_introspection_c.cpython-310-x86_64-linux-gnu.so
[11.796s] -- Up-to-date symlink: /home/sungbhin/AutoSDV_HPC/install/interfaces_pkg/local/lib/python3.10/dist-packages/interfaces_pkg/interfaces_pkg_s__rosidl_typesupport_c.cpython-310-x86_64-linux-gnu.so
[11.796s] -- Symlinking: /home/sungbhin/AutoSDV_HPC/install/interfaces_pkg/share/interfaces_pkg/msg/Point2D.idl
[11.800s] -- Symlinking: /home/sungbhin/AutoSDV_HPC/install/interfaces_pkg/share/interfaces_pkg/msg/Vector2.idl
[11.804s] -- Symlinking: /home/sungbhin/AutoSDV_HPC/install/interfaces_pkg/share/interfaces_pkg/msg/Pose2D.idl
[11.808s] -- Symlinking: /home/sungbhin/AutoSDV_HPC/install/interfaces_pkg/share/interfaces_pkg/msg/BoundingBox2D.idl
[11.812s] -- Symlinking: /home/sungbhin/AutoSDV_HPC/install/interfaces_pkg/share/interfaces_pkg/msg/BoundingBox3D.idl
[11.816s] -- Symlinking: /home/sungbhin/AutoSDV_HPC/install/interfaces_pkg/share/interfaces_pkg/msg/Mask.idl
[11.820s] -- Symlinking: /home/sungbhin/AutoSDV_HPC/install/interfaces_pkg/share/interfaces_pkg/msg/KeyPoint2D.idl
[11.825s] -- Symlinking: /home/sungbhin/AutoSDV_HPC/install/interfaces_pkg/share/interfaces_pkg/msg/KeyPoint2DArray.idl
[11.830s] -- Symlinking: /home/sungbhin/AutoSDV_HPC/install/interfaces_pkg/share/interfaces_pkg/msg/KeyPoint3D.idl
[11.834s] -- Symlinking: /home/sungbhin/AutoSDV_HPC/install/interfaces_pkg/share/interfaces_pkg/msg/KeyPoint3DArray.idl
[11.837s] -- Symlinking: /home/sungbhin/AutoSDV_HPC/install/interfaces_pkg/share/interfaces_pkg/msg/Detection.idl
[11.842s] -- Symlinking: /home/sungbhin/AutoSDV_HPC/install/interfaces_pkg/share/interfaces_pkg/msg/DetectionArray.idl
[11.845s] -- Symlinking: /home/sungbhin/AutoSDV_HPC/install/interfaces_pkg/share/interfaces_pkg/msg/LaneInfo.idl
[11.849s] -- Symlinking: /home/sungbhin/AutoSDV_HPC/install/interfaces_pkg/share/interfaces_pkg/msg/MotionCommand.idl
[11.853s] -- Symlinking: /home/sungbhin/AutoSDV_HPC/install/interfaces_pkg/share/interfaces_pkg/msg/TargetPoint.idl
[11.858s] -- Symlinking: /home/sungbhin/AutoSDV_HPC/install/interfaces_pkg/share/interfaces_pkg/msg/PathPlanningResult.idl
[11.862s] -- Symlinking: /home/sungbhin/AutoSDV_HPC/install/interfaces_pkg/share/interfaces_pkg/msg/Point2D.msg
[11.867s] -- Symlinking: /home/sungbhin/AutoSDV_HPC/install/interfaces_pkg/share/interfaces_pkg/msg/Vector2.msg
[11.871s] -- Symlinking: /home/sungbhin/AutoSDV_HPC/install/interfaces_pkg/share/interfaces_pkg/msg/Pose2D.msg
[11.875s] -- Symlinking: /home/sungbhin/AutoSDV_HPC/install/interfaces_pkg/share/interfaces_pkg/msg/BoundingBox2D.msg
[11.880s] -- Symlinking: /home/sungbhin/AutoSDV_HPC/install/interfaces_pkg/share/interfaces_pkg/msg/BoundingBox3D.msg
[11.884s] -- Symlinking: /home/sungbhin/AutoSDV_HPC/install/interfaces_pkg/share/interfaces_pkg/msg/Mask.msg
[11.888s] -- Symlinking: /home/sungbhin/AutoSDV_HPC/install/interfaces_pkg/share/interfaces_pkg/msg/KeyPoint2D.msg
[11.893s] -- Symlinking: /home/sungbhin/AutoSDV_HPC/install/interfaces_pkg/share/interfaces_pkg/msg/KeyPoint2DArray.msg
[11.898s] -- Symlinking: /home/sungbhin/AutoSDV_HPC/install/interfaces_pkg/share/interfaces_pkg/msg/KeyPoint3D.msg
[11.902s] -- Symlinking: /home/sungbhin/AutoSDV_HPC/install/interfaces_pkg/share/interfaces_pkg/msg/KeyPoint3DArray.msg
[11.907s] -- Symlinking: /home/sungbhin/AutoSDV_HPC/install/interfaces_pkg/share/interfaces_pkg/msg/Detection.msg
[11.911s] -- Symlinking: /home/sungbhin/AutoSDV_HPC/install/interfaces_pkg/share/interfaces_pkg/msg/DetectionArray.msg
[11.915s] -- Symlinking: /home/sungbhin/AutoSDV_HPC/install/interfaces_pkg/share/interfaces_pkg/msg/LaneInfo.msg
[11.919s] -- Symlinking: /home/sungbhin/AutoSDV_HPC/install/interfaces_pkg/share/interfaces_pkg/msg/MotionCommand.msg
[11.923s] -- Symlinking: /home/sungbhin/AutoSDV_HPC/install/interfaces_pkg/share/interfaces_pkg/msg/TargetPoint.msg
[11.927s] -- Symlinking: /home/sungbhin/AutoSDV_HPC/install/interfaces_pkg/share/interfaces_pkg/msg/PathPlanningResult.msg
[11.932s] -- Symlinking: /home/sungbhin/AutoSDV_HPC/install/interfaces_pkg/share/ament_index/resource_index/package_run_dependencies/interfaces_pkg
[11.936s] -- Symlinking: /home/sungbhin/AutoSDV_HPC/install/interfaces_pkg/share/ament_index/resource_index/parent_prefix_path/interfaces_pkg
[11.939s] -- Symlinking: /home/sungbhin/AutoSDV_HPC/install/interfaces_pkg/share/interfaces_pkg/environment/ament_prefix_path.sh
[11.944s] -- Symlinking: /home/sungbhin/AutoSDV_HPC/install/interfaces_pkg/share/interfaces_pkg/environment/ament_prefix_path.dsv
[11.949s] -- Symlinking: /home/sungbhin/AutoSDV_HPC/install/interfaces_pkg/share/interfaces_pkg/environment/path.sh
[11.953s] -- Symlinking: /home/sungbhin/AutoSDV_HPC/install/interfaces_pkg/share/interfaces_pkg/environment/path.dsv
[11.957s] -- Symlinking: /home/sungbhin/AutoSDV_HPC/install/interfaces_pkg/share/interfaces_pkg/local_setup.bash
[11.963s] -- Symlinking: /home/sungbhin/AutoSDV_HPC/install/interfaces_pkg/share/interfaces_pkg/local_setup.sh
[11.967s] -- Symlinking: /home/sungbhin/AutoSDV_HPC/install/interfaces_pkg/share/interfaces_pkg/local_setup.zsh
[11.972s] -- Symlinking: /home/sungbhin/AutoSDV_HPC/install/interfaces_pkg/share/interfaces_pkg/local_setup.dsv
[11.977s] -- Symlinking: /home/sungbhin/AutoSDV_HPC/install/interfaces_pkg/share/interfaces_pkg/package.dsv
[11.983s] -- Symlinking: /home/sungbhin/AutoSDV_HPC/install/interfaces_pkg/share/ament_index/resource_index/packages/interfaces_pkg
[11.988s] -- Symlinking: /home/sungbhin/AutoSDV_HPC/install/interfaces_pkg/share/interfaces_pkg/cmake/rosidl_cmake-extras.cmake
[11.993s] -- Symlinking: /home/sungbhin/AutoSDV_HPC/install/interfaces_pkg/share/interfaces_pkg/cmake/ament_cmake_export_dependencies-extras.cmake
[11.998s] -- Symlinking: /home/sungbhin/AutoSDV_HPC/install/interfaces_pkg/share/interfaces_pkg/cmake/ament_cmake_export_include_directories-extras.cmake
[12.003s] -- Symlinking: /home/sungbhin/AutoSDV_HPC/install/interfaces_pkg/share/interfaces_pkg/cmake/ament_cmake_export_libraries-extras.cmake
[12.008s] -- Symlinking: /home/sungbhin/AutoSDV_HPC/install/interfaces_pkg/share/interfaces_pkg/cmake/ament_cmake_export_targets-extras.cmake
[12.012s] -- Symlinking: /home/sungbhin/AutoSDV_HPC/install/interfaces_pkg/share/interfaces_pkg/cmake/rosidl_cmake_export_typesupport_targets-extras.cmake
[12.016s] -- Symlinking: /home/sungbhin/AutoSDV_HPC/install/interfaces_pkg/share/interfaces_pkg/cmake/rosidl_cmake_export_typesupport_libraries-extras.cmake
[12.020s] -- Symlinking: /home/sungbhin/AutoSDV_HPC/install/interfaces_pkg/share/interfaces_pkg/cmake/interfaces_pkgConfig.cmake
[12.024s] -- Symlinking: /home/sungbhin/AutoSDV_HPC/install/interfaces_pkg/share/interfaces_pkg/cmake/interfaces_pkgConfig-version.cmake
[12.029s] -- Symlinking: /home/sungbhin/AutoSDV_HPC/install/interfaces_pkg/share/interfaces_pkg/package.xml
[12.033s] -- Installing: /home/sungbhin/AutoSDV_HPC/install/interfaces_pkg/lib/libinterfaces_pkg__rosidl_generator_c.so
[12.034s] -- Set non-toolchain portion of runtime path of "/home/sungbhin/AutoSDV_HPC/install/interfaces_pkg/lib/libinterfaces_pkg__rosidl_generator_c.so" to ""
[12.034s] -- Installing: /home/sungbhin/AutoSDV_HPC/install/interfaces_pkg/lib/libinterfaces_pkg__rosidl_typesupport_fastrtps_c.so
[12.034s] -- Set non-toolchain portion of runtime path of "/home/sungbhin/AutoSDV_HPC/install/interfaces_pkg/lib/libinterfaces_pkg__rosidl_typesupport_fastrtps_c.so" to ""
[12.034s] -- Installing: /home/sungbhin/AutoSDV_HPC/install/interfaces_pkg/lib/libinterfaces_pkg__rosidl_typesupport_introspection_c.so
[12.034s] -- Set non-toolchain portion of runtime path of "/home/sungbhin/AutoSDV_HPC/install/interfaces_pkg/lib/libinterfaces_pkg__rosidl_typesupport_introspection_c.so" to ""
[12.035s] -- Installing: /home/sungbhin/AutoSDV_HPC/install/interfaces_pkg/lib/libinterfaces_pkg__rosidl_typesupport_c.so
[12.035s] -- Set non-toolchain portion of runtime path of "/home/sungbhin/AutoSDV_HPC/install/interfaces_pkg/lib/libinterfaces_pkg__rosidl_typesupport_c.so" to ""
[12.035s] -- Installing: /home/sungbhin/AutoSDV_HPC/install/interfaces_pkg/lib/libinterfaces_pkg__rosidl_typesupport_fastrtps_cpp.so
[12.036s] -- Set non-toolchain portion of runtime path of "/home/sungbhin/AutoSDV_HPC/install/interfaces_pkg/lib/libinterfaces_pkg__rosidl_typesupport_fastrtps_cpp.so" to ""
[12.036s] -- Installing: /home/sungbhin/AutoSDV_HPC/install/interfaces_pkg/lib/libinterfaces_pkg__rosidl_typesupport_introspection_cpp.so
[12.038s] -- Set non-toolchain portion of runtime path of "/home/sungbhin/AutoSDV_HPC/install/interfaces_pkg/lib/libinterfaces_pkg__rosidl_typesupport_introspection_cpp.so" to ""
[12.038s] -- Installing: /home/sungbhin/AutoSDV_HPC/install/interfaces_pkg/lib/libinterfaces_pkg__rosidl_typesupport_cpp.so
[12.039s] -- Set non-toolchain portion of runtime path of "/home/sungbhin/AutoSDV_HPC/install/interfaces_pkg/lib/libinterfaces_pkg__rosidl_typesupport_cpp.so" to ""
[12.083s] Listing '/home/sungbhin/AutoSDV_HPC/install/interfaces_pkg/local/lib/python3.10/dist-packages/interfaces_pkg'...
[12.083s] Compiling '/home/sungbhin/AutoSDV_HPC/install/interfaces_pkg/local/lib/python3.10/dist-packages/interfaces_pkg/__init__.py'...
[12.083s] Listing '/home/sungbhin/AutoSDV_HPC/install/interfaces_pkg/local/lib/python3.10/dist-packages/interfaces_pkg/msg'...
[12.083s] Compiling '/home/sungbhin/AutoSDV_HPC/install/interfaces_pkg/local/lib/python3.10/dist-packages/interfaces_pkg/msg/__init__.py'...
[12.083s] Compiling '/home/sungbhin/AutoSDV_HPC/install/interfaces_pkg/local/lib/python3.10/dist-packages/interfaces_pkg/msg/_bounding_box2_d.py'...
[12.083s] Compiling '/home/sungbhin/AutoSDV_HPC/install/interfaces_pkg/local/lib/python3.10/dist-packages/interfaces_pkg/msg/_bounding_box3_d.py'...
[12.084s] Compiling '/home/sungbhin/AutoSDV_HPC/install/interfaces_pkg/local/lib/python3.10/dist-packages/interfaces_pkg/msg/_detection.py'...
[12.084s] Compiling '/home/sungbhin/AutoSDV_HPC/install/interfaces_pkg/local/lib/python3.10/dist-packages/interfaces_pkg/msg/_detection_array.py'...
[12.084s] Compiling '/home/sungbhin/AutoSDV_HPC/install/interfaces_pkg/local/lib/python3.10/dist-packages/interfaces_pkg/msg/_key_point2_d.py'...
[12.084s] Compiling '/home/sungbhin/AutoSDV_HPC/install/interfaces_pkg/local/lib/python3.10/dist-packages/interfaces_pkg/msg/_key_point2_d_array.py'...
[12.084s] Compiling '/home/sungbhin/AutoSDV_HPC/install/interfaces_pkg/local/lib/python3.10/dist-packages/interfaces_pkg/msg/_key_point3_d.py'...
[12.084s] Compiling '/home/sungbhin/AutoSDV_HPC/install/interfaces_pkg/local/lib/python3.10/dist-packages/interfaces_pkg/msg/_key_point3_d_array.py'...
[12.084s] Compiling '/home/sungbhin/AutoSDV_HPC/install/interfaces_pkg/local/lib/python3.10/dist-packages/interfaces_pkg/msg/_lane_info.py'...
[12.084s] Compiling '/home/sungbhin/AutoSDV_HPC/install/interfaces_pkg/local/lib/python3.10/dist-packages/interfaces_pkg/msg/_mask.py'...
[12.084s] Compiling '/home/sungbhin/AutoSDV_HPC/install/interfaces_pkg/local/lib/python3.10/dist-packages/interfaces_pkg/msg/_motion_command.py'...
[12.084s] Compiling '/home/sungbhin/AutoSDV_HPC/install/interfaces_pkg/local/lib/python3.10/dist-packages/interfaces_pkg/msg/_path_planning_result.py'...
[12.084s] Compiling '/home/sungbhin/AutoSDV_HPC/install/interfaces_pkg/local/lib/python3.10/dist-packages/interfaces_pkg/msg/_point2_d.py'...
[12.084s] Compiling '/home/sungbhin/AutoSDV_HPC/install/interfaces_pkg/local/lib/python3.10/dist-packages/interfaces_pkg/msg/_pose2_d.py'...
[12.084s] Compiling '/home/sungbhin/AutoSDV_HPC/install/interfaces_pkg/local/lib/python3.10/dist-packages/interfaces_pkg/msg/_target_point.py'...
[12.084s] Compiling '/home/sungbhin/AutoSDV_HPC/install/interfaces_pkg/local/lib/python3.10/dist-packages/interfaces_pkg/msg/_vector2.py'...
[12.088s] -- Installing: /home/sungbhin/AutoSDV_HPC/install/interfaces_pkg/lib/libinterfaces_pkg__rosidl_generator_py.so
[12.089s] -- Set non-toolchain portion of runtime path of "/home/sungbhin/AutoSDV_HPC/install/interfaces_pkg/lib/libinterfaces_pkg__rosidl_generator_py.so" to ""
[12.089s] -- Installing: /home/sungbhin/AutoSDV_HPC/install/interfaces_pkg/share/interfaces_pkg/cmake/export_interfaces_pkg__rosidl_generator_cExport.cmake
[12.089s] -- Installing: /home/sungbhin/AutoSDV_HPC/install/interfaces_pkg/share/interfaces_pkg/cmake/export_interfaces_pkg__rosidl_generator_cExport-noconfig.cmake
[12.089s] -- Installing: /home/sungbhin/AutoSDV_HPC/install/interfaces_pkg/share/interfaces_pkg/cmake/export_interfaces_pkg__rosidl_typesupport_fastrtps_cExport.cmake
[12.089s] -- Installing: /home/sungbhin/AutoSDV_HPC/install/interfaces_pkg/share/interfaces_pkg/cmake/export_interfaces_pkg__rosidl_typesupport_fastrtps_cExport-noconfig.cmake
[12.090s] -- Installing: /home/sungbhin/AutoSDV_HPC/install/interfaces_pkg/share/interfaces_pkg/cmake/interfaces_pkg__rosidl_typesupport_introspection_cExport.cmake
[12.090s] -- Installing: /home/sungbhin/AutoSDV_HPC/install/interfaces_pkg/share/interfaces_pkg/cmake/interfaces_pkg__rosidl_typesupport_introspection_cExport-noconfig.cmake
[12.090s] -- Installing: /home/sungbhin/AutoSDV_HPC/install/interfaces_pkg/share/interfaces_pkg/cmake/interfaces_pkg__rosidl_typesupport_cExport.cmake
[12.090s] -- Installing: /home/sungbhin/AutoSDV_HPC/install/interfaces_pkg/share/interfaces_pkg/cmake/interfaces_pkg__rosidl_typesupport_cExport-noconfig.cmake
[12.090s] -- Installing: /home/sungbhin/AutoSDV_HPC/install/interfaces_pkg/share/interfaces_pkg/cmake/export_interfaces_pkg__rosidl_generator_cppExport.cmake
[12.091s] -- Installing: /home/sungbhin/AutoSDV_HPC/install/interfaces_pkg/share/interfaces_pkg/cmake/export_interfaces_pkg__rosidl_typesupport_fastrtps_cppExport.cmake
[12.091s] -- Installing: /home/sungbhin/AutoSDV_HPC/install/interfaces_pkg/share/interfaces_pkg/cmake/export_interfaces_pkg__rosidl_typesupport_fastrtps_cppExport-noconfig.cmake
[12.091s] -- Installing: /home/sungbhin/AutoSDV_HPC/install/interfaces_pkg/share/interfaces_pkg/cmake/interfaces_pkg__rosidl_typesupport_introspection_cppExport.cmake
[12.092s] -- Installing: /home/sungbhin/AutoSDV_HPC/install/interfaces_pkg/share/interfaces_pkg/cmake/interfaces_pkg__rosidl_typesupport_introspection_cppExport-noconfig.cmake
[12.092s] -- Installing: /home/sungbhin/AutoSDV_HPC/install/interfaces_pkg/share/interfaces_pkg/cmake/interfaces_pkg__rosidl_typesupport_cppExport.cmake
[12.092s] -- Installing: /home/sungbhin/AutoSDV_HPC/install/interfaces_pkg/share/interfaces_pkg/cmake/interfaces_pkg__rosidl_typesupport_cppExport-noconfig.cmake
[12.092s] -- Installing: /home/sungbhin/AutoSDV_HPC/install/interfaces_pkg/share/interfaces_pkg/cmake/export_interfaces_pkg__rosidl_generator_pyExport.cmake
[12.093s] -- Installing: /home/sungbhin/AutoSDV_HPC/install/interfaces_pkg/share/interfaces_pkg/cmake/export_interfaces_pkg__rosidl_generator_pyExport-noconfig.cmake
[12.096s] Invoked command in '/home/sungbhin/AutoSDV_HPC/build/interfaces_pkg' returned '0': CMAKE_PREFIX_PATH=${CMAKE_PREFIX_PATH}:/home/sungbhin/AutoSDV_HPC/install/serial_communication_pkg:/home/sungbhin/AutoSDV_HPC/install/lidar_perception_pkg:/home/sungbhin/AutoSDV_HPC/install/data_collection_pkg:/home/sungbhin/AutoSDV_HPC/install/decision_making_pkg:/home/sungbhin/AutoSDV_HPC/install/debug_pkg:/home/sungbhin/AutoSDV_HPC/install/camera_perception_pkg:/opt/ros/humble /usr/local/bin/cmake --install /home/sungbhin/AutoSDV_HPC/build/interfaces_pkg
