[0.579s] Invoking command in '/home/autolab/AutoSDV_HPC/build/ota_update_manager': AMENT_PREFIX_PATH=/home/autolab/AutoSDV_HPC/install/ota_update_interfaces:${AMENT_PREFIX_PATH} LD_LIBRARY_PATH=/home/autolab/AutoSDV_HPC/install/ota_update_interfaces/lib:/opt/ros/humble/opt/rviz_ogre_vendor/lib:/opt/ros/humble/lib/x86_64-linux-gnu:/opt/ros/humble/lib:/home/autolab/AutoSDV_HPC/install/interfaces_pkg/lib PYTHONPATH=/home/autolab/AutoSDV_HPC/build/ota_update_manager/prefix_override:/usr/lib/python3/dist-packages/colcon_core/task/python/colcon_distutils_commands:/home/autolab/AutoSDV_HPC/install/ota_update_manager/lib/python3.10/site-packages:/home/autolab/AutoSDV_HPC/install/ota_update_interfaces/local/lib/python3.10/dist-packages:${PYTHONPATH} /usr/bin/python3 -W ignore:setup.py install is deprecated -W ignore:easy_install command is deprecated setup.py develop --editable --build-directory /home/autolab/AutoSDV_HPC/build/ota_update_manager/build --no-deps symlink_data
[0.699s] running develop
[0.766s] running egg_info
[0.766s] creating ota_update_manager.egg-info
[0.766s] writing ota_update_manager.egg-info/PKG-INFO
[0.766s] writing dependency_links to ota_update_manager.egg-info/dependency_links.txt
[0.766s] writing entry points to ota_update_manager.egg-info/entry_points.txt
[0.766s] writing requirements to ota_update_manager.egg-info/requires.txt
[0.766s] writing top-level names to ota_update_manager.egg-info/top_level.txt
[0.766s] writing manifest file 'ota_update_manager.egg-info/SOURCES.txt'
[0.767s] reading manifest file 'ota_update_manager.egg-info/SOURCES.txt'
[0.767s] writing manifest file 'ota_update_manager.egg-info/SOURCES.txt'
[0.768s] running build_ext
[0.768s] Creating /home/autolab/AutoSDV_HPC/install/ota_update_manager/lib/python3.10/site-packages/ota-update-manager.egg-link (link to .)
[0.768s] Installing ota_manager script to /home/autolab/AutoSDV_HPC/install/ota_update_manager/lib/ota_update_manager
[0.768s] 
[0.768s] Installed /home/autolab/AutoSDV_HPC/build/ota_update_manager
[0.768s] running symlink_data
[0.768s] creating /home/autolab/AutoSDV_HPC/install/ota_update_manager/share/ament_index
[0.768s] creating /home/autolab/AutoSDV_HPC/install/ota_update_manager/share/ament_index/resource_index
[0.768s] creating /home/autolab/AutoSDV_HPC/install/ota_update_manager/share/ament_index/resource_index/packages
[0.768s] symbolically linking /home/autolab/AutoSDV_HPC/build/ota_update_manager/resource/ota_update_manager -> /home/autolab/AutoSDV_HPC/install/ota_update_manager/share/ament_index/resource_index/packages
[0.768s] symbolically linking /home/autolab/AutoSDV_HPC/build/ota_update_manager/package.xml -> /home/autolab/AutoSDV_HPC/install/ota_update_manager/share/ota_update_manager
[0.781s] Invoked command in '/home/autolab/AutoSDV_HPC/build/ota_update_manager' returned '0': AMENT_PREFIX_PATH=/home/autolab/AutoSDV_HPC/install/ota_update_interfaces:${AMENT_PREFIX_PATH} LD_LIBRARY_PATH=/home/autolab/AutoSDV_HPC/install/ota_update_interfaces/lib:/opt/ros/humble/opt/rviz_ogre_vendor/lib:/opt/ros/humble/lib/x86_64-linux-gnu:/opt/ros/humble/lib:/home/autolab/AutoSDV_HPC/install/interfaces_pkg/lib PYTHONPATH=/home/autolab/AutoSDV_HPC/build/ota_update_manager/prefix_override:/usr/lib/python3/dist-packages/colcon_core/task/python/colcon_distutils_commands:/home/autolab/AutoSDV_HPC/install/ota_update_manager/lib/python3.10/site-packages:/home/autolab/AutoSDV_HPC/install/ota_update_interfaces/local/lib/python3.10/dist-packages:${PYTHONPATH} /usr/bin/python3 -W ignore:setup.py install is deprecated -W ignore:easy_install command is deprecated setup.py develop --editable --build-directory /home/autolab/AutoSDV_HPC/build/ota_update_manager/build --no-deps symlink_data
