[0.028s] Invoking command in '/home/autolab/AutoSDV_HPC/build/interfaces_pkg': CMAKE_PREFIX_PATH=${CMAKE_PREFIX_PATH}:/opt/ros/humble:/home/autolab/AutoSDV_HPC/install/serial_communication_pkg:/home/autolab/AutoSDV_HPC/install/ota_update_manager:/home/autolab/AutoSDV_HPC/install/lidar_perception_pkg:/home/autolab/AutoSDV_HPC/install/data_collection_pkg:/home/autolab/AutoSDV_HPC/install/decision_making_pkg:/home/autolab/AutoSDV_HPC/install/debug_pkg:/home/autolab/AutoSDV_HPC/install/camera_perception_pkg /usr/bin/cmake /home/autolab/AutoSDV_HPC/src/interfaces_pkg -DAMENT_CMAKE_SYMLINK_INSTALL=1 -DCMAKE_INSTALL_PREFIX=/home/autolab/AutoSDV_HPC/install/interfaces_pkg
[0.641s] -- Found ament_cmake: 1.3.12 (/opt/ros/humble/share/ament_cmake/cmake)
[0.641s] -- Found Python3: /usr/bin/python3 (found version "3.10.12") found components: Interpreter 
[0.641s] -- Override CMake install command with custom implementation using symlinks instead of copying resources
[0.641s] -- Found rosidl_default_generators: 1.2.0 (/opt/ros/humble/share/rosidl_default_generators/cmake)
[0.641s] -- Using all available rosidl_typesupport_c: rosidl_typesupport_fastrtps_c;rosidl_typesupport_introspection_c
[0.641s] -- Found rosidl_adapter: 3.1.7 (/opt/ros/humble/share/rosidl_adapter/cmake)
[0.641s] -- Using all available rosidl_typesupport_cpp: rosidl_typesupport_fastrtps_cpp;rosidl_typesupport_introspection_cpp
[0.642s] -- Found std_msgs: 4.9.0 (/opt/ros/humble/share/std_msgs/cmake)
[0.642s] -- Found geometry_msgs: 4.9.0 (/opt/ros/humble/share/geometry_msgs/cmake)
[0.642s] -- Found ament_cmake_ros: 0.10.0 (/opt/ros/humble/share/ament_cmake_ros/cmake)
[0.703s] -- Using all available rosidl_typesupport_c: rosidl_typesupport_fastrtps_c;rosidl_typesupport_introspection_c
[0.914s] -- Using all available rosidl_typesupport_cpp: rosidl_typesupport_fastrtps_cpp;rosidl_typesupport_introspection_cpp
[0.931s] -- Found PythonInterp: /usr/bin/python3 (found suitable version "3.10.12", minimum required is "3.6") 
[0.932s] -- Found python_cmake_module: 0.10.0 (/opt/ros/humble/share/python_cmake_module/cmake)
[0.951s] -- Found PythonLibs: /usr/lib/x86_64-linux-gnu/libpython3.10.so (found suitable version "3.10.12", minimum required is "3.5") 
[0.951s] -- Using PYTHON_EXECUTABLE: /usr/bin/python3
[0.951s] -- Using PYTHON_INCLUDE_DIRS: /usr/include/python3.10
[0.951s] -- Using PYTHON_LIBRARIES: /usr/lib/x86_64-linux-gnu/libpython3.10.so
[0.967s] -- Found PythonExtra: .so  
[1.015s] -- Configuring done
[1.056s] -- Generating done
[1.064s] -- Build files have been written to: /home/autolab/AutoSDV_HPC/build/interfaces_pkg
[1.069s] Invoked command in '/home/autolab/AutoSDV_HPC/build/interfaces_pkg' returned '0': CMAKE_PREFIX_PATH=${CMAKE_PREFIX_PATH}:/opt/ros/humble:/home/autolab/AutoSDV_HPC/install/serial_communication_pkg:/home/autolab/AutoSDV_HPC/install/ota_update_manager:/home/autolab/AutoSDV_HPC/install/lidar_perception_pkg:/home/autolab/AutoSDV_HPC/install/data_collection_pkg:/home/autolab/AutoSDV_HPC/install/decision_making_pkg:/home/autolab/AutoSDV_HPC/install/debug_pkg:/home/autolab/AutoSDV_HPC/install/camera_perception_pkg /usr/bin/cmake /home/autolab/AutoSDV_HPC/src/interfaces_pkg -DAMENT_CMAKE_SYMLINK_INSTALL=1 -DCMAKE_INSTALL_PREFIX=/home/autolab/AutoSDV_HPC/install/interfaces_pkg
[1.070s] Invoking command in '/home/autolab/AutoSDV_HPC/build/interfaces_pkg': CMAKE_PREFIX_PATH=${CMAKE_PREFIX_PATH}:/opt/ros/humble:/home/autolab/AutoSDV_HPC/install/serial_communication_pkg:/home/autolab/AutoSDV_HPC/install/ota_update_manager:/home/autolab/AutoSDV_HPC/install/lidar_perception_pkg:/home/autolab/AutoSDV_HPC/install/data_collection_pkg:/home/autolab/AutoSDV_HPC/install/decision_making_pkg:/home/autolab/AutoSDV_HPC/install/debug_pkg:/home/autolab/AutoSDV_HPC/install/camera_perception_pkg /usr/bin/cmake --build /home/autolab/AutoSDV_HPC/build/interfaces_pkg -- -j32 -l32
[1.102s] [  0%] [34m[1mGenerating C code for ROS interfaces[0m
[1.110s] [  0%] [34m[1mGenerating C++ code for ROS interfaces[0m
[1.115s] [  0%] Built target ament_cmake_python_symlink_interfaces_pkg
[1.269s] running egg_info
[1.269s] creating interfaces_pkg.egg-info
[1.269s] writing interfaces_pkg.egg-info/PKG-INFO
[1.269s] writing dependency_links to interfaces_pkg.egg-info/dependency_links.txt
[1.269s] writing top-level names to interfaces_pkg.egg-info/top_level.txt
[1.269s] writing manifest file 'interfaces_pkg.egg-info/SOURCES.txt'
[1.270s] reading manifest file 'interfaces_pkg.egg-info/SOURCES.txt'
[1.271s] writing manifest file 'interfaces_pkg.egg-info/SOURCES.txt'
[1.287s] [  0%] Built target ament_cmake_python_build_interfaces_pkg_egg
[1.745s] [  0%] Built target interfaces_pkg__cpp
[1.755s] [  1%] [34m[1mGenerating C++ type support dispatch for ROS interfaces[0m
[1.756s] [  2%] [34m[1mGenerating C++ type support for eProsima Fast-RTPS[0m
[1.756s] [  2%] [34m[1mGenerating C++ introspection for ROS interfaces[0m
[1.793s] [  3%] [32mBuilding C object CMakeFiles/interfaces_pkg__rosidl_generator_c.dir/rosidl_generator_c/interfaces_pkg/msg/detail/pose2_d__functions.c.o[0m
[1.793s] [  3%] [32mBuilding C object CMakeFiles/interfaces_pkg__rosidl_generator_c.dir/rosidl_generator_c/interfaces_pkg/msg/detail/vector2__functions.c.o[0m
[1.793s] [  4%] [32mBuilding C object CMakeFiles/interfaces_pkg__rosidl_generator_c.dir/rosidl_generator_c/interfaces_pkg/msg/detail/bounding_box3_d__functions.c.o[0m
[1.794s] [  5%] [32mBuilding C object CMakeFiles/interfaces_pkg__rosidl_generator_c.dir/rosidl_generator_c/interfaces_pkg/msg/detail/bounding_box2_d__functions.c.o[0m
[1.794s] [  6%] [32mBuilding C object CMakeFiles/interfaces_pkg__rosidl_generator_c.dir/rosidl_generator_c/interfaces_pkg/msg/detail/mask__functions.c.o[0m
[1.794s] [  6%] [32mBuilding C object CMakeFiles/interfaces_pkg__rosidl_generator_c.dir/rosidl_generator_c/interfaces_pkg/msg/detail/point2_d__functions.c.o[0m
[1.794s] [  7%] [32mBuilding C object CMakeFiles/interfaces_pkg__rosidl_generator_c.dir/rosidl_generator_c/interfaces_pkg/msg/detail/key_point2_d__functions.c.o[0m
[1.794s] [  8%] [32mBuilding C object CMakeFiles/interfaces_pkg__rosidl_generator_c.dir/rosidl_generator_c/interfaces_pkg/msg/detail/detection__functions.c.o[0m
[1.794s] [  8%] [32mBuilding C object CMakeFiles/interfaces_pkg__rosidl_generator_c.dir/rosidl_generator_c/interfaces_pkg/msg/detail/detection_array__functions.c.o[0m
[1.795s] [  9%] [32mBuilding C object CMakeFiles/interfaces_pkg__rosidl_generator_c.dir/rosidl_generator_c/interfaces_pkg/msg/detail/key_point3_d_array__functions.c.o[0m
[1.795s] [ 10%] [32mBuilding C object CMakeFiles/interfaces_pkg__rosidl_generator_c.dir/rosidl_generator_c/interfaces_pkg/msg/detail/key_point2_d_array__functions.c.o[0m
[1.795s] [ 10%] [32mBuilding C object CMakeFiles/interfaces_pkg__rosidl_generator_c.dir/rosidl_generator_c/interfaces_pkg/msg/detail/key_point3_d__functions.c.o[0m
[1.795s] [ 11%] [32mBuilding C object CMakeFiles/interfaces_pkg__rosidl_generator_c.dir/rosidl_generator_c/interfaces_pkg/msg/detail/lane_info__functions.c.o[0m
[1.796s] [ 12%] [32mBuilding C object CMakeFiles/interfaces_pkg__rosidl_generator_c.dir/rosidl_generator_c/interfaces_pkg/msg/detail/motion_command__functions.c.o[0m
[1.796s] [ 12%] [32mBuilding C object CMakeFiles/interfaces_pkg__rosidl_generator_c.dir/rosidl_generator_c/interfaces_pkg/msg/detail/target_point__functions.c.o[0m
[1.797s] [ 13%] [32mBuilding C object CMakeFiles/interfaces_pkg__rosidl_generator_c.dir/rosidl_generator_c/interfaces_pkg/msg/detail/path_planning_result__functions.c.o[0m
[1.839s] [ 14%] [32m[1mLinking C shared library libinterfaces_pkg__rosidl_generator_c.so[0m
[1.866s] [ 14%] Built target interfaces_pkg__rosidl_generator_c
[1.874s] [ 15%] [34m[1mGenerating C introspection for ROS interfaces[0m
[1.874s] [ 17%] [34m[1mGenerating C type support dispatch for ROS interfaces[0m
[1.874s] [ 17%] [34m[1mGenerating C type support for eProsima Fast-RTPS[0m
[2.202s] [ 17%] [32mBuilding CXX object CMakeFiles/interfaces_pkg__rosidl_typesupport_cpp.dir/rosidl_typesupport_cpp/interfaces_pkg/msg/vector2__type_support.cpp.o[0m
[2.202s] [ 18%] [32mBuilding CXX object CMakeFiles/interfaces_pkg__rosidl_typesupport_cpp.dir/rosidl_typesupport_cpp/interfaces_pkg/msg/point2_d__type_support.cpp.o[0m
[2.202s] [ 19%] [32mBuilding CXX object CMakeFiles/interfaces_pkg__rosidl_typesupport_cpp.dir/rosidl_typesupport_cpp/interfaces_pkg/msg/pose2_d__type_support.cpp.o[0m
[2.203s] [ 20%] [32mBuilding CXX object CMakeFiles/interfaces_pkg__rosidl_typesupport_cpp.dir/rosidl_typesupport_cpp/interfaces_pkg/msg/bounding_box2_d__type_support.cpp.o[0m
[2.204s] [ 21%] [32mBuilding CXX object CMakeFiles/interfaces_pkg__rosidl_typesupport_cpp.dir/rosidl_typesupport_cpp/interfaces_pkg/msg/key_point3_d_array__type_support.cpp.o[0m
[2.204s] [ 21%] [32mBuilding CXX object CMakeFiles/interfaces_pkg__rosidl_typesupport_cpp.dir/rosidl_typesupport_cpp/interfaces_pkg/msg/bounding_box3_d__type_support.cpp.o[0m
[2.204s] [ 22%] [32mBuilding CXX object CMakeFiles/interfaces_pkg__rosidl_typesupport_cpp.dir/rosidl_typesupport_cpp/interfaces_pkg/msg/mask__type_support.cpp.o[0m
[2.204s] [ 23%] [32mBuilding CXX object CMakeFiles/interfaces_pkg__rosidl_typesupport_cpp.dir/rosidl_typesupport_cpp/interfaces_pkg/msg/detection_array__type_support.cpp.o[0m
[2.205s] [ 24%] [32mBuilding CXX object CMakeFiles/interfaces_pkg__rosidl_typesupport_cpp.dir/rosidl_typesupport_cpp/interfaces_pkg/msg/key_point3_d__type_support.cpp.o[0m
[2.205s] [ 25%] [32mBuilding CXX object CMakeFiles/interfaces_pkg__rosidl_typesupport_cpp.dir/rosidl_typesupport_cpp/interfaces_pkg/msg/lane_info__type_support.cpp.o[0m
[2.205s] [ 26%] [32mBuilding CXX object CMakeFiles/interfaces_pkg__rosidl_typesupport_cpp.dir/rosidl_typesupport_cpp/interfaces_pkg/msg/key_point2_d_array__type_support.cpp.o[0m
[2.205s] [ 26%] [32mBuilding CXX object CMakeFiles/interfaces_pkg__rosidl_typesupport_cpp.dir/rosidl_typesupport_cpp/interfaces_pkg/msg/key_point2_d__type_support.cpp.o[0m
[2.206s] [ 26%] [32mBuilding CXX object CMakeFiles/interfaces_pkg__rosidl_typesupport_cpp.dir/rosidl_typesupport_cpp/interfaces_pkg/msg/detection__type_support.cpp.o[0m
[2.206s] [ 26%] [32mBuilding CXX object CMakeFiles/interfaces_pkg__rosidl_typesupport_cpp.dir/rosidl_typesupport_cpp/interfaces_pkg/msg/motion_command__type_support.cpp.o[0m
[2.206s] [ 27%] [32mBuilding CXX object CMakeFiles/interfaces_pkg__rosidl_typesupport_cpp.dir/rosidl_typesupport_cpp/interfaces_pkg/msg/target_point__type_support.cpp.o[0m
[2.207s] [ 28%] [32mBuilding CXX object CMakeFiles/interfaces_pkg__rosidl_typesupport_cpp.dir/rosidl_typesupport_cpp/interfaces_pkg/msg/path_planning_result__type_support.cpp.o[0m
[2.334s] [ 30%] [32mBuilding CXX object CMakeFiles/interfaces_pkg__rosidl_typesupport_introspection_cpp.dir/rosidl_typesupport_introspection_cpp/interfaces_pkg/msg/detail/vector2__type_support.cpp.o[0m
[2.334s] [ 30%] [32mBuilding CXX object CMakeFiles/interfaces_pkg__rosidl_typesupport_introspection_cpp.dir/rosidl_typesupport_introspection_cpp/interfaces_pkg/msg/detail/point2_d__type_support.cpp.o[0m
[2.334s] [ 30%] [32mBuilding CXX object CMakeFiles/interfaces_pkg__rosidl_typesupport_introspection_cpp.dir/rosidl_typesupport_introspection_cpp/interfaces_pkg/msg/detail/mask__type_support.cpp.o[0m
[2.334s] [ 32%] [32mBuilding CXX object CMakeFiles/interfaces_pkg__rosidl_typesupport_introspection_cpp.dir/rosidl_typesupport_introspection_cpp/interfaces_pkg/msg/detail/key_point2_d__type_support.cpp.o[0m
[2.335s] [ 32%] [32mBuilding CXX object CMakeFiles/interfaces_pkg__rosidl_typesupport_introspection_cpp.dir/rosidl_typesupport_introspection_cpp/interfaces_pkg/msg/detail/bounding_box3_d__type_support.cpp.o[0m
[2.335s] [ 33%] [32mBuilding CXX object CMakeFiles/interfaces_pkg__rosidl_typesupport_introspection_cpp.dir/rosidl_typesupport_introspection_cpp/interfaces_pkg/msg/detail/detection__type_support.cpp.o[0m
[2.335s] [ 33%] [32mBuilding CXX object CMakeFiles/interfaces_pkg__rosidl_typesupport_introspection_cpp.dir/rosidl_typesupport_introspection_cpp/interfaces_pkg/msg/detail/key_point3_d__type_support.cpp.o[0m
[2.335s] [ 34%] [32mBuilding CXX object CMakeFiles/interfaces_pkg__rosidl_typesupport_introspection_cpp.dir/rosidl_typesupport_introspection_cpp/interfaces_pkg/msg/detail/key_point3_d_array__type_support.cpp.o[0m
[2.335s] [ 34%] [32mBuilding CXX object CMakeFiles/interfaces_pkg__rosidl_typesupport_introspection_cpp.dir/rosidl_typesupport_introspection_cpp/interfaces_pkg/msg/detail/detection_array__type_support.cpp.o[0m
[2.335s] [ 35%] [32mBuilding CXX object CMakeFiles/interfaces_pkg__rosidl_typesupport_introspection_cpp.dir/rosidl_typesupport_introspection_cpp/interfaces_pkg/msg/detail/bounding_box2_d__type_support.cpp.o[0m
[2.335s] [ 35%] [32mBuilding CXX object CMakeFiles/interfaces_pkg__rosidl_typesupport_introspection_cpp.dir/rosidl_typesupport_introspection_cpp/interfaces_pkg/msg/detail/pose2_d__type_support.cpp.o[0m
[2.335s] [ 36%] [32mBuilding CXX object CMakeFiles/interfaces_pkg__rosidl_typesupport_introspection_cpp.dir/rosidl_typesupport_introspection_cpp/interfaces_pkg/msg/detail/key_point2_d_array__type_support.cpp.o[0m
[2.454s] [ 37%] [32mBuilding CXX object CMakeFiles/interfaces_pkg__rosidl_typesupport_introspection_cpp.dir/rosidl_typesupport_introspection_cpp/interfaces_pkg/msg/detail/lane_info__type_support.cpp.o[0m
[2.455s] [ 38%] [32mBuilding CXX object CMakeFiles/interfaces_pkg__rosidl_typesupport_introspection_cpp.dir/rosidl_typesupport_introspection_cpp/interfaces_pkg/msg/detail/motion_command__type_support.cpp.o[0m
[2.461s] [ 38%] [32mBuilding CXX object CMakeFiles/interfaces_pkg__rosidl_typesupport_introspection_cpp.dir/rosidl_typesupport_introspection_cpp/interfaces_pkg/msg/detail/target_point__type_support.cpp.o[0m
[2.476s] [ 39%] [32mBuilding CXX object CMakeFiles/interfaces_pkg__rosidl_typesupport_introspection_cpp.dir/rosidl_typesupport_introspection_cpp/interfaces_pkg/msg/detail/path_planning_result__type_support.cpp.o[0m
[2.507s] [ 39%] [32mBuilding CXX object CMakeFiles/interfaces_pkg__rosidl_typesupport_c.dir/rosidl_typesupport_c/interfaces_pkg/msg/point2_d__type_support.cpp.o[0m
[2.508s] [ 40%] [32m[1mLinking CXX shared library libinterfaces_pkg__rosidl_typesupport_cpp.so[0m
[2.508s] [ 40%] [32mBuilding CXX object CMakeFiles/interfaces_pkg__rosidl_typesupport_c.dir/rosidl_typesupport_c/interfaces_pkg/msg/vector2__type_support.cpp.o[0m
[2.508s] [ 40%] [32mBuilding CXX object CMakeFiles/interfaces_pkg__rosidl_typesupport_c.dir/rosidl_typesupport_c/interfaces_pkg/msg/bounding_box2_d__type_support.cpp.o[0m
[2.508s] [ 41%] [32mBuilding CXX object CMakeFiles/interfaces_pkg__rosidl_typesupport_c.dir/rosidl_typesupport_c/interfaces_pkg/msg/pose2_d__type_support.cpp.o[0m
[2.508s] [ 42%] [32mBuilding CXX object CMakeFiles/interfaces_pkg__rosidl_typesupport_c.dir/rosidl_typesupport_c/interfaces_pkg/msg/mask__type_support.cpp.o[0m
[2.508s] [ 43%] [32mBuilding CXX object CMakeFiles/interfaces_pkg__rosidl_typesupport_c.dir/rosidl_typesupport_c/interfaces_pkg/msg/bounding_box3_d__type_support.cpp.o[0m
[2.508s] [ 44%] [32mBuilding CXX object CMakeFiles/interfaces_pkg__rosidl_typesupport_c.dir/rosidl_typesupport_c/interfaces_pkg/msg/key_point2_d_array__type_support.cpp.o[0m
[2.508s] [ 44%] [32mBuilding CXX object CMakeFiles/interfaces_pkg__rosidl_typesupport_c.dir/rosidl_typesupport_c/interfaces_pkg/msg/key_point2_d__type_support.cpp.o[0m
[2.509s] [ 45%] [32mBuilding CXX object CMakeFiles/interfaces_pkg__rosidl_typesupport_c.dir/rosidl_typesupport_c/interfaces_pkg/msg/key_point3_d__type_support.cpp.o[0m
[2.510s] [ 45%] [32mBuilding CXX object CMakeFiles/interfaces_pkg__rosidl_typesupport_c.dir/rosidl_typesupport_c/interfaces_pkg/msg/key_point3_d_array__type_support.cpp.o[0m
[2.514s] [ 46%] [32mBuilding CXX object CMakeFiles/interfaces_pkg__rosidl_typesupport_c.dir/rosidl_typesupport_c/interfaces_pkg/msg/detection__type_support.cpp.o[0m
[2.514s] [ 47%] [32mBuilding CXX object CMakeFiles/interfaces_pkg__rosidl_typesupport_c.dir/rosidl_typesupport_c/interfaces_pkg/msg/detection_array__type_support.cpp.o[0m
[2.532s] [ 48%] [32mBuilding CXX object CMakeFiles/interfaces_pkg__rosidl_typesupport_fastrtps_cpp.dir/rosidl_typesupport_fastrtps_cpp/interfaces_pkg/msg/detail/dds_fastrtps/point2_d__type_support.cpp.o[0m
[2.550s] [ 48%] [32mBuilding CXX object CMakeFiles/interfaces_pkg__rosidl_typesupport_fastrtps_cpp.dir/rosidl_typesupport_fastrtps_cpp/interfaces_pkg/msg/detail/dds_fastrtps/vector2__type_support.cpp.o[0m
[2.550s] [ 48%] [32mBuilding CXX object CMakeFiles/interfaces_pkg__rosidl_typesupport_c.dir/rosidl_typesupport_c/interfaces_pkg/msg/lane_info__type_support.cpp.o[0m
[2.551s] [ 49%] [32mBuilding CXX object CMakeFiles/interfaces_pkg__rosidl_typesupport_fastrtps_cpp.dir/rosidl_typesupport_fastrtps_cpp/interfaces_pkg/msg/detail/dds_fastrtps/bounding_box2_d__type_support.cpp.o[0m
[2.552s] [ 49%] [32mBuilding CXX object CMakeFiles/interfaces_pkg__rosidl_typesupport_fastrtps_cpp.dir/rosidl_typesupport_fastrtps_cpp/interfaces_pkg/msg/detail/dds_fastrtps/bounding_box3_d__type_support.cpp.o[0m
[2.554s] [ 51%] [32mBuilding CXX object CMakeFiles/interfaces_pkg__rosidl_typesupport_fastrtps_cpp.dir/rosidl_typesupport_fastrtps_cpp/interfaces_pkg/msg/detail/dds_fastrtps/pose2_d__type_support.cpp.o[0m
[2.554s] [ 50%] [32mBuilding CXX object CMakeFiles/interfaces_pkg__rosidl_typesupport_c.dir/rosidl_typesupport_c/interfaces_pkg/msg/target_point__type_support.cpp.o[0m
[2.554s] [ 52%] [32mBuilding CXX object CMakeFiles/interfaces_pkg__rosidl_typesupport_c.dir/rosidl_typesupport_c/interfaces_pkg/msg/motion_command__type_support.cpp.o[0m
[2.554s] [ 53%] [32mBuilding CXX object CMakeFiles/interfaces_pkg__rosidl_typesupport_fastrtps_cpp.dir/rosidl_typesupport_fastrtps_cpp/interfaces_pkg/msg/detail/dds_fastrtps/mask__type_support.cpp.o[0m
[2.555s] [ 53%] [32mBuilding CXX object CMakeFiles/interfaces_pkg__rosidl_typesupport_c.dir/rosidl_typesupport_c/interfaces_pkg/msg/path_planning_result__type_support.cpp.o[0m
[2.557s] [ 54%] [32mBuilding CXX object CMakeFiles/interfaces_pkg__rosidl_typesupport_fastrtps_cpp.dir/rosidl_typesupport_fastrtps_cpp/interfaces_pkg/msg/detail/dds_fastrtps/key_point2_d__type_support.cpp.o[0m
[2.565s] [ 54%] [32mBuilding CXX object CMakeFiles/interfaces_pkg__rosidl_typesupport_fastrtps_cpp.dir/rosidl_typesupport_fastrtps_cpp/interfaces_pkg/msg/detail/dds_fastrtps/key_point2_d_array__type_support.cpp.o[0m
[2.565s] [ 55%] [32mBuilding CXX object CMakeFiles/interfaces_pkg__rosidl_typesupport_fastrtps_cpp.dir/rosidl_typesupport_fastrtps_cpp/interfaces_pkg/msg/detail/dds_fastrtps/key_point3_d__type_support.cpp.o[0m
[2.582s] [ 55%] Built target interfaces_pkg__rosidl_typesupport_cpp
[2.596s] [ 57%] [32mBuilding CXX object CMakeFiles/interfaces_pkg__rosidl_typesupport_fastrtps_cpp.dir/rosidl_typesupport_fastrtps_cpp/interfaces_pkg/msg/detail/dds_fastrtps/detection__type_support.cpp.o[0m
[2.596s] [ 57%] [32mBuilding CXX object CMakeFiles/interfaces_pkg__rosidl_typesupport_fastrtps_cpp.dir/rosidl_typesupport_fastrtps_cpp/interfaces_pkg/msg/detail/dds_fastrtps/key_point3_d_array__type_support.cpp.o[0m
[2.596s] [ 57%] [32mBuilding CXX object CMakeFiles/interfaces_pkg__rosidl_typesupport_fastrtps_cpp.dir/rosidl_typesupport_fastrtps_cpp/interfaces_pkg/msg/detail/dds_fastrtps/lane_info__type_support.cpp.o[0m
[2.597s] [ 58%] [32m[1mLinking CXX shared library libinterfaces_pkg__rosidl_typesupport_c.so[0m
[2.598s] [ 59%] [32mBuilding CXX object CMakeFiles/interfaces_pkg__rosidl_typesupport_fastrtps_cpp.dir/rosidl_typesupport_fastrtps_cpp/interfaces_pkg/msg/detail/dds_fastrtps/detection_array__type_support.cpp.o[0m
[2.675s] [ 59%] Built target interfaces_pkg__rosidl_typesupport_c
[2.760s] [ 59%] [32mBuilding CXX object CMakeFiles/interfaces_pkg__rosidl_typesupport_fastrtps_cpp.dir/rosidl_typesupport_fastrtps_cpp/interfaces_pkg/msg/detail/dds_fastrtps/motion_command__type_support.cpp.o[0m
[2.782s] [ 60%] [32mBuilding CXX object CMakeFiles/interfaces_pkg__rosidl_typesupport_fastrtps_cpp.dir/rosidl_typesupport_fastrtps_cpp/interfaces_pkg/msg/detail/dds_fastrtps/target_point__type_support.cpp.o[0m
[2.785s] [ 61%] [32mBuilding CXX object CMakeFiles/interfaces_pkg__rosidl_typesupport_fastrtps_cpp.dir/rosidl_typesupport_fastrtps_cpp/interfaces_pkg/msg/detail/dds_fastrtps/path_planning_result__type_support.cpp.o[0m
[2.826s] [ 63%] [32mBuilding CXX object CMakeFiles/interfaces_pkg__rosidl_typesupport_fastrtps_c.dir/rosidl_typesupport_fastrtps_c/interfaces_pkg/msg/detail/pose2_d__type_support_c.cpp.o[0m
[2.826s] [ 63%] [32mBuilding CXX object CMakeFiles/interfaces_pkg__rosidl_typesupport_fastrtps_c.dir/rosidl_typesupport_fastrtps_c/interfaces_pkg/msg/detail/bounding_box3_d__type_support_c.cpp.o[0m
[2.827s] [ 64%] [32mBuilding CXX object CMakeFiles/interfaces_pkg__rosidl_typesupport_fastrtps_c.dir/rosidl_typesupport_fastrtps_c/interfaces_pkg/msg/detail/vector2__type_support_c.cpp.o[0m
[2.827s] [ 65%] [32mBuilding CXX object CMakeFiles/interfaces_pkg__rosidl_typesupport_fastrtps_c.dir/rosidl_typesupport_fastrtps_c/interfaces_pkg/msg/detail/mask__type_support_c.cpp.o[0m
[2.827s] [ 65%] [32mBuilding CXX object CMakeFiles/interfaces_pkg__rosidl_typesupport_fastrtps_c.dir/rosidl_typesupport_fastrtps_c/interfaces_pkg/msg/detail/key_point2_d__type_support_c.cpp.o[0m
[2.827s] [ 65%] [32mBuilding CXX object CMakeFiles/interfaces_pkg__rosidl_typesupport_fastrtps_c.dir/rosidl_typesupport_fastrtps_c/interfaces_pkg/msg/detail/point2_d__type_support_c.cpp.o[0m
[2.827s] [ 66%] [32mBuilding CXX object CMakeFiles/interfaces_pkg__rosidl_typesupport_fastrtps_c.dir/rosidl_typesupport_fastrtps_c/interfaces_pkg/msg/detail/key_point2_d_array__type_support_c.cpp.o[0m
[2.828s] [ 67%] [32mBuilding CXX object CMakeFiles/interfaces_pkg__rosidl_typesupport_fastrtps_c.dir/rosidl_typesupport_fastrtps_c/interfaces_pkg/msg/detail/key_point3_d__type_support_c.cpp.o[0m
[2.828s] [ 67%] [32mBuilding CXX object CMakeFiles/interfaces_pkg__rosidl_typesupport_fastrtps_c.dir/rosidl_typesupport_fastrtps_c/interfaces_pkg/msg/detail/bounding_box2_d__type_support_c.cpp.o[0m
[2.829s] [ 67%] [32mBuilding CXX object CMakeFiles/interfaces_pkg__rosidl_typesupport_fastrtps_c.dir/rosidl_typesupport_fastrtps_c/interfaces_pkg/msg/detail/key_point3_d_array__type_support_c.cpp.o[0m
[2.844s] [ 68%] [32mBuilding C object CMakeFiles/interfaces_pkg__rosidl_typesupport_introspection_c.dir/rosidl_typesupport_introspection_c/interfaces_pkg/msg/detail/point2_d__type_support.c.o[0m
[2.883s] [ 68%] [32mBuilding C object CMakeFiles/interfaces_pkg__rosidl_typesupport_introspection_c.dir/rosidl_typesupport_introspection_c/interfaces_pkg/msg/detail/vector2__type_support.c.o[0m
[2.893s] [ 69%] [32mBuilding CXX object CMakeFiles/interfaces_pkg__rosidl_typesupport_fastrtps_c.dir/rosidl_typesupport_fastrtps_c/interfaces_pkg/msg/detail/detection__type_support_c.cpp.o[0m
[2.895s] [ 70%] [32mBuilding C object CMakeFiles/interfaces_pkg__rosidl_typesupport_introspection_c.dir/rosidl_typesupport_introspection_c/interfaces_pkg/msg/detail/pose2_d__type_support.c.o[0m
[2.935s] [ 71%] [32mBuilding CXX object CMakeFiles/interfaces_pkg__rosidl_typesupport_fastrtps_c.dir/rosidl_typesupport_fastrtps_c/interfaces_pkg/msg/detail/detection_array__type_support_c.cpp.o[0m
[2.936s] [ 71%] [32mBuilding CXX object CMakeFiles/interfaces_pkg__rosidl_typesupport_fastrtps_c.dir/rosidl_typesupport_fastrtps_c/interfaces_pkg/msg/detail/lane_info__type_support_c.cpp.o[0m
[2.936s] [ 72%] [32mBuilding CXX object CMakeFiles/interfaces_pkg__rosidl_typesupport_fastrtps_c.dir/rosidl_typesupport_fastrtps_c/interfaces_pkg/msg/detail/motion_command__type_support_c.cpp.o[0m
[2.950s] [ 73%] [32mBuilding C object CMakeFiles/interfaces_pkg__rosidl_typesupport_introspection_c.dir/rosidl_typesupport_introspection_c/interfaces_pkg/msg/detail/bounding_box2_d__type_support.c.o[0m
[2.984s] [ 73%] [32mBuilding C object CMakeFiles/interfaces_pkg__rosidl_typesupport_introspection_c.dir/rosidl_typesupport_introspection_c/interfaces_pkg/msg/detail/bounding_box3_d__type_support.c.o[0m
[2.985s] [ 74%] [32mBuilding C object CMakeFiles/interfaces_pkg__rosidl_typesupport_introspection_c.dir/rosidl_typesupport_introspection_c/interfaces_pkg/msg/detail/mask__type_support.c.o[0m
[2.991s] [ 75%] [32mBuilding C object CMakeFiles/interfaces_pkg__rosidl_typesupport_introspection_c.dir/rosidl_typesupport_introspection_c/interfaces_pkg/msg/detail/key_point2_d__type_support.c.o[0m
[2.995s] [ 75%] [32mBuilding C object CMakeFiles/interfaces_pkg__rosidl_typesupport_introspection_c.dir/rosidl_typesupport_introspection_c/interfaces_pkg/msg/detail/key_point2_d_array__type_support.c.o[0m
[2.998s] [ 76%] [32m[1mLinking CXX shared library libinterfaces_pkg__rosidl_typesupport_introspection_cpp.so[0m
[3.005s] [ 77%] [32mBuilding C object CMakeFiles/interfaces_pkg__rosidl_typesupport_introspection_c.dir/rosidl_typesupport_introspection_c/interfaces_pkg/msg/detail/key_point3_d__type_support.c.o[0m
[3.012s] [ 78%] [32mBuilding CXX object CMakeFiles/interfaces_pkg__rosidl_typesupport_fastrtps_c.dir/rosidl_typesupport_fastrtps_c/interfaces_pkg/msg/detail/target_point__type_support_c.cpp.o[0m
[3.018s] [ 78%] [32mBuilding CXX object CMakeFiles/interfaces_pkg__rosidl_typesupport_fastrtps_c.dir/rosidl_typesupport_fastrtps_c/interfaces_pkg/msg/detail/path_planning_result__type_support_c.cpp.o[0m
[3.022s] [ 79%] [32mBuilding C object CMakeFiles/interfaces_pkg__rosidl_typesupport_introspection_c.dir/rosidl_typesupport_introspection_c/interfaces_pkg/msg/detail/key_point3_d_array__type_support.c.o[0m
[3.036s] [ 80%] [32mBuilding C object CMakeFiles/interfaces_pkg__rosidl_typesupport_introspection_c.dir/rosidl_typesupport_introspection_c/interfaces_pkg/msg/detail/detection__type_support.c.o[0m
[3.036s] [ 80%] [32mBuilding C object CMakeFiles/interfaces_pkg__rosidl_typesupport_introspection_c.dir/rosidl_typesupport_introspection_c/interfaces_pkg/msg/detail/detection_array__type_support.c.o[0m
[3.039s] [ 81%] [32mBuilding C object CMakeFiles/interfaces_pkg__rosidl_typesupport_introspection_c.dir/rosidl_typesupport_introspection_c/interfaces_pkg/msg/detail/lane_info__type_support.c.o[0m
[3.044s] [ 81%] [32mBuilding C object CMakeFiles/interfaces_pkg__rosidl_typesupport_introspection_c.dir/rosidl_typesupport_introspection_c/interfaces_pkg/msg/detail/motion_command__type_support.c.o[0m
[3.047s] [ 82%] [32mBuilding C object CMakeFiles/interfaces_pkg__rosidl_typesupport_introspection_c.dir/rosidl_typesupport_introspection_c/interfaces_pkg/msg/detail/target_point__type_support.c.o[0m
[3.067s] [ 83%] [32mBuilding C object CMakeFiles/interfaces_pkg__rosidl_typesupport_introspection_c.dir/rosidl_typesupport_introspection_c/interfaces_pkg/msg/detail/path_planning_result__type_support.c.o[0m
[3.103s] [ 83%] [32m[1mLinking C shared library libinterfaces_pkg__rosidl_typesupport_introspection_c.so[0m
[3.124s] [ 83%] Built target interfaces_pkg__rosidl_typesupport_introspection_cpp
[3.132s] [ 83%] Built target interfaces_pkg__rosidl_typesupport_introspection_c
[3.215s] [ 83%] [32m[1mLinking CXX shared library libinterfaces_pkg__rosidl_typesupport_fastrtps_cpp.so[0m
[3.272s] [ 83%] Built target interfaces_pkg__rosidl_typesupport_fastrtps_cpp
[3.282s] [ 84%] [32m[1mLinking CXX shared library libinterfaces_pkg__rosidl_typesupport_fastrtps_c.so[0m
[3.329s] [ 84%] Built target interfaces_pkg__rosidl_typesupport_fastrtps_c
[3.343s] [ 84%] Built target interfaces_pkg
[3.356s] [ 85%] [34m[1mGenerating Python code for ROS interfaces[0m
[4.264s] [ 85%] Built target interfaces_pkg__py
[4.278s] [ 85%] [32mBuilding C object CMakeFiles/interfaces_pkg__rosidl_generator_py.dir/rosidl_generator_py/interfaces_pkg/msg/_point2_d_s.c.o[0m
[4.278s] [ 86%] [32mBuilding C object CMakeFiles/interfaces_pkg__rosidl_generator_py.dir/rosidl_generator_py/interfaces_pkg/msg/_vector2_s.c.o[0m
[4.278s] [ 86%] [32mBuilding C object CMakeFiles/interfaces_pkg__rosidl_generator_py.dir/rosidl_generator_py/interfaces_pkg/msg/_bounding_box2_d_s.c.o[0m
[4.279s] [ 87%] [32mBuilding C object CMakeFiles/interfaces_pkg__rosidl_generator_py.dir/rosidl_generator_py/interfaces_pkg/msg/_bounding_box3_d_s.c.o[0m
[4.279s] [ 88%] [32mBuilding C object CMakeFiles/interfaces_pkg__rosidl_generator_py.dir/rosidl_generator_py/interfaces_pkg/msg/_pose2_d_s.c.o[0m
[4.280s] [ 89%] [32mBuilding C object CMakeFiles/interfaces_pkg__rosidl_generator_py.dir/rosidl_generator_py/interfaces_pkg/msg/_key_point2_d_array_s.c.o[0m
[4.280s] [ 89%] [32mBuilding C object CMakeFiles/interfaces_pkg__rosidl_generator_py.dir/rosidl_generator_py/interfaces_pkg/msg/_key_point2_d_s.c.o[0m
[4.280s] [ 90%] [32mBuilding C object CMakeFiles/interfaces_pkg__rosidl_generator_py.dir/rosidl_generator_py/interfaces_pkg/msg/_key_point3_d_s.c.o[0m
[4.280s] [ 92%] [32mBuilding C object CMakeFiles/interfaces_pkg__rosidl_generator_py.dir/rosidl_generator_py/interfaces_pkg/msg/_detection_array_s.c.o[0m
[4.280s] [ 92%] [32mBuilding C object CMakeFiles/interfaces_pkg__rosidl_generator_py.dir/rosidl_generator_py/interfaces_pkg/msg/_detection_s.c.o[0m
[4.280s] [ 92%] [32mBuilding C object CMakeFiles/interfaces_pkg__rosidl_generator_py.dir/rosidl_generator_py/interfaces_pkg/msg/_key_point3_d_array_s.c.o[0m
[4.280s] [ 92%] [32mBuilding C object CMakeFiles/interfaces_pkg__rosidl_generator_py.dir/rosidl_generator_py/interfaces_pkg/msg/_lane_info_s.c.o[0m
[4.280s] [ 93%] [32mBuilding C object CMakeFiles/interfaces_pkg__rosidl_generator_py.dir/rosidl_generator_py/interfaces_pkg/msg/_mask_s.c.o[0m
[4.280s] [ 95%] [32mBuilding C object CMakeFiles/interfaces_pkg__rosidl_generator_py.dir/rosidl_generator_py/interfaces_pkg/msg/_motion_command_s.c.o[0m
[4.281s] [ 95%] [32mBuilding C object CMakeFiles/interfaces_pkg__rosidl_generator_py.dir/rosidl_generator_py/interfaces_pkg/msg/_target_point_s.c.o[0m
[4.281s] [ 95%] [32mBuilding C object CMakeFiles/interfaces_pkg__rosidl_generator_py.dir/rosidl_generator_py/interfaces_pkg/msg/_path_planning_result_s.c.o[0m
[4.361s] [ 96%] [32m[1mLinking C shared library rosidl_generator_py/interfaces_pkg/libinterfaces_pkg__rosidl_generator_py.so[0m
[4.388s] [ 96%] Built target interfaces_pkg__rosidl_generator_py
[4.401s] [ 97%] [32mBuilding C object CMakeFiles/interfaces_pkg__rosidl_typesupport_introspection_c__pyext.dir/rosidl_generator_py/interfaces_pkg/_interfaces_pkg_s.ep.rosidl_typesupport_introspection_c.c.o[0m
[4.401s] [ 98%] [32mBuilding C object CMakeFiles/interfaces_pkg__rosidl_typesupport_c__pyext.dir/rosidl_generator_py/interfaces_pkg/_interfaces_pkg_s.ep.rosidl_typesupport_c.c.o[0m
[4.401s] [ 99%] [32mBuilding C object CMakeFiles/interfaces_pkg__rosidl_typesupport_fastrtps_c__pyext.dir/rosidl_generator_py/interfaces_pkg/_interfaces_pkg_s.ep.rosidl_typesupport_fastrtps_c.c.o[0m
[4.478s] [ 99%] [32m[1mLinking C shared library rosidl_generator_py/interfaces_pkg/interfaces_pkg_s__rosidl_typesupport_c.cpython-310-x86_64-linux-gnu.so[0m
[4.478s] [100%] [32m[1mLinking C shared library rosidl_generator_py/interfaces_pkg/interfaces_pkg_s__rosidl_typesupport_fastrtps_c.cpython-310-x86_64-linux-gnu.so[0m
[4.478s] [100%] [32m[1mLinking C shared library rosidl_generator_py/interfaces_pkg/interfaces_pkg_s__rosidl_typesupport_introspection_c.cpython-310-x86_64-linux-gnu.so[0m
[4.503s] [100%] Built target interfaces_pkg__rosidl_typesupport_fastrtps_c__pyext
[4.503s] [100%] Built target interfaces_pkg__rosidl_typesupport_introspection_c__pyext
[4.503s] [100%] Built target interfaces_pkg__rosidl_typesupport_c__pyext
[4.512s] Invoked command in '/home/autolab/AutoSDV_HPC/build/interfaces_pkg' returned '0': CMAKE_PREFIX_PATH=${CMAKE_PREFIX_PATH}:/opt/ros/humble:/home/autolab/AutoSDV_HPC/install/serial_communication_pkg:/home/autolab/AutoSDV_HPC/install/ota_update_manager:/home/autolab/AutoSDV_HPC/install/lidar_perception_pkg:/home/autolab/AutoSDV_HPC/install/data_collection_pkg:/home/autolab/AutoSDV_HPC/install/decision_making_pkg:/home/autolab/AutoSDV_HPC/install/debug_pkg:/home/autolab/AutoSDV_HPC/install/camera_perception_pkg /usr/bin/cmake --build /home/autolab/AutoSDV_HPC/build/interfaces_pkg -- -j32 -l32
[4.513s] Invoking command in '/home/autolab/AutoSDV_HPC/build/interfaces_pkg': CMAKE_PREFIX_PATH=${CMAKE_PREFIX_PATH}:/opt/ros/humble:/home/autolab/AutoSDV_HPC/install/serial_communication_pkg:/home/autolab/AutoSDV_HPC/install/ota_update_manager:/home/autolab/AutoSDV_HPC/install/lidar_perception_pkg:/home/autolab/AutoSDV_HPC/install/data_collection_pkg:/home/autolab/AutoSDV_HPC/install/decision_making_pkg:/home/autolab/AutoSDV_HPC/install/debug_pkg:/home/autolab/AutoSDV_HPC/install/camera_perception_pkg /usr/bin/cmake --install /home/autolab/AutoSDV_HPC/build/interfaces_pkg
[4.517s] -- Install configuration: ""
[4.518s] -- Execute custom install script
[4.518s] -- Symlinking: /home/autolab/AutoSDV_HPC/install/interfaces_pkg/share/ament_index/resource_index/rosidl_interfaces/interfaces_pkg
[4.524s] -- Symlinking: /home/autolab/AutoSDV_HPC/install/interfaces_pkg/include/interfaces_pkg/interfaces_pkg/msg/bounding_box2_d.h
[4.528s] -- Symlinking: /home/autolab/AutoSDV_HPC/install/interfaces_pkg/include/interfaces_pkg/interfaces_pkg/msg/bounding_box3_d.h
[4.533s] -- Symlinking: /home/autolab/AutoSDV_HPC/install/interfaces_pkg/include/interfaces_pkg/interfaces_pkg/msg/detail/bounding_box2_d__functions.h
[4.538s] -- Symlinking: /home/autolab/AutoSDV_HPC/install/interfaces_pkg/include/interfaces_pkg/interfaces_pkg/msg/detail/bounding_box2_d__struct.h
[4.543s] -- Symlinking: /home/autolab/AutoSDV_HPC/install/interfaces_pkg/include/interfaces_pkg/interfaces_pkg/msg/detail/bounding_box2_d__type_support.h
[4.548s] -- Symlinking: /home/autolab/AutoSDV_HPC/install/interfaces_pkg/include/interfaces_pkg/interfaces_pkg/msg/detail/bounding_box3_d__functions.h
[4.553s] -- Symlinking: /home/autolab/AutoSDV_HPC/install/interfaces_pkg/include/interfaces_pkg/interfaces_pkg/msg/detail/bounding_box3_d__struct.h
[4.558s] -- Symlinking: /home/autolab/AutoSDV_HPC/install/interfaces_pkg/include/interfaces_pkg/interfaces_pkg/msg/detail/bounding_box3_d__type_support.h
[4.563s] -- Symlinking: /home/autolab/AutoSDV_HPC/install/interfaces_pkg/include/interfaces_pkg/interfaces_pkg/msg/detail/detection__functions.h
[4.568s] -- Symlinking: /home/autolab/AutoSDV_HPC/install/interfaces_pkg/include/interfaces_pkg/interfaces_pkg/msg/detail/detection__struct.h
[4.573s] -- Symlinking: /home/autolab/AutoSDV_HPC/install/interfaces_pkg/include/interfaces_pkg/interfaces_pkg/msg/detail/detection__type_support.h
[4.578s] -- Symlinking: /home/autolab/AutoSDV_HPC/install/interfaces_pkg/include/interfaces_pkg/interfaces_pkg/msg/detail/detection_array__functions.h
[4.583s] -- Symlinking: /home/autolab/AutoSDV_HPC/install/interfaces_pkg/include/interfaces_pkg/interfaces_pkg/msg/detail/detection_array__struct.h
[4.588s] -- Symlinking: /home/autolab/AutoSDV_HPC/install/interfaces_pkg/include/interfaces_pkg/interfaces_pkg/msg/detail/detection_array__type_support.h
[4.594s] -- Symlinking: /home/autolab/AutoSDV_HPC/install/interfaces_pkg/include/interfaces_pkg/interfaces_pkg/msg/detail/key_point2_d__functions.h
[4.599s] -- Symlinking: /home/autolab/AutoSDV_HPC/install/interfaces_pkg/include/interfaces_pkg/interfaces_pkg/msg/detail/key_point2_d__struct.h
[4.604s] -- Symlinking: /home/autolab/AutoSDV_HPC/install/interfaces_pkg/include/interfaces_pkg/interfaces_pkg/msg/detail/key_point2_d__type_support.h
[4.609s] -- Symlinking: /home/autolab/AutoSDV_HPC/install/interfaces_pkg/include/interfaces_pkg/interfaces_pkg/msg/detail/key_point2_d_array__functions.h
[4.613s] -- Symlinking: /home/autolab/AutoSDV_HPC/install/interfaces_pkg/include/interfaces_pkg/interfaces_pkg/msg/detail/key_point2_d_array__struct.h
[4.618s] -- Symlinking: /home/autolab/AutoSDV_HPC/install/interfaces_pkg/include/interfaces_pkg/interfaces_pkg/msg/detail/key_point2_d_array__type_support.h
[4.623s] -- Symlinking: /home/autolab/AutoSDV_HPC/install/interfaces_pkg/include/interfaces_pkg/interfaces_pkg/msg/detail/key_point3_d__functions.h
[4.628s] -- Symlinking: /home/autolab/AutoSDV_HPC/install/interfaces_pkg/include/interfaces_pkg/interfaces_pkg/msg/detail/key_point3_d__struct.h
[4.633s] -- Symlinking: /home/autolab/AutoSDV_HPC/install/interfaces_pkg/include/interfaces_pkg/interfaces_pkg/msg/detail/key_point3_d__type_support.h
[4.638s] -- Symlinking: /home/autolab/AutoSDV_HPC/install/interfaces_pkg/include/interfaces_pkg/interfaces_pkg/msg/detail/key_point3_d_array__functions.h
[4.643s] -- Symlinking: /home/autolab/AutoSDV_HPC/install/interfaces_pkg/include/interfaces_pkg/interfaces_pkg/msg/detail/key_point3_d_array__struct.h
[4.649s] -- Symlinking: /home/autolab/AutoSDV_HPC/install/interfaces_pkg/include/interfaces_pkg/interfaces_pkg/msg/detail/key_point3_d_array__type_support.h
[4.654s] -- Symlinking: /home/autolab/AutoSDV_HPC/install/interfaces_pkg/include/interfaces_pkg/interfaces_pkg/msg/detail/lane_info__functions.h
[4.659s] -- Symlinking: /home/autolab/AutoSDV_HPC/install/interfaces_pkg/include/interfaces_pkg/interfaces_pkg/msg/detail/lane_info__struct.h
[4.664s] -- Symlinking: /home/autolab/AutoSDV_HPC/install/interfaces_pkg/include/interfaces_pkg/interfaces_pkg/msg/detail/lane_info__type_support.h
[4.669s] -- Symlinking: /home/autolab/AutoSDV_HPC/install/interfaces_pkg/include/interfaces_pkg/interfaces_pkg/msg/detail/mask__functions.h
[4.674s] -- Symlinking: /home/autolab/AutoSDV_HPC/install/interfaces_pkg/include/interfaces_pkg/interfaces_pkg/msg/detail/mask__struct.h
[4.680s] -- Symlinking: /home/autolab/AutoSDV_HPC/install/interfaces_pkg/include/interfaces_pkg/interfaces_pkg/msg/detail/mask__type_support.h
[4.685s] -- Symlinking: /home/autolab/AutoSDV_HPC/install/interfaces_pkg/include/interfaces_pkg/interfaces_pkg/msg/detail/motion_command__functions.h
[4.690s] -- Symlinking: /home/autolab/AutoSDV_HPC/install/interfaces_pkg/include/interfaces_pkg/interfaces_pkg/msg/detail/motion_command__struct.h
[4.695s] -- Symlinking: /home/autolab/AutoSDV_HPC/install/interfaces_pkg/include/interfaces_pkg/interfaces_pkg/msg/detail/motion_command__type_support.h
[4.700s] -- Symlinking: /home/autolab/AutoSDV_HPC/install/interfaces_pkg/include/interfaces_pkg/interfaces_pkg/msg/detail/path_planning_result__functions.h
[4.706s] -- Symlinking: /home/autolab/AutoSDV_HPC/install/interfaces_pkg/include/interfaces_pkg/interfaces_pkg/msg/detail/path_planning_result__struct.h
[4.711s] -- Symlinking: /home/autolab/AutoSDV_HPC/install/interfaces_pkg/include/interfaces_pkg/interfaces_pkg/msg/detail/path_planning_result__type_support.h
[4.716s] -- Symlinking: /home/autolab/AutoSDV_HPC/install/interfaces_pkg/include/interfaces_pkg/interfaces_pkg/msg/detail/point2_d__functions.h
[4.721s] -- Symlinking: /home/autolab/AutoSDV_HPC/install/interfaces_pkg/include/interfaces_pkg/interfaces_pkg/msg/detail/point2_d__struct.h
[4.726s] -- Symlinking: /home/autolab/AutoSDV_HPC/install/interfaces_pkg/include/interfaces_pkg/interfaces_pkg/msg/detail/point2_d__type_support.h
[4.731s] -- Symlinking: /home/autolab/AutoSDV_HPC/install/interfaces_pkg/include/interfaces_pkg/interfaces_pkg/msg/detail/pose2_d__functions.h
[4.736s] -- Symlinking: /home/autolab/AutoSDV_HPC/install/interfaces_pkg/include/interfaces_pkg/interfaces_pkg/msg/detail/pose2_d__struct.h
[4.742s] -- Symlinking: /home/autolab/AutoSDV_HPC/install/interfaces_pkg/include/interfaces_pkg/interfaces_pkg/msg/detail/pose2_d__type_support.h
[4.747s] -- Symlinking: /home/autolab/AutoSDV_HPC/install/interfaces_pkg/include/interfaces_pkg/interfaces_pkg/msg/detail/target_point__functions.h
[4.752s] -- Symlinking: /home/autolab/AutoSDV_HPC/install/interfaces_pkg/include/interfaces_pkg/interfaces_pkg/msg/detail/target_point__struct.h
[4.757s] -- Symlinking: /home/autolab/AutoSDV_HPC/install/interfaces_pkg/include/interfaces_pkg/interfaces_pkg/msg/detail/target_point__type_support.h
[4.762s] -- Symlinking: /home/autolab/AutoSDV_HPC/install/interfaces_pkg/include/interfaces_pkg/interfaces_pkg/msg/detail/vector2__functions.h
[4.767s] -- Symlinking: /home/autolab/AutoSDV_HPC/install/interfaces_pkg/include/interfaces_pkg/interfaces_pkg/msg/detail/vector2__struct.h
[4.772s] -- Symlinking: /home/autolab/AutoSDV_HPC/install/interfaces_pkg/include/interfaces_pkg/interfaces_pkg/msg/detail/vector2__type_support.h
[4.777s] -- Symlinking: /home/autolab/AutoSDV_HPC/install/interfaces_pkg/include/interfaces_pkg/interfaces_pkg/msg/detection.h
[4.782s] -- Symlinking: /home/autolab/AutoSDV_HPC/install/interfaces_pkg/include/interfaces_pkg/interfaces_pkg/msg/detection_array.h
[4.787s] -- Symlinking: /home/autolab/AutoSDV_HPC/install/interfaces_pkg/include/interfaces_pkg/interfaces_pkg/msg/key_point2_d.h
[4.792s] -- Symlinking: /home/autolab/AutoSDV_HPC/install/interfaces_pkg/include/interfaces_pkg/interfaces_pkg/msg/key_point2_d_array.h
[4.796s] -- Symlinking: /home/autolab/AutoSDV_HPC/install/interfaces_pkg/include/interfaces_pkg/interfaces_pkg/msg/key_point3_d.h
[4.801s] -- Symlinking: /home/autolab/AutoSDV_HPC/install/interfaces_pkg/include/interfaces_pkg/interfaces_pkg/msg/key_point3_d_array.h
[4.806s] -- Symlinking: /home/autolab/AutoSDV_HPC/install/interfaces_pkg/include/interfaces_pkg/interfaces_pkg/msg/lane_info.h
[4.811s] -- Symlinking: /home/autolab/AutoSDV_HPC/install/interfaces_pkg/include/interfaces_pkg/interfaces_pkg/msg/mask.h
[4.816s] -- Symlinking: /home/autolab/AutoSDV_HPC/install/interfaces_pkg/include/interfaces_pkg/interfaces_pkg/msg/motion_command.h
[4.821s] -- Symlinking: /home/autolab/AutoSDV_HPC/install/interfaces_pkg/include/interfaces_pkg/interfaces_pkg/msg/path_planning_result.h
[4.826s] -- Symlinking: /home/autolab/AutoSDV_HPC/install/interfaces_pkg/include/interfaces_pkg/interfaces_pkg/msg/point2_d.h
[4.831s] -- Symlinking: /home/autolab/AutoSDV_HPC/install/interfaces_pkg/include/interfaces_pkg/interfaces_pkg/msg/pose2_d.h
[4.836s] -- Symlinking: /home/autolab/AutoSDV_HPC/install/interfaces_pkg/include/interfaces_pkg/interfaces_pkg/msg/rosidl_generator_c__visibility_control.h
[4.841s] -- Symlinking: /home/autolab/AutoSDV_HPC/install/interfaces_pkg/include/interfaces_pkg/interfaces_pkg/msg/target_point.h
[4.847s] -- Symlinking: /home/autolab/AutoSDV_HPC/install/interfaces_pkg/include/interfaces_pkg/interfaces_pkg/msg/vector2.h
[4.852s] -- Symlinking: /home/autolab/AutoSDV_HPC/install/interfaces_pkg/share/interfaces_pkg/environment/library_path.sh
[4.856s] -- Symlinking: /home/autolab/AutoSDV_HPC/install/interfaces_pkg/share/interfaces_pkg/environment/library_path.dsv
[4.863s] -- Symlinking: /home/autolab/AutoSDV_HPC/install/interfaces_pkg/include/interfaces_pkg/interfaces_pkg/msg/detail/bounding_box2_d__rosidl_typesupport_fastrtps_c.h
[4.868s] -- Symlinking: /home/autolab/AutoSDV_HPC/install/interfaces_pkg/include/interfaces_pkg/interfaces_pkg/msg/detail/bounding_box3_d__rosidl_typesupport_fastrtps_c.h
[4.873s] -- Symlinking: /home/autolab/AutoSDV_HPC/install/interfaces_pkg/include/interfaces_pkg/interfaces_pkg/msg/detail/detection__rosidl_typesupport_fastrtps_c.h
[4.878s] -- Symlinking: /home/autolab/AutoSDV_HPC/install/interfaces_pkg/include/interfaces_pkg/interfaces_pkg/msg/detail/detection_array__rosidl_typesupport_fastrtps_c.h
[4.883s] -- Symlinking: /home/autolab/AutoSDV_HPC/install/interfaces_pkg/include/interfaces_pkg/interfaces_pkg/msg/detail/key_point2_d__rosidl_typesupport_fastrtps_c.h
[4.888s] -- Symlinking: /home/autolab/AutoSDV_HPC/install/interfaces_pkg/include/interfaces_pkg/interfaces_pkg/msg/detail/key_point2_d_array__rosidl_typesupport_fastrtps_c.h
[4.893s] -- Symlinking: /home/autolab/AutoSDV_HPC/install/interfaces_pkg/include/interfaces_pkg/interfaces_pkg/msg/detail/key_point3_d__rosidl_typesupport_fastrtps_c.h
[4.898s] -- Symlinking: /home/autolab/AutoSDV_HPC/install/interfaces_pkg/include/interfaces_pkg/interfaces_pkg/msg/detail/key_point3_d_array__rosidl_typesupport_fastrtps_c.h
[4.903s] -- Symlinking: /home/autolab/AutoSDV_HPC/install/interfaces_pkg/include/interfaces_pkg/interfaces_pkg/msg/detail/lane_info__rosidl_typesupport_fastrtps_c.h
[4.908s] -- Symlinking: /home/autolab/AutoSDV_HPC/install/interfaces_pkg/include/interfaces_pkg/interfaces_pkg/msg/detail/mask__rosidl_typesupport_fastrtps_c.h
[4.913s] -- Symlinking: /home/autolab/AutoSDV_HPC/install/interfaces_pkg/include/interfaces_pkg/interfaces_pkg/msg/detail/motion_command__rosidl_typesupport_fastrtps_c.h
[4.918s] -- Symlinking: /home/autolab/AutoSDV_HPC/install/interfaces_pkg/include/interfaces_pkg/interfaces_pkg/msg/detail/path_planning_result__rosidl_typesupport_fastrtps_c.h
[4.923s] -- Symlinking: /home/autolab/AutoSDV_HPC/install/interfaces_pkg/include/interfaces_pkg/interfaces_pkg/msg/detail/point2_d__rosidl_typesupport_fastrtps_c.h
[4.928s] -- Symlinking: /home/autolab/AutoSDV_HPC/install/interfaces_pkg/include/interfaces_pkg/interfaces_pkg/msg/detail/pose2_d__rosidl_typesupport_fastrtps_c.h
[4.933s] -- Symlinking: /home/autolab/AutoSDV_HPC/install/interfaces_pkg/include/interfaces_pkg/interfaces_pkg/msg/detail/target_point__rosidl_typesupport_fastrtps_c.h
[4.939s] -- Symlinking: /home/autolab/AutoSDV_HPC/install/interfaces_pkg/include/interfaces_pkg/interfaces_pkg/msg/detail/vector2__rosidl_typesupport_fastrtps_c.h
[4.944s] -- Symlinking: /home/autolab/AutoSDV_HPC/install/interfaces_pkg/include/interfaces_pkg/interfaces_pkg/msg/rosidl_typesupport_fastrtps_c__visibility_control.h
[4.949s] -- Symlinking: /home/autolab/AutoSDV_HPC/install/interfaces_pkg/include/interfaces_pkg/interfaces_pkg/msg/detail/bounding_box2_d__rosidl_typesupport_introspection_c.h
[4.954s] -- Symlinking: /home/autolab/AutoSDV_HPC/install/interfaces_pkg/include/interfaces_pkg/interfaces_pkg/msg/detail/bounding_box3_d__rosidl_typesupport_introspection_c.h
[4.959s] -- Symlinking: /home/autolab/AutoSDV_HPC/install/interfaces_pkg/include/interfaces_pkg/interfaces_pkg/msg/detail/detection__rosidl_typesupport_introspection_c.h
[4.965s] -- Symlinking: /home/autolab/AutoSDV_HPC/install/interfaces_pkg/include/interfaces_pkg/interfaces_pkg/msg/detail/detection_array__rosidl_typesupport_introspection_c.h
[4.969s] -- Symlinking: /home/autolab/AutoSDV_HPC/install/interfaces_pkg/include/interfaces_pkg/interfaces_pkg/msg/detail/key_point2_d__rosidl_typesupport_introspection_c.h
[4.974s] -- Symlinking: /home/autolab/AutoSDV_HPC/install/interfaces_pkg/include/interfaces_pkg/interfaces_pkg/msg/detail/key_point2_d_array__rosidl_typesupport_introspection_c.h
[4.979s] -- Symlinking: /home/autolab/AutoSDV_HPC/install/interfaces_pkg/include/interfaces_pkg/interfaces_pkg/msg/detail/key_point3_d__rosidl_typesupport_introspection_c.h
[4.984s] -- Symlinking: /home/autolab/AutoSDV_HPC/install/interfaces_pkg/include/interfaces_pkg/interfaces_pkg/msg/detail/key_point3_d_array__rosidl_typesupport_introspection_c.h
[4.989s] -- Symlinking: /home/autolab/AutoSDV_HPC/install/interfaces_pkg/include/interfaces_pkg/interfaces_pkg/msg/detail/lane_info__rosidl_typesupport_introspection_c.h
[4.994s] -- Symlinking: /home/autolab/AutoSDV_HPC/install/interfaces_pkg/include/interfaces_pkg/interfaces_pkg/msg/detail/mask__rosidl_typesupport_introspection_c.h
[5.000s] -- Symlinking: /home/autolab/AutoSDV_HPC/install/interfaces_pkg/include/interfaces_pkg/interfaces_pkg/msg/detail/motion_command__rosidl_typesupport_introspection_c.h
[5.005s] -- Symlinking: /home/autolab/AutoSDV_HPC/install/interfaces_pkg/include/interfaces_pkg/interfaces_pkg/msg/detail/path_planning_result__rosidl_typesupport_introspection_c.h
[5.010s] -- Symlinking: /home/autolab/AutoSDV_HPC/install/interfaces_pkg/include/interfaces_pkg/interfaces_pkg/msg/detail/point2_d__rosidl_typesupport_introspection_c.h
[5.015s] -- Symlinking: /home/autolab/AutoSDV_HPC/install/interfaces_pkg/include/interfaces_pkg/interfaces_pkg/msg/detail/pose2_d__rosidl_typesupport_introspection_c.h
[5.020s] -- Symlinking: /home/autolab/AutoSDV_HPC/install/interfaces_pkg/include/interfaces_pkg/interfaces_pkg/msg/detail/target_point__rosidl_typesupport_introspection_c.h
[5.025s] -- Symlinking: /home/autolab/AutoSDV_HPC/install/interfaces_pkg/include/interfaces_pkg/interfaces_pkg/msg/detail/vector2__rosidl_typesupport_introspection_c.h
[5.030s] -- Symlinking: /home/autolab/AutoSDV_HPC/install/interfaces_pkg/include/interfaces_pkg/interfaces_pkg/msg/rosidl_typesupport_introspection_c__visibility_control.h
[5.035s] -- Symlinking: /home/autolab/AutoSDV_HPC/install/interfaces_pkg/include/interfaces_pkg/interfaces_pkg/msg/bounding_box2_d.hpp
[5.040s] -- Symlinking: /home/autolab/AutoSDV_HPC/install/interfaces_pkg/include/interfaces_pkg/interfaces_pkg/msg/bounding_box3_d.hpp
[5.045s] -- Symlinking: /home/autolab/AutoSDV_HPC/install/interfaces_pkg/include/interfaces_pkg/interfaces_pkg/msg/detail/bounding_box2_d__builder.hpp
[5.050s] -- Symlinking: /home/autolab/AutoSDV_HPC/install/interfaces_pkg/include/interfaces_pkg/interfaces_pkg/msg/detail/bounding_box2_d__struct.hpp
[5.055s] -- Symlinking: /home/autolab/AutoSDV_HPC/install/interfaces_pkg/include/interfaces_pkg/interfaces_pkg/msg/detail/bounding_box2_d__traits.hpp
[5.060s] -- Symlinking: /home/autolab/AutoSDV_HPC/install/interfaces_pkg/include/interfaces_pkg/interfaces_pkg/msg/detail/bounding_box2_d__type_support.hpp
[5.065s] -- Symlinking: /home/autolab/AutoSDV_HPC/install/interfaces_pkg/include/interfaces_pkg/interfaces_pkg/msg/detail/bounding_box3_d__builder.hpp
[5.069s] -- Symlinking: /home/autolab/AutoSDV_HPC/install/interfaces_pkg/include/interfaces_pkg/interfaces_pkg/msg/detail/bounding_box3_d__struct.hpp
[5.075s] -- Symlinking: /home/autolab/AutoSDV_HPC/install/interfaces_pkg/include/interfaces_pkg/interfaces_pkg/msg/detail/bounding_box3_d__traits.hpp
[5.080s] -- Symlinking: /home/autolab/AutoSDV_HPC/install/interfaces_pkg/include/interfaces_pkg/interfaces_pkg/msg/detail/bounding_box3_d__type_support.hpp
[5.084s] -- Symlinking: /home/autolab/AutoSDV_HPC/install/interfaces_pkg/include/interfaces_pkg/interfaces_pkg/msg/detail/detection__builder.hpp
[5.089s] -- Symlinking: /home/autolab/AutoSDV_HPC/install/interfaces_pkg/include/interfaces_pkg/interfaces_pkg/msg/detail/detection__struct.hpp
[5.094s] -- Symlinking: /home/autolab/AutoSDV_HPC/install/interfaces_pkg/include/interfaces_pkg/interfaces_pkg/msg/detail/detection__traits.hpp
[5.099s] -- Symlinking: /home/autolab/AutoSDV_HPC/install/interfaces_pkg/include/interfaces_pkg/interfaces_pkg/msg/detail/detection__type_support.hpp
[5.105s] -- Symlinking: /home/autolab/AutoSDV_HPC/install/interfaces_pkg/include/interfaces_pkg/interfaces_pkg/msg/detail/detection_array__builder.hpp
[5.109s] -- Symlinking: /home/autolab/AutoSDV_HPC/install/interfaces_pkg/include/interfaces_pkg/interfaces_pkg/msg/detail/detection_array__struct.hpp
[5.114s] -- Symlinking: /home/autolab/AutoSDV_HPC/install/interfaces_pkg/include/interfaces_pkg/interfaces_pkg/msg/detail/detection_array__traits.hpp
[5.119s] -- Symlinking: /home/autolab/AutoSDV_HPC/install/interfaces_pkg/include/interfaces_pkg/interfaces_pkg/msg/detail/detection_array__type_support.hpp
[5.124s] -- Symlinking: /home/autolab/AutoSDV_HPC/install/interfaces_pkg/include/interfaces_pkg/interfaces_pkg/msg/detail/key_point2_d__builder.hpp
[5.129s] -- Symlinking: /home/autolab/AutoSDV_HPC/install/interfaces_pkg/include/interfaces_pkg/interfaces_pkg/msg/detail/key_point2_d__struct.hpp
[5.133s] -- Symlinking: /home/autolab/AutoSDV_HPC/install/interfaces_pkg/include/interfaces_pkg/interfaces_pkg/msg/detail/key_point2_d__traits.hpp
[5.139s] -- Symlinking: /home/autolab/AutoSDV_HPC/install/interfaces_pkg/include/interfaces_pkg/interfaces_pkg/msg/detail/key_point2_d__type_support.hpp
[5.144s] -- Symlinking: /home/autolab/AutoSDV_HPC/install/interfaces_pkg/include/interfaces_pkg/interfaces_pkg/msg/detail/key_point2_d_array__builder.hpp
[5.149s] -- Symlinking: /home/autolab/AutoSDV_HPC/install/interfaces_pkg/include/interfaces_pkg/interfaces_pkg/msg/detail/key_point2_d_array__struct.hpp
[5.154s] -- Symlinking: /home/autolab/AutoSDV_HPC/install/interfaces_pkg/include/interfaces_pkg/interfaces_pkg/msg/detail/key_point2_d_array__traits.hpp
[5.159s] -- Symlinking: /home/autolab/AutoSDV_HPC/install/interfaces_pkg/include/interfaces_pkg/interfaces_pkg/msg/detail/key_point2_d_array__type_support.hpp
[5.164s] -- Symlinking: /home/autolab/AutoSDV_HPC/install/interfaces_pkg/include/interfaces_pkg/interfaces_pkg/msg/detail/key_point3_d__builder.hpp
[5.169s] -- Symlinking: /home/autolab/AutoSDV_HPC/install/interfaces_pkg/include/interfaces_pkg/interfaces_pkg/msg/detail/key_point3_d__struct.hpp
[5.174s] -- Symlinking: /home/autolab/AutoSDV_HPC/install/interfaces_pkg/include/interfaces_pkg/interfaces_pkg/msg/detail/key_point3_d__traits.hpp
[5.179s] -- Symlinking: /home/autolab/AutoSDV_HPC/install/interfaces_pkg/include/interfaces_pkg/interfaces_pkg/msg/detail/key_point3_d__type_support.hpp
[5.184s] -- Symlinking: /home/autolab/AutoSDV_HPC/install/interfaces_pkg/include/interfaces_pkg/interfaces_pkg/msg/detail/key_point3_d_array__builder.hpp
[5.189s] -- Symlinking: /home/autolab/AutoSDV_HPC/install/interfaces_pkg/include/interfaces_pkg/interfaces_pkg/msg/detail/key_point3_d_array__struct.hpp
[5.194s] -- Symlinking: /home/autolab/AutoSDV_HPC/install/interfaces_pkg/include/interfaces_pkg/interfaces_pkg/msg/detail/key_point3_d_array__traits.hpp
[5.199s] -- Symlinking: /home/autolab/AutoSDV_HPC/install/interfaces_pkg/include/interfaces_pkg/interfaces_pkg/msg/detail/key_point3_d_array__type_support.hpp
[5.204s] -- Symlinking: /home/autolab/AutoSDV_HPC/install/interfaces_pkg/include/interfaces_pkg/interfaces_pkg/msg/detail/lane_info__builder.hpp
[5.209s] -- Symlinking: /home/autolab/AutoSDV_HPC/install/interfaces_pkg/include/interfaces_pkg/interfaces_pkg/msg/detail/lane_info__struct.hpp
[5.214s] -- Symlinking: /home/autolab/AutoSDV_HPC/install/interfaces_pkg/include/interfaces_pkg/interfaces_pkg/msg/detail/lane_info__traits.hpp
[5.219s] -- Symlinking: /home/autolab/AutoSDV_HPC/install/interfaces_pkg/include/interfaces_pkg/interfaces_pkg/msg/detail/lane_info__type_support.hpp
[5.225s] -- Symlinking: /home/autolab/AutoSDV_HPC/install/interfaces_pkg/include/interfaces_pkg/interfaces_pkg/msg/detail/mask__builder.hpp
[5.230s] -- Symlinking: /home/autolab/AutoSDV_HPC/install/interfaces_pkg/include/interfaces_pkg/interfaces_pkg/msg/detail/mask__struct.hpp
[5.235s] -- Symlinking: /home/autolab/AutoSDV_HPC/install/interfaces_pkg/include/interfaces_pkg/interfaces_pkg/msg/detail/mask__traits.hpp
[5.240s] -- Symlinking: /home/autolab/AutoSDV_HPC/install/interfaces_pkg/include/interfaces_pkg/interfaces_pkg/msg/detail/mask__type_support.hpp
[5.246s] -- Symlinking: /home/autolab/AutoSDV_HPC/install/interfaces_pkg/include/interfaces_pkg/interfaces_pkg/msg/detail/motion_command__builder.hpp
[5.250s] -- Symlinking: /home/autolab/AutoSDV_HPC/install/interfaces_pkg/include/interfaces_pkg/interfaces_pkg/msg/detail/motion_command__struct.hpp
[5.255s] -- Symlinking: /home/autolab/AutoSDV_HPC/install/interfaces_pkg/include/interfaces_pkg/interfaces_pkg/msg/detail/motion_command__traits.hpp
[5.260s] -- Symlinking: /home/autolab/AutoSDV_HPC/install/interfaces_pkg/include/interfaces_pkg/interfaces_pkg/msg/detail/motion_command__type_support.hpp
[5.265s] -- Symlinking: /home/autolab/AutoSDV_HPC/install/interfaces_pkg/include/interfaces_pkg/interfaces_pkg/msg/detail/path_planning_result__builder.hpp
[5.270s] -- Symlinking: /home/autolab/AutoSDV_HPC/install/interfaces_pkg/include/interfaces_pkg/interfaces_pkg/msg/detail/path_planning_result__struct.hpp
[5.275s] -- Symlinking: /home/autolab/AutoSDV_HPC/install/interfaces_pkg/include/interfaces_pkg/interfaces_pkg/msg/detail/path_planning_result__traits.hpp
[5.280s] -- Symlinking: /home/autolab/AutoSDV_HPC/install/interfaces_pkg/include/interfaces_pkg/interfaces_pkg/msg/detail/path_planning_result__type_support.hpp
[5.284s] -- Symlinking: /home/autolab/AutoSDV_HPC/install/interfaces_pkg/include/interfaces_pkg/interfaces_pkg/msg/detail/point2_d__builder.hpp
[5.290s] -- Symlinking: /home/autolab/AutoSDV_HPC/install/interfaces_pkg/include/interfaces_pkg/interfaces_pkg/msg/detail/point2_d__struct.hpp
[5.295s] -- Symlinking: /home/autolab/AutoSDV_HPC/install/interfaces_pkg/include/interfaces_pkg/interfaces_pkg/msg/detail/point2_d__traits.hpp
[5.300s] -- Symlinking: /home/autolab/AutoSDV_HPC/install/interfaces_pkg/include/interfaces_pkg/interfaces_pkg/msg/detail/point2_d__type_support.hpp
[5.305s] -- Symlinking: /home/autolab/AutoSDV_HPC/install/interfaces_pkg/include/interfaces_pkg/interfaces_pkg/msg/detail/pose2_d__builder.hpp
[5.311s] -- Symlinking: /home/autolab/AutoSDV_HPC/install/interfaces_pkg/include/interfaces_pkg/interfaces_pkg/msg/detail/pose2_d__struct.hpp
[5.316s] -- Symlinking: /home/autolab/AutoSDV_HPC/install/interfaces_pkg/include/interfaces_pkg/interfaces_pkg/msg/detail/pose2_d__traits.hpp
[5.321s] -- Symlinking: /home/autolab/AutoSDV_HPC/install/interfaces_pkg/include/interfaces_pkg/interfaces_pkg/msg/detail/pose2_d__type_support.hpp
[5.327s] -- Symlinking: /home/autolab/AutoSDV_HPC/install/interfaces_pkg/include/interfaces_pkg/interfaces_pkg/msg/detail/target_point__builder.hpp
[5.331s] -- Symlinking: /home/autolab/AutoSDV_HPC/install/interfaces_pkg/include/interfaces_pkg/interfaces_pkg/msg/detail/target_point__struct.hpp
[5.336s] -- Symlinking: /home/autolab/AutoSDV_HPC/install/interfaces_pkg/include/interfaces_pkg/interfaces_pkg/msg/detail/target_point__traits.hpp
[5.341s] -- Symlinking: /home/autolab/AutoSDV_HPC/install/interfaces_pkg/include/interfaces_pkg/interfaces_pkg/msg/detail/target_point__type_support.hpp
[5.346s] -- Symlinking: /home/autolab/AutoSDV_HPC/install/interfaces_pkg/include/interfaces_pkg/interfaces_pkg/msg/detail/vector2__builder.hpp
[5.352s] -- Symlinking: /home/autolab/AutoSDV_HPC/install/interfaces_pkg/include/interfaces_pkg/interfaces_pkg/msg/detail/vector2__struct.hpp
[5.357s] -- Symlinking: /home/autolab/AutoSDV_HPC/install/interfaces_pkg/include/interfaces_pkg/interfaces_pkg/msg/detail/vector2__traits.hpp
[5.362s] -- Symlinking: /home/autolab/AutoSDV_HPC/install/interfaces_pkg/include/interfaces_pkg/interfaces_pkg/msg/detail/vector2__type_support.hpp
[5.367s] -- Symlinking: /home/autolab/AutoSDV_HPC/install/interfaces_pkg/include/interfaces_pkg/interfaces_pkg/msg/detection.hpp
[5.372s] -- Symlinking: /home/autolab/AutoSDV_HPC/install/interfaces_pkg/include/interfaces_pkg/interfaces_pkg/msg/detection_array.hpp
[5.377s] -- Symlinking: /home/autolab/AutoSDV_HPC/install/interfaces_pkg/include/interfaces_pkg/interfaces_pkg/msg/key_point2_d.hpp
[5.382s] -- Symlinking: /home/autolab/AutoSDV_HPC/install/interfaces_pkg/include/interfaces_pkg/interfaces_pkg/msg/key_point2_d_array.hpp
[5.388s] -- Symlinking: /home/autolab/AutoSDV_HPC/install/interfaces_pkg/include/interfaces_pkg/interfaces_pkg/msg/key_point3_d.hpp
[5.393s] -- Symlinking: /home/autolab/AutoSDV_HPC/install/interfaces_pkg/include/interfaces_pkg/interfaces_pkg/msg/key_point3_d_array.hpp
[5.398s] -- Symlinking: /home/autolab/AutoSDV_HPC/install/interfaces_pkg/include/interfaces_pkg/interfaces_pkg/msg/lane_info.hpp
[5.403s] -- Symlinking: /home/autolab/AutoSDV_HPC/install/interfaces_pkg/include/interfaces_pkg/interfaces_pkg/msg/mask.hpp
[5.408s] -- Symlinking: /home/autolab/AutoSDV_HPC/install/interfaces_pkg/include/interfaces_pkg/interfaces_pkg/msg/motion_command.hpp
[5.413s] -- Symlinking: /home/autolab/AutoSDV_HPC/install/interfaces_pkg/include/interfaces_pkg/interfaces_pkg/msg/path_planning_result.hpp
[5.418s] -- Symlinking: /home/autolab/AutoSDV_HPC/install/interfaces_pkg/include/interfaces_pkg/interfaces_pkg/msg/point2_d.hpp
[5.423s] -- Symlinking: /home/autolab/AutoSDV_HPC/install/interfaces_pkg/include/interfaces_pkg/interfaces_pkg/msg/pose2_d.hpp
[5.428s] -- Symlinking: /home/autolab/AutoSDV_HPC/install/interfaces_pkg/include/interfaces_pkg/interfaces_pkg/msg/rosidl_generator_cpp__visibility_control.hpp
[5.433s] -- Symlinking: /home/autolab/AutoSDV_HPC/install/interfaces_pkg/include/interfaces_pkg/interfaces_pkg/msg/target_point.hpp
[5.438s] -- Symlinking: /home/autolab/AutoSDV_HPC/install/interfaces_pkg/include/interfaces_pkg/interfaces_pkg/msg/vector2.hpp
[5.445s] -- Symlinking: /home/autolab/AutoSDV_HPC/install/interfaces_pkg/include/interfaces_pkg/interfaces_pkg/msg/detail/bounding_box2_d__rosidl_typesupport_fastrtps_cpp.hpp
[5.449s] -- Symlinking: /home/autolab/AutoSDV_HPC/install/interfaces_pkg/include/interfaces_pkg/interfaces_pkg/msg/detail/bounding_box3_d__rosidl_typesupport_fastrtps_cpp.hpp
[5.455s] -- Symlinking: /home/autolab/AutoSDV_HPC/install/interfaces_pkg/include/interfaces_pkg/interfaces_pkg/msg/detail/detection__rosidl_typesupport_fastrtps_cpp.hpp
[5.461s] -- Symlinking: /home/autolab/AutoSDV_HPC/install/interfaces_pkg/include/interfaces_pkg/interfaces_pkg/msg/detail/detection_array__rosidl_typesupport_fastrtps_cpp.hpp
[5.466s] -- Symlinking: /home/autolab/AutoSDV_HPC/install/interfaces_pkg/include/interfaces_pkg/interfaces_pkg/msg/detail/key_point2_d__rosidl_typesupport_fastrtps_cpp.hpp
[5.470s] -- Symlinking: /home/autolab/AutoSDV_HPC/install/interfaces_pkg/include/interfaces_pkg/interfaces_pkg/msg/detail/key_point2_d_array__rosidl_typesupport_fastrtps_cpp.hpp
[5.476s] -- Symlinking: /home/autolab/AutoSDV_HPC/install/interfaces_pkg/include/interfaces_pkg/interfaces_pkg/msg/detail/key_point3_d__rosidl_typesupport_fastrtps_cpp.hpp
[5.480s] -- Symlinking: /home/autolab/AutoSDV_HPC/install/interfaces_pkg/include/interfaces_pkg/interfaces_pkg/msg/detail/key_point3_d_array__rosidl_typesupport_fastrtps_cpp.hpp
[5.486s] -- Symlinking: /home/autolab/AutoSDV_HPC/install/interfaces_pkg/include/interfaces_pkg/interfaces_pkg/msg/detail/lane_info__rosidl_typesupport_fastrtps_cpp.hpp
[5.491s] -- Symlinking: /home/autolab/AutoSDV_HPC/install/interfaces_pkg/include/interfaces_pkg/interfaces_pkg/msg/detail/mask__rosidl_typesupport_fastrtps_cpp.hpp
[5.497s] -- Symlinking: /home/autolab/AutoSDV_HPC/install/interfaces_pkg/include/interfaces_pkg/interfaces_pkg/msg/detail/motion_command__rosidl_typesupport_fastrtps_cpp.hpp
[5.502s] -- Symlinking: /home/autolab/AutoSDV_HPC/install/interfaces_pkg/include/interfaces_pkg/interfaces_pkg/msg/detail/path_planning_result__rosidl_typesupport_fastrtps_cpp.hpp
[5.508s] -- Symlinking: /home/autolab/AutoSDV_HPC/install/interfaces_pkg/include/interfaces_pkg/interfaces_pkg/msg/detail/point2_d__rosidl_typesupport_fastrtps_cpp.hpp
[5.513s] -- Symlinking: /home/autolab/AutoSDV_HPC/install/interfaces_pkg/include/interfaces_pkg/interfaces_pkg/msg/detail/pose2_d__rosidl_typesupport_fastrtps_cpp.hpp
[5.518s] -- Symlinking: /home/autolab/AutoSDV_HPC/install/interfaces_pkg/include/interfaces_pkg/interfaces_pkg/msg/detail/target_point__rosidl_typesupport_fastrtps_cpp.hpp
[5.523s] -- Symlinking: /home/autolab/AutoSDV_HPC/install/interfaces_pkg/include/interfaces_pkg/interfaces_pkg/msg/detail/vector2__rosidl_typesupport_fastrtps_cpp.hpp
[5.529s] -- Symlinking: /home/autolab/AutoSDV_HPC/install/interfaces_pkg/include/interfaces_pkg/interfaces_pkg/msg/rosidl_typesupport_fastrtps_cpp__visibility_control.h
[5.535s] -- Symlinking: /home/autolab/AutoSDV_HPC/install/interfaces_pkg/include/interfaces_pkg/interfaces_pkg/msg/detail/bounding_box2_d__rosidl_typesupport_introspection_cpp.hpp
[5.540s] -- Symlinking: /home/autolab/AutoSDV_HPC/install/interfaces_pkg/include/interfaces_pkg/interfaces_pkg/msg/detail/bounding_box3_d__rosidl_typesupport_introspection_cpp.hpp
[5.546s] -- Symlinking: /home/autolab/AutoSDV_HPC/install/interfaces_pkg/include/interfaces_pkg/interfaces_pkg/msg/detail/detection__rosidl_typesupport_introspection_cpp.hpp
[5.551s] -- Symlinking: /home/autolab/AutoSDV_HPC/install/interfaces_pkg/include/interfaces_pkg/interfaces_pkg/msg/detail/detection_array__rosidl_typesupport_introspection_cpp.hpp
[5.556s] -- Symlinking: /home/autolab/AutoSDV_HPC/install/interfaces_pkg/include/interfaces_pkg/interfaces_pkg/msg/detail/key_point2_d__rosidl_typesupport_introspection_cpp.hpp
[5.561s] -- Symlinking: /home/autolab/AutoSDV_HPC/install/interfaces_pkg/include/interfaces_pkg/interfaces_pkg/msg/detail/key_point2_d_array__rosidl_typesupport_introspection_cpp.hpp
[5.566s] -- Symlinking: /home/autolab/AutoSDV_HPC/install/interfaces_pkg/include/interfaces_pkg/interfaces_pkg/msg/detail/key_point3_d__rosidl_typesupport_introspection_cpp.hpp
[5.571s] -- Symlinking: /home/autolab/AutoSDV_HPC/install/interfaces_pkg/include/interfaces_pkg/interfaces_pkg/msg/detail/key_point3_d_array__rosidl_typesupport_introspection_cpp.hpp
[5.576s] -- Symlinking: /home/autolab/AutoSDV_HPC/install/interfaces_pkg/include/interfaces_pkg/interfaces_pkg/msg/detail/lane_info__rosidl_typesupport_introspection_cpp.hpp
[5.581s] -- Symlinking: /home/autolab/AutoSDV_HPC/install/interfaces_pkg/include/interfaces_pkg/interfaces_pkg/msg/detail/mask__rosidl_typesupport_introspection_cpp.hpp
[5.586s] -- Symlinking: /home/autolab/AutoSDV_HPC/install/interfaces_pkg/include/interfaces_pkg/interfaces_pkg/msg/detail/motion_command__rosidl_typesupport_introspection_cpp.hpp
[5.591s] -- Symlinking: /home/autolab/AutoSDV_HPC/install/interfaces_pkg/include/interfaces_pkg/interfaces_pkg/msg/detail/path_planning_result__rosidl_typesupport_introspection_cpp.hpp
[5.596s] -- Symlinking: /home/autolab/AutoSDV_HPC/install/interfaces_pkg/include/interfaces_pkg/interfaces_pkg/msg/detail/point2_d__rosidl_typesupport_introspection_cpp.hpp
[5.601s] -- Symlinking: /home/autolab/AutoSDV_HPC/install/interfaces_pkg/include/interfaces_pkg/interfaces_pkg/msg/detail/pose2_d__rosidl_typesupport_introspection_cpp.hpp
[5.606s] -- Symlinking: /home/autolab/AutoSDV_HPC/install/interfaces_pkg/include/interfaces_pkg/interfaces_pkg/msg/detail/target_point__rosidl_typesupport_introspection_cpp.hpp
[5.611s] -- Symlinking: /home/autolab/AutoSDV_HPC/install/interfaces_pkg/include/interfaces_pkg/interfaces_pkg/msg/detail/vector2__rosidl_typesupport_introspection_cpp.hpp
[5.616s] -- Symlinking: /home/autolab/AutoSDV_HPC/install/interfaces_pkg/share/interfaces_pkg/environment/pythonpath.sh
[5.621s] -- Symlinking: /home/autolab/AutoSDV_HPC/install/interfaces_pkg/share/interfaces_pkg/environment/pythonpath.dsv
[5.626s] -- Symlinking: /home/autolab/AutoSDV_HPC/install/interfaces_pkg/local/lib/python3.10/dist-packages/interfaces_pkg-0.0.0-py3.10.egg-info/PKG-INFO
[5.631s] -- Symlinking: /home/autolab/AutoSDV_HPC/install/interfaces_pkg/local/lib/python3.10/dist-packages/interfaces_pkg-0.0.0-py3.10.egg-info/SOURCES.txt
[5.637s] -- Symlinking: /home/autolab/AutoSDV_HPC/install/interfaces_pkg/local/lib/python3.10/dist-packages/interfaces_pkg-0.0.0-py3.10.egg-info/dependency_links.txt
[5.642s] -- Symlinking: /home/autolab/AutoSDV_HPC/install/interfaces_pkg/local/lib/python3.10/dist-packages/interfaces_pkg-0.0.0-py3.10.egg-info/top_level.txt
[5.648s] -- Symlinking: /home/autolab/AutoSDV_HPC/install/interfaces_pkg/local/lib/python3.10/dist-packages/interfaces_pkg/__init__.py
[5.653s] -- Symlinking: /home/autolab/AutoSDV_HPC/install/interfaces_pkg/local/lib/python3.10/dist-packages/interfaces_pkg/_interfaces_pkg_s.ep.rosidl_typesupport_c.c
[5.658s] -- Symlinking: /home/autolab/AutoSDV_HPC/install/interfaces_pkg/local/lib/python3.10/dist-packages/interfaces_pkg/_interfaces_pkg_s.ep.rosidl_typesupport_fastrtps_c.c
[5.663s] -- Symlinking: /home/autolab/AutoSDV_HPC/install/interfaces_pkg/local/lib/python3.10/dist-packages/interfaces_pkg/_interfaces_pkg_s.ep.rosidl_typesupport_introspection_c.c
[5.669s] -- Symlinking: /home/autolab/AutoSDV_HPC/install/interfaces_pkg/local/lib/python3.10/dist-packages/interfaces_pkg/interfaces_pkg_s__rosidl_typesupport_c.cpython-310-x86_64-linux-gnu.so
[5.674s] -- Symlinking: /home/autolab/AutoSDV_HPC/install/interfaces_pkg/local/lib/python3.10/dist-packages/interfaces_pkg/interfaces_pkg_s__rosidl_typesupport_fastrtps_c.cpython-310-x86_64-linux-gnu.so
[5.680s] -- Symlinking: /home/autolab/AutoSDV_HPC/install/interfaces_pkg/local/lib/python3.10/dist-packages/interfaces_pkg/interfaces_pkg_s__rosidl_typesupport_introspection_c.cpython-310-x86_64-linux-gnu.so
[5.684s] -- Symlinking: /home/autolab/AutoSDV_HPC/install/interfaces_pkg/local/lib/python3.10/dist-packages/interfaces_pkg/libinterfaces_pkg__rosidl_generator_py.so
[5.690s] -- Symlinking: /home/autolab/AutoSDV_HPC/install/interfaces_pkg/local/lib/python3.10/dist-packages/interfaces_pkg/msg/__init__.py
[5.695s] -- Symlinking: /home/autolab/AutoSDV_HPC/install/interfaces_pkg/local/lib/python3.10/dist-packages/interfaces_pkg/msg/_bounding_box2_d.py
[5.700s] -- Symlinking: /home/autolab/AutoSDV_HPC/install/interfaces_pkg/local/lib/python3.10/dist-packages/interfaces_pkg/msg/_bounding_box2_d_s.c
[5.705s] -- Symlinking: /home/autolab/AutoSDV_HPC/install/interfaces_pkg/local/lib/python3.10/dist-packages/interfaces_pkg/msg/_bounding_box3_d.py
[5.710s] -- Symlinking: /home/autolab/AutoSDV_HPC/install/interfaces_pkg/local/lib/python3.10/dist-packages/interfaces_pkg/msg/_bounding_box3_d_s.c
[5.715s] -- Symlinking: /home/autolab/AutoSDV_HPC/install/interfaces_pkg/local/lib/python3.10/dist-packages/interfaces_pkg/msg/_detection.py
[5.720s] -- Symlinking: /home/autolab/AutoSDV_HPC/install/interfaces_pkg/local/lib/python3.10/dist-packages/interfaces_pkg/msg/_detection_array.py
[5.725s] -- Symlinking: /home/autolab/AutoSDV_HPC/install/interfaces_pkg/local/lib/python3.10/dist-packages/interfaces_pkg/msg/_detection_array_s.c
[5.731s] -- Symlinking: /home/autolab/AutoSDV_HPC/install/interfaces_pkg/local/lib/python3.10/dist-packages/interfaces_pkg/msg/_detection_s.c
[5.736s] -- Symlinking: /home/autolab/AutoSDV_HPC/install/interfaces_pkg/local/lib/python3.10/dist-packages/interfaces_pkg/msg/_key_point2_d.py
[5.741s] -- Symlinking: /home/autolab/AutoSDV_HPC/install/interfaces_pkg/local/lib/python3.10/dist-packages/interfaces_pkg/msg/_key_point2_d_array.py
[5.747s] -- Symlinking: /home/autolab/AutoSDV_HPC/install/interfaces_pkg/local/lib/python3.10/dist-packages/interfaces_pkg/msg/_key_point2_d_array_s.c
[5.752s] -- Symlinking: /home/autolab/AutoSDV_HPC/install/interfaces_pkg/local/lib/python3.10/dist-packages/interfaces_pkg/msg/_key_point2_d_s.c
[5.757s] -- Symlinking: /home/autolab/AutoSDV_HPC/install/interfaces_pkg/local/lib/python3.10/dist-packages/interfaces_pkg/msg/_key_point3_d.py
[5.762s] -- Symlinking: /home/autolab/AutoSDV_HPC/install/interfaces_pkg/local/lib/python3.10/dist-packages/interfaces_pkg/msg/_key_point3_d_array.py
[5.767s] -- Symlinking: /home/autolab/AutoSDV_HPC/install/interfaces_pkg/local/lib/python3.10/dist-packages/interfaces_pkg/msg/_key_point3_d_array_s.c
[5.772s] -- Symlinking: /home/autolab/AutoSDV_HPC/install/interfaces_pkg/local/lib/python3.10/dist-packages/interfaces_pkg/msg/_key_point3_d_s.c
[5.778s] -- Symlinking: /home/autolab/AutoSDV_HPC/install/interfaces_pkg/local/lib/python3.10/dist-packages/interfaces_pkg/msg/_lane_info.py
[5.783s] -- Symlinking: /home/autolab/AutoSDV_HPC/install/interfaces_pkg/local/lib/python3.10/dist-packages/interfaces_pkg/msg/_lane_info_s.c
[5.789s] -- Symlinking: /home/autolab/AutoSDV_HPC/install/interfaces_pkg/local/lib/python3.10/dist-packages/interfaces_pkg/msg/_mask.py
[5.794s] -- Symlinking: /home/autolab/AutoSDV_HPC/install/interfaces_pkg/local/lib/python3.10/dist-packages/interfaces_pkg/msg/_mask_s.c
[5.798s] -- Symlinking: /home/autolab/AutoSDV_HPC/install/interfaces_pkg/local/lib/python3.10/dist-packages/interfaces_pkg/msg/_motion_command.py
[5.804s] -- Symlinking: /home/autolab/AutoSDV_HPC/install/interfaces_pkg/local/lib/python3.10/dist-packages/interfaces_pkg/msg/_motion_command_s.c
[5.810s] -- Symlinking: /home/autolab/AutoSDV_HPC/install/interfaces_pkg/local/lib/python3.10/dist-packages/interfaces_pkg/msg/_path_planning_result.py
[5.815s] -- Symlinking: /home/autolab/AutoSDV_HPC/install/interfaces_pkg/local/lib/python3.10/dist-packages/interfaces_pkg/msg/_path_planning_result_s.c
[5.821s] -- Symlinking: /home/autolab/AutoSDV_HPC/install/interfaces_pkg/local/lib/python3.10/dist-packages/interfaces_pkg/msg/_point2_d.py
[5.826s] -- Symlinking: /home/autolab/AutoSDV_HPC/install/interfaces_pkg/local/lib/python3.10/dist-packages/interfaces_pkg/msg/_point2_d_s.c
[5.832s] -- Symlinking: /home/autolab/AutoSDV_HPC/install/interfaces_pkg/local/lib/python3.10/dist-packages/interfaces_pkg/msg/_pose2_d.py
[5.837s] -- Symlinking: /home/autolab/AutoSDV_HPC/install/interfaces_pkg/local/lib/python3.10/dist-packages/interfaces_pkg/msg/_pose2_d_s.c
[5.842s] -- Symlinking: /home/autolab/AutoSDV_HPC/install/interfaces_pkg/local/lib/python3.10/dist-packages/interfaces_pkg/msg/_target_point.py
[5.847s] -- Symlinking: /home/autolab/AutoSDV_HPC/install/interfaces_pkg/local/lib/python3.10/dist-packages/interfaces_pkg/msg/_target_point_s.c
[5.852s] -- Symlinking: /home/autolab/AutoSDV_HPC/install/interfaces_pkg/local/lib/python3.10/dist-packages/interfaces_pkg/msg/_vector2.py
[5.858s] -- Symlinking: /home/autolab/AutoSDV_HPC/install/interfaces_pkg/local/lib/python3.10/dist-packages/interfaces_pkg/msg/_vector2_s.c
[5.864s] -- Up-to-date symlink: /home/autolab/AutoSDV_HPC/install/interfaces_pkg/local/lib/python3.10/dist-packages/interfaces_pkg/interfaces_pkg_s__rosidl_typesupport_fastrtps_c.cpython-310-x86_64-linux-gnu.so
[5.864s] -- Up-to-date symlink: /home/autolab/AutoSDV_HPC/install/interfaces_pkg/local/lib/python3.10/dist-packages/interfaces_pkg/interfaces_pkg_s__rosidl_typesupport_introspection_c.cpython-310-x86_64-linux-gnu.so
[5.864s] -- Up-to-date symlink: /home/autolab/AutoSDV_HPC/install/interfaces_pkg/local/lib/python3.10/dist-packages/interfaces_pkg/interfaces_pkg_s__rosidl_typesupport_c.cpython-310-x86_64-linux-gnu.so
[5.864s] -- Symlinking: /home/autolab/AutoSDV_HPC/install/interfaces_pkg/share/interfaces_pkg/msg/Point2D.idl
[5.870s] -- Symlinking: /home/autolab/AutoSDV_HPC/install/interfaces_pkg/share/interfaces_pkg/msg/Vector2.idl
[5.875s] -- Symlinking: /home/autolab/AutoSDV_HPC/install/interfaces_pkg/share/interfaces_pkg/msg/Pose2D.idl
[5.881s] -- Symlinking: /home/autolab/AutoSDV_HPC/install/interfaces_pkg/share/interfaces_pkg/msg/BoundingBox2D.idl
[5.886s] -- Symlinking: /home/autolab/AutoSDV_HPC/install/interfaces_pkg/share/interfaces_pkg/msg/BoundingBox3D.idl
[5.891s] -- Symlinking: /home/autolab/AutoSDV_HPC/install/interfaces_pkg/share/interfaces_pkg/msg/Mask.idl
[5.897s] -- Symlinking: /home/autolab/AutoSDV_HPC/install/interfaces_pkg/share/interfaces_pkg/msg/KeyPoint2D.idl
[5.902s] -- Symlinking: /home/autolab/AutoSDV_HPC/install/interfaces_pkg/share/interfaces_pkg/msg/KeyPoint2DArray.idl
[5.907s] -- Symlinking: /home/autolab/AutoSDV_HPC/install/interfaces_pkg/share/interfaces_pkg/msg/KeyPoint3D.idl
[5.912s] -- Symlinking: /home/autolab/AutoSDV_HPC/install/interfaces_pkg/share/interfaces_pkg/msg/KeyPoint3DArray.idl
[5.917s] -- Symlinking: /home/autolab/AutoSDV_HPC/install/interfaces_pkg/share/interfaces_pkg/msg/Detection.idl
[5.922s] -- Symlinking: /home/autolab/AutoSDV_HPC/install/interfaces_pkg/share/interfaces_pkg/msg/DetectionArray.idl
[5.927s] -- Symlinking: /home/autolab/AutoSDV_HPC/install/interfaces_pkg/share/interfaces_pkg/msg/LaneInfo.idl
[5.933s] -- Symlinking: /home/autolab/AutoSDV_HPC/install/interfaces_pkg/share/interfaces_pkg/msg/MotionCommand.idl
[5.939s] -- Symlinking: /home/autolab/AutoSDV_HPC/install/interfaces_pkg/share/interfaces_pkg/msg/TargetPoint.idl
[5.944s] -- Symlinking: /home/autolab/AutoSDV_HPC/install/interfaces_pkg/share/interfaces_pkg/msg/PathPlanningResult.idl
[5.949s] -- Symlinking: /home/autolab/AutoSDV_HPC/install/interfaces_pkg/share/interfaces_pkg/msg/Point2D.msg
[5.954s] -- Symlinking: /home/autolab/AutoSDV_HPC/install/interfaces_pkg/share/interfaces_pkg/msg/Vector2.msg
[5.959s] -- Symlinking: /home/autolab/AutoSDV_HPC/install/interfaces_pkg/share/interfaces_pkg/msg/Pose2D.msg
[5.964s] -- Symlinking: /home/autolab/AutoSDV_HPC/install/interfaces_pkg/share/interfaces_pkg/msg/BoundingBox2D.msg
[5.969s] -- Symlinking: /home/autolab/AutoSDV_HPC/install/interfaces_pkg/share/interfaces_pkg/msg/BoundingBox3D.msg
[5.975s] -- Symlinking: /home/autolab/AutoSDV_HPC/install/interfaces_pkg/share/interfaces_pkg/msg/Mask.msg
[5.980s] -- Symlinking: /home/autolab/AutoSDV_HPC/install/interfaces_pkg/share/interfaces_pkg/msg/KeyPoint2D.msg
[5.985s] -- Symlinking: /home/autolab/AutoSDV_HPC/install/interfaces_pkg/share/interfaces_pkg/msg/KeyPoint2DArray.msg
[5.990s] -- Symlinking: /home/autolab/AutoSDV_HPC/install/interfaces_pkg/share/interfaces_pkg/msg/KeyPoint3D.msg
[5.996s] -- Symlinking: /home/autolab/AutoSDV_HPC/install/interfaces_pkg/share/interfaces_pkg/msg/KeyPoint3DArray.msg
[6.001s] -- Symlinking: /home/autolab/AutoSDV_HPC/install/interfaces_pkg/share/interfaces_pkg/msg/Detection.msg
[6.006s] -- Symlinking: /home/autolab/AutoSDV_HPC/install/interfaces_pkg/share/interfaces_pkg/msg/DetectionArray.msg
[6.011s] -- Symlinking: /home/autolab/AutoSDV_HPC/install/interfaces_pkg/share/interfaces_pkg/msg/LaneInfo.msg
[6.016s] -- Symlinking: /home/autolab/AutoSDV_HPC/install/interfaces_pkg/share/interfaces_pkg/msg/MotionCommand.msg
[6.022s] -- Symlinking: /home/autolab/AutoSDV_HPC/install/interfaces_pkg/share/interfaces_pkg/msg/TargetPoint.msg
[6.027s] -- Symlinking: /home/autolab/AutoSDV_HPC/install/interfaces_pkg/share/interfaces_pkg/msg/PathPlanningResult.msg
[6.033s] -- Symlinking: /home/autolab/AutoSDV_HPC/install/interfaces_pkg/share/ament_index/resource_index/package_run_dependencies/interfaces_pkg
[6.038s] -- Symlinking: /home/autolab/AutoSDV_HPC/install/interfaces_pkg/share/ament_index/resource_index/parent_prefix_path/interfaces_pkg
[6.044s] -- Symlinking: /home/autolab/AutoSDV_HPC/install/interfaces_pkg/share/interfaces_pkg/environment/ament_prefix_path.sh
[6.049s] -- Symlinking: /home/autolab/AutoSDV_HPC/install/interfaces_pkg/share/interfaces_pkg/environment/ament_prefix_path.dsv
[6.054s] -- Symlinking: /home/autolab/AutoSDV_HPC/install/interfaces_pkg/share/interfaces_pkg/environment/path.sh
[6.059s] -- Symlinking: /home/autolab/AutoSDV_HPC/install/interfaces_pkg/share/interfaces_pkg/environment/path.dsv
[6.065s] -- Symlinking: /home/autolab/AutoSDV_HPC/install/interfaces_pkg/share/interfaces_pkg/local_setup.bash
[6.070s] -- Symlinking: /home/autolab/AutoSDV_HPC/install/interfaces_pkg/share/interfaces_pkg/local_setup.sh
[6.075s] -- Symlinking: /home/autolab/AutoSDV_HPC/install/interfaces_pkg/share/interfaces_pkg/local_setup.zsh
[6.080s] -- Symlinking: /home/autolab/AutoSDV_HPC/install/interfaces_pkg/share/interfaces_pkg/local_setup.dsv
[6.085s] -- Symlinking: /home/autolab/AutoSDV_HPC/install/interfaces_pkg/share/interfaces_pkg/package.dsv
[6.090s] -- Symlinking: /home/autolab/AutoSDV_HPC/install/interfaces_pkg/share/ament_index/resource_index/packages/interfaces_pkg
[6.096s] -- Symlinking: /home/autolab/AutoSDV_HPC/install/interfaces_pkg/share/interfaces_pkg/cmake/rosidl_cmake-extras.cmake
[6.102s] -- Symlinking: /home/autolab/AutoSDV_HPC/install/interfaces_pkg/share/interfaces_pkg/cmake/ament_cmake_export_dependencies-extras.cmake
[6.106s] -- Symlinking: /home/autolab/AutoSDV_HPC/install/interfaces_pkg/share/interfaces_pkg/cmake/ament_cmake_export_include_directories-extras.cmake
[6.111s] -- Symlinking: /home/autolab/AutoSDV_HPC/install/interfaces_pkg/share/interfaces_pkg/cmake/ament_cmake_export_libraries-extras.cmake
[6.117s] -- Symlinking: /home/autolab/AutoSDV_HPC/install/interfaces_pkg/share/interfaces_pkg/cmake/ament_cmake_export_targets-extras.cmake
[6.122s] -- Symlinking: /home/autolab/AutoSDV_HPC/install/interfaces_pkg/share/interfaces_pkg/cmake/rosidl_cmake_export_typesupport_targets-extras.cmake
[6.128s] -- Symlinking: /home/autolab/AutoSDV_HPC/install/interfaces_pkg/share/interfaces_pkg/cmake/rosidl_cmake_export_typesupport_libraries-extras.cmake
[6.134s] -- Symlinking: /home/autolab/AutoSDV_HPC/install/interfaces_pkg/share/interfaces_pkg/cmake/interfaces_pkgConfig.cmake
[6.139s] -- Symlinking: /home/autolab/AutoSDV_HPC/install/interfaces_pkg/share/interfaces_pkg/cmake/interfaces_pkgConfig-version.cmake
[6.145s] -- Symlinking: /home/autolab/AutoSDV_HPC/install/interfaces_pkg/share/interfaces_pkg/package.xml
[6.150s] -- Installing: /home/autolab/AutoSDV_HPC/install/interfaces_pkg/lib/libinterfaces_pkg__rosidl_generator_c.so
[6.150s] -- Set runtime path of "/home/autolab/AutoSDV_HPC/install/interfaces_pkg/lib/libinterfaces_pkg__rosidl_generator_c.so" to ""
[6.150s] -- Installing: /home/autolab/AutoSDV_HPC/install/interfaces_pkg/lib/libinterfaces_pkg__rosidl_typesupport_fastrtps_c.so
[6.151s] -- Set runtime path of "/home/autolab/AutoSDV_HPC/install/interfaces_pkg/lib/libinterfaces_pkg__rosidl_typesupport_fastrtps_c.so" to ""
[6.151s] -- Installing: /home/autolab/AutoSDV_HPC/install/interfaces_pkg/lib/libinterfaces_pkg__rosidl_typesupport_introspection_c.so
[6.151s] -- Set runtime path of "/home/autolab/AutoSDV_HPC/install/interfaces_pkg/lib/libinterfaces_pkg__rosidl_typesupport_introspection_c.so" to ""
[6.151s] -- Installing: /home/autolab/AutoSDV_HPC/install/interfaces_pkg/lib/libinterfaces_pkg__rosidl_typesupport_c.so
[6.151s] -- Set runtime path of "/home/autolab/AutoSDV_HPC/install/interfaces_pkg/lib/libinterfaces_pkg__rosidl_typesupport_c.so" to ""
[6.151s] -- Installing: /home/autolab/AutoSDV_HPC/install/interfaces_pkg/lib/libinterfaces_pkg__rosidl_typesupport_fastrtps_cpp.so
[6.152s] -- Set runtime path of "/home/autolab/AutoSDV_HPC/install/interfaces_pkg/lib/libinterfaces_pkg__rosidl_typesupport_fastrtps_cpp.so" to ""
[6.152s] -- Installing: /home/autolab/AutoSDV_HPC/install/interfaces_pkg/lib/libinterfaces_pkg__rosidl_typesupport_introspection_cpp.so
[6.152s] -- Set runtime path of "/home/autolab/AutoSDV_HPC/install/interfaces_pkg/lib/libinterfaces_pkg__rosidl_typesupport_introspection_cpp.so" to ""
[6.152s] -- Installing: /home/autolab/AutoSDV_HPC/install/interfaces_pkg/lib/libinterfaces_pkg__rosidl_typesupport_cpp.so
[6.152s] -- Set runtime path of "/home/autolab/AutoSDV_HPC/install/interfaces_pkg/lib/libinterfaces_pkg__rosidl_typesupport_cpp.so" to ""
[6.179s] Listing '/home/autolab/AutoSDV_HPC/install/interfaces_pkg/local/lib/python3.10/dist-packages/interfaces_pkg'...
[6.179s] Compiling '/home/autolab/AutoSDV_HPC/install/interfaces_pkg/local/lib/python3.10/dist-packages/interfaces_pkg/__init__.py'...
[6.179s] Listing '/home/autolab/AutoSDV_HPC/install/interfaces_pkg/local/lib/python3.10/dist-packages/interfaces_pkg/msg'...
[6.179s] Compiling '/home/autolab/AutoSDV_HPC/install/interfaces_pkg/local/lib/python3.10/dist-packages/interfaces_pkg/msg/__init__.py'...
[6.179s] Compiling '/home/autolab/AutoSDV_HPC/install/interfaces_pkg/local/lib/python3.10/dist-packages/interfaces_pkg/msg/_bounding_box2_d.py'...
[6.179s] Compiling '/home/autolab/AutoSDV_HPC/install/interfaces_pkg/local/lib/python3.10/dist-packages/interfaces_pkg/msg/_bounding_box3_d.py'...
[6.179s] Compiling '/home/autolab/AutoSDV_HPC/install/interfaces_pkg/local/lib/python3.10/dist-packages/interfaces_pkg/msg/_detection.py'...
[6.180s] Compiling '/home/autolab/AutoSDV_HPC/install/interfaces_pkg/local/lib/python3.10/dist-packages/interfaces_pkg/msg/_detection_array.py'...
[6.180s] Compiling '/home/autolab/AutoSDV_HPC/install/interfaces_pkg/local/lib/python3.10/dist-packages/interfaces_pkg/msg/_key_point2_d.py'...
[6.180s] Compiling '/home/autolab/AutoSDV_HPC/install/interfaces_pkg/local/lib/python3.10/dist-packages/interfaces_pkg/msg/_key_point2_d_array.py'...
[6.180s] Compiling '/home/autolab/AutoSDV_HPC/install/interfaces_pkg/local/lib/python3.10/dist-packages/interfaces_pkg/msg/_key_point3_d.py'...
[6.180s] Compiling '/home/autolab/AutoSDV_HPC/install/interfaces_pkg/local/lib/python3.10/dist-packages/interfaces_pkg/msg/_key_point3_d_array.py'...
[6.180s] Compiling '/home/autolab/AutoSDV_HPC/install/interfaces_pkg/local/lib/python3.10/dist-packages/interfaces_pkg/msg/_lane_info.py'...
[6.180s] Compiling '/home/autolab/AutoSDV_HPC/install/interfaces_pkg/local/lib/python3.10/dist-packages/interfaces_pkg/msg/_mask.py'...
[6.180s] Compiling '/home/autolab/AutoSDV_HPC/install/interfaces_pkg/local/lib/python3.10/dist-packages/interfaces_pkg/msg/_motion_command.py'...
[6.180s] Compiling '/home/autolab/AutoSDV_HPC/install/interfaces_pkg/local/lib/python3.10/dist-packages/interfaces_pkg/msg/_path_planning_result.py'...
[6.180s] Compiling '/home/autolab/AutoSDV_HPC/install/interfaces_pkg/local/lib/python3.10/dist-packages/interfaces_pkg/msg/_point2_d.py'...
[6.180s] Compiling '/home/autolab/AutoSDV_HPC/install/interfaces_pkg/local/lib/python3.10/dist-packages/interfaces_pkg/msg/_pose2_d.py'...
[6.180s] Compiling '/home/autolab/AutoSDV_HPC/install/interfaces_pkg/local/lib/python3.10/dist-packages/interfaces_pkg/msg/_target_point.py'...
[6.180s] Compiling '/home/autolab/AutoSDV_HPC/install/interfaces_pkg/local/lib/python3.10/dist-packages/interfaces_pkg/msg/_vector2.py'...
[6.182s] -- Installing: /home/autolab/AutoSDV_HPC/install/interfaces_pkg/lib/libinterfaces_pkg__rosidl_generator_py.so
[6.182s] -- Set runtime path of "/home/autolab/AutoSDV_HPC/install/interfaces_pkg/lib/libinterfaces_pkg__rosidl_generator_py.so" to ""
[6.182s] -- Installing: /home/autolab/AutoSDV_HPC/install/interfaces_pkg/share/interfaces_pkg/cmake/export_interfaces_pkg__rosidl_generator_cExport.cmake
[6.183s] -- Installing: /home/autolab/AutoSDV_HPC/install/interfaces_pkg/share/interfaces_pkg/cmake/export_interfaces_pkg__rosidl_generator_cExport-noconfig.cmake
[6.183s] -- Installing: /home/autolab/AutoSDV_HPC/install/interfaces_pkg/share/interfaces_pkg/cmake/export_interfaces_pkg__rosidl_typesupport_fastrtps_cExport.cmake
[6.183s] -- Installing: /home/autolab/AutoSDV_HPC/install/interfaces_pkg/share/interfaces_pkg/cmake/export_interfaces_pkg__rosidl_typesupport_fastrtps_cExport-noconfig.cmake
[6.183s] -- Installing: /home/autolab/AutoSDV_HPC/install/interfaces_pkg/share/interfaces_pkg/cmake/interfaces_pkg__rosidl_typesupport_introspection_cExport.cmake
[6.183s] -- Installing: /home/autolab/AutoSDV_HPC/install/interfaces_pkg/share/interfaces_pkg/cmake/interfaces_pkg__rosidl_typesupport_introspection_cExport-noconfig.cmake
[6.183s] -- Installing: /home/autolab/AutoSDV_HPC/install/interfaces_pkg/share/interfaces_pkg/cmake/interfaces_pkg__rosidl_typesupport_cExport.cmake
[6.183s] -- Installing: /home/autolab/AutoSDV_HPC/install/interfaces_pkg/share/interfaces_pkg/cmake/interfaces_pkg__rosidl_typesupport_cExport-noconfig.cmake
[6.183s] -- Installing: /home/autolab/AutoSDV_HPC/install/interfaces_pkg/share/interfaces_pkg/cmake/export_interfaces_pkg__rosidl_generator_cppExport.cmake
[6.183s] -- Installing: /home/autolab/AutoSDV_HPC/install/interfaces_pkg/share/interfaces_pkg/cmake/export_interfaces_pkg__rosidl_typesupport_fastrtps_cppExport.cmake
[6.183s] -- Installing: /home/autolab/AutoSDV_HPC/install/interfaces_pkg/share/interfaces_pkg/cmake/export_interfaces_pkg__rosidl_typesupport_fastrtps_cppExport-noconfig.cmake
[6.184s] -- Installing: /home/autolab/AutoSDV_HPC/install/interfaces_pkg/share/interfaces_pkg/cmake/interfaces_pkg__rosidl_typesupport_introspection_cppExport.cmake
[6.184s] -- Installing: /home/autolab/AutoSDV_HPC/install/interfaces_pkg/share/interfaces_pkg/cmake/interfaces_pkg__rosidl_typesupport_introspection_cppExport-noconfig.cmake
[6.184s] -- Installing: /home/autolab/AutoSDV_HPC/install/interfaces_pkg/share/interfaces_pkg/cmake/interfaces_pkg__rosidl_typesupport_cppExport.cmake
[6.184s] -- Installing: /home/autolab/AutoSDV_HPC/install/interfaces_pkg/share/interfaces_pkg/cmake/interfaces_pkg__rosidl_typesupport_cppExport-noconfig.cmake
[6.184s] -- Installing: /home/autolab/AutoSDV_HPC/install/interfaces_pkg/share/interfaces_pkg/cmake/export_interfaces_pkg__rosidl_generator_pyExport.cmake
[6.184s] -- Installing: /home/autolab/AutoSDV_HPC/install/interfaces_pkg/share/interfaces_pkg/cmake/export_interfaces_pkg__rosidl_generator_pyExport-noconfig.cmake
[6.186s] Invoked command in '/home/autolab/AutoSDV_HPC/build/interfaces_pkg' returned '0': CMAKE_PREFIX_PATH=${CMAKE_PREFIX_PATH}:/opt/ros/humble:/home/autolab/AutoSDV_HPC/install/serial_communication_pkg:/home/autolab/AutoSDV_HPC/install/ota_update_manager:/home/autolab/AutoSDV_HPC/install/lidar_perception_pkg:/home/autolab/AutoSDV_HPC/install/data_collection_pkg:/home/autolab/AutoSDV_HPC/install/decision_making_pkg:/home/autolab/AutoSDV_HPC/install/debug_pkg:/home/autolab/AutoSDV_HPC/install/camera_perception_pkg /usr/bin/cmake --install /home/autolab/AutoSDV_HPC/build/interfaces_pkg
